 HIL_model_overall_sfun

 Timestamp is 538a3632 (Sat May 31 22:06:10 2014)

 Preferred load address is 0000000180000000

 Start         Length     Name                   Class
 0001:00000000 000b38b4H .text                   CODE
 0001:000b38c0 00000092H .text$x                 CODE
 0002:00000000 000004d0H .idata$5                DATA
 0002:000004d0 00000008H .CRT$XCA                DATA
 0002:000004d8 00000008H .CRT$XCZ                DATA
 0002:000004e0 00000008H .CRT$XIA                DATA
 0002:000004e8 00000008H .CRT$XIAA               DATA
 0002:000004f0 00000008H .CRT$XIZ                DATA
 0002:00000500 00004ebcH .rdata                  DATA
 0002:000053c0 00000008H .rtc$IAA                DATA
 0002:000053c8 00000008H .rtc$IZZ                DATA
 0002:000053d0 00000008H .rtc$TAA                DATA
 0002:000053d8 00000008H .rtc$TZZ                DATA
 0002:000053e0 00005f84H .xdata                  DATA
 0002:0000b364 000000a0H .idata$2                DATA
 0002:0000b404 00000014H .idata$3                DATA
 0002:0000b418 000004d0H .idata$4                DATA
 0002:0000b8e8 00000b58H .idata$6                DATA
 0002:0000c440 0000005cH .edata                  DATA
 0003:00000000 000173f8H .data                   DATA
 0003:00017400 00002498H .bss                    DATA
 0004:00000000 000056d0H .pdata                  DATA

  Address         Publics by Value              Rva+Base               Lib:Object

 0000:00000000       ___safe_se_handler_table   0000000000000000     <absolute>
 0000:00000000       ___safe_se_handler_count   0000000000000000     <absolute>
 0000:00000000       __ImageBase                0000000180000000     <linker-defined>
 0001:00000000       sf_c1_HIL_model_overall_get_eml_resolved_functions_info 0000000180001000 f   c1_HIL_model_overall.obj
 0001:00001270       sf_c1_HIL_model_overall_get_check_sum 0000000180002270 f   c1_HIL_model_overall.obj
 0001:000012f0       sf_c1_HIL_model_overall_get_autoinheritance_info 00000001800022f0 f   c1_HIL_model_overall.obj
 0001:00002000       sf_c1_HIL_model_overall_third_party_uses_info 0000000180003000 f   c1_HIL_model_overall.obj
 0001:00002030       sf_internal_get_sim_state_c1_HIL_model_overall 0000000180003030 f   c1_HIL_model_overall.obj
 0001:00002a20       sf_internal_set_sim_state_c1_HIL_model_overall 0000000180003a20 f   c1_HIL_model_overall.obj
 0001:000038c0       c1_HIL_model_overall_method_dispatcher 00000001800048c0 f   c1_HIL_model_overall.obj
 0001:000087f0       sf_c2_HIL_model_overall_get_eml_resolved_functions_info 00000001800097f0 f   c2_HIL_model_overall.obj
 0001:00008e80       sf_c2_HIL_model_overall_get_check_sum 0000000180009e80 f   c2_HIL_model_overall.obj
 0001:00008f00       sf_c2_HIL_model_overall_get_autoinheritance_info 0000000180009f00 f   c2_HIL_model_overall.obj
 0001:00009320       sf_c2_HIL_model_overall_third_party_uses_info 000000018000a320 f   c2_HIL_model_overall.obj
 0001:00009350       sf_internal_get_sim_state_c2_HIL_model_overall 000000018000a350 f   c2_HIL_model_overall.obj
 0001:00009710       sf_internal_set_sim_state_c2_HIL_model_overall 000000018000a710 f   c2_HIL_model_overall.obj
 0001:00009c00       c2_HIL_model_overall_method_dispatcher 000000018000ac00 f   c2_HIL_model_overall.obj
 0001:0000bd00       sf_c3_HIL_model_overall_get_eml_resolved_functions_info 000000018000cd00 f   c3_HIL_model_overall.obj
 0001:0000cae0       sf_c3_HIL_model_overall_get_check_sum 000000018000dae0 f   c3_HIL_model_overall.obj
 0001:0000cb60       sf_c3_HIL_model_overall_get_autoinheritance_info 000000018000db60 f   c3_HIL_model_overall.obj
 0001:0000d740       sf_c3_HIL_model_overall_third_party_uses_info 000000018000e740 f   c3_HIL_model_overall.obj
 0001:0000d770       sf_internal_get_sim_state_c3_HIL_model_overall 000000018000e770 f   c3_HIL_model_overall.obj
 0001:0000dd50       sf_internal_set_sim_state_c3_HIL_model_overall 000000018000ed50 f   c3_HIL_model_overall.obj
 0001:0000e420       c3_HIL_model_overall_method_dispatcher 000000018000f420 f   c3_HIL_model_overall.obj
 0001:00012740       sf_c4_HIL_model_overall_get_eml_resolved_functions_info 0000000180013740 f   c4_HIL_model_overall.obj
 0001:00013680       sf_c4_HIL_model_overall_get_check_sum 0000000180014680 f   c4_HIL_model_overall.obj
 0001:00013700       sf_c4_HIL_model_overall_get_autoinheritance_info 0000000180014700 f   c4_HIL_model_overall.obj
 0001:00014040       sf_c4_HIL_model_overall_third_party_uses_info 0000000180015040 f   c4_HIL_model_overall.obj
 0001:00014070       sf_internal_get_sim_state_c4_HIL_model_overall 0000000180015070 f   c4_HIL_model_overall.obj
 0001:000144b0       sf_internal_set_sim_state_c4_HIL_model_overall 00000001800154b0 f   c4_HIL_model_overall.obj
 0001:00014a70       c4_HIL_model_overall_method_dispatcher 0000000180015a70 f   c4_HIL_model_overall.obj
 0001:00018e80       sf_c5_HIL_model_overall_get_eml_resolved_functions_info 0000000180019e80 f   c5_HIL_model_overall.obj
 0001:00019370       sf_c5_HIL_model_overall_get_check_sum 000000018001a370 f   c5_HIL_model_overall.obj
 0001:000193f0       sf_c5_HIL_model_overall_get_autoinheritance_info 000000018001a3f0 f   c5_HIL_model_overall.obj
 0001:00019be0       sf_c5_HIL_model_overall_third_party_uses_info 000000018001abe0 f   c5_HIL_model_overall.obj
 0001:00019c10       sf_internal_get_sim_state_c5_HIL_model_overall 000000018001ac10 f   c5_HIL_model_overall.obj
 0001:00019f60       sf_internal_set_sim_state_c5_HIL_model_overall 000000018001af60 f   c5_HIL_model_overall.obj
 0001:0001a360       c5_HIL_model_overall_method_dispatcher 000000018001b360 f   c5_HIL_model_overall.obj
 0001:0001dd10       sf_c6_HIL_model_overall_get_eml_resolved_functions_info 000000018001ed10 f   c6_HIL_model_overall.obj
 0001:0001f110       sf_c6_HIL_model_overall_get_check_sum 0000000180020110 f   c6_HIL_model_overall.obj
 0001:0001f190       sf_c6_HIL_model_overall_get_autoinheritance_info 0000000180020190 f   c6_HIL_model_overall.obj
 0001:000203e0       sf_c6_HIL_model_overall_third_party_uses_info 00000001800213e0 f   c6_HIL_model_overall.obj
 0001:00020410       sf_internal_get_sim_state_c6_HIL_model_overall 0000000180021410 f   c6_HIL_model_overall.obj
 0001:00020bf0       sf_internal_set_sim_state_c6_HIL_model_overall 0000000180021bf0 f   c6_HIL_model_overall.obj
 0001:000211c0       c6_HIL_model_overall_method_dispatcher 00000001800221c0 f   c6_HIL_model_overall.obj
 0001:00029a00       sf_c7_HIL_model_overall_get_eml_resolved_functions_info 000000018002aa00 f   c7_HIL_model_overall.obj
 0001:0002a5a0       sf_c7_HIL_model_overall_get_check_sum 000000018002b5a0 f   c7_HIL_model_overall.obj
 0001:0002a620       sf_c7_HIL_model_overall_get_autoinheritance_info 000000018002b620 f   c7_HIL_model_overall.obj
 0001:0002b460       sf_c7_HIL_model_overall_third_party_uses_info 000000018002c460 f   c7_HIL_model_overall.obj
 0001:0002b490       sf_internal_get_sim_state_c7_HIL_model_overall 000000018002c490 f   c7_HIL_model_overall.obj
 0001:0002b850       sf_internal_set_sim_state_c7_HIL_model_overall 000000018002c850 f   c7_HIL_model_overall.obj
 0001:0002bcf0       c7_HIL_model_overall_method_dispatcher 000000018002ccf0 f   c7_HIL_model_overall.obj
 0001:00031990       sf_c8_HIL_model_overall_get_eml_resolved_functions_info 0000000180032990 f   c8_HIL_model_overall.obj
 0001:00032560       sf_c8_HIL_model_overall_get_check_sum 0000000180033560 f   c8_HIL_model_overall.obj
 0001:000325e0       sf_c8_HIL_model_overall_get_autoinheritance_info 00000001800335e0 f   c8_HIL_model_overall.obj
 0001:00033ab0       sf_c8_HIL_model_overall_third_party_uses_info 0000000180034ab0 f   c8_HIL_model_overall.obj
 0001:00033ae0       sf_internal_get_sim_state_c8_HIL_model_overall 0000000180034ae0 f   c8_HIL_model_overall.obj
 0001:00034320       sf_internal_set_sim_state_c8_HIL_model_overall 0000000180035320 f   c8_HIL_model_overall.obj
 0001:00034b30       c8_HIL_model_overall_method_dispatcher 0000000180035b30 f   c8_HIL_model_overall.obj
 0001:0003a9a0       sf_c9_HIL_model_overall_get_eml_resolved_functions_info 000000018003b9a0 f   c9_HIL_model_overall.obj
 0001:0003b570       sf_c9_HIL_model_overall_get_check_sum 000000018003c570 f   c9_HIL_model_overall.obj
 0001:0003b5f0       sf_c9_HIL_model_overall_get_autoinheritance_info 000000018003c5f0 f   c9_HIL_model_overall.obj
 0001:0003bf20       sf_c9_HIL_model_overall_third_party_uses_info 000000018003cf20 f   c9_HIL_model_overall.obj
 0001:0003bf50       sf_internal_get_sim_state_c9_HIL_model_overall 000000018003cf50 f   c9_HIL_model_overall.obj
 0001:0003c300       sf_internal_set_sim_state_c9_HIL_model_overall 000000018003d300 f   c9_HIL_model_overall.obj
 0001:0003c7a0       c9_HIL_model_overall_method_dispatcher 000000018003d7a0 f   c9_HIL_model_overall.obj
 0001:00040680       sf_c10_HIL_model_overall_get_eml_resolved_functions_info 0000000180041680 f   c10_HIL_model_overall.obj
 0001:00040d50       sf_c10_HIL_model_overall_get_check_sum 0000000180041d50 f   c10_HIL_model_overall.obj
 0001:00040dd0       sf_c10_HIL_model_overall_get_autoinheritance_info 0000000180041dd0 f   c10_HIL_model_overall.obj
 0001:000411f0       sf_c10_HIL_model_overall_third_party_uses_info 00000001800421f0 f   c10_HIL_model_overall.obj
 0001:00041220       sf_internal_get_sim_state_c10_HIL_model_overall 0000000180042220 f   c10_HIL_model_overall.obj
 0001:000415f0       sf_internal_set_sim_state_c10_HIL_model_overall 00000001800425f0 f   c10_HIL_model_overall.obj
 0001:00041ad0       c10_HIL_model_overall_method_dispatcher 0000000180042ad0 f   c10_HIL_model_overall.obj
 0001:00044010       sf_c11_HIL_model_overall_get_eml_resolved_functions_info 0000000180045010 f   c11_HIL_model_overall.obj
 0001:000444c0       sf_c11_HIL_model_overall_get_check_sum 00000001800454c0 f   c11_HIL_model_overall.obj
 0001:00044540       sf_c11_HIL_model_overall_get_autoinheritance_info 0000000180045540 f   c11_HIL_model_overall.obj
 0001:00044ab0       sf_c11_HIL_model_overall_third_party_uses_info 0000000180045ab0 f   c11_HIL_model_overall.obj
 0001:00044ae0       sf_internal_get_sim_state_c11_HIL_model_overall 0000000180045ae0 f   c11_HIL_model_overall.obj
 0001:00044e80       sf_internal_set_sim_state_c11_HIL_model_overall 0000000180045e80 f   c11_HIL_model_overall.obj
 0001:00045320       c11_HIL_model_overall_method_dispatcher 0000000180046320 f   c11_HIL_model_overall.obj
 0001:000475c0       sf_c12_HIL_model_overall_get_eml_resolved_functions_info 00000001800485c0 f   c12_HIL_model_overall.obj
 0001:00047f10       sf_c12_HIL_model_overall_get_check_sum 0000000180048f10 f   c12_HIL_model_overall.obj
 0001:00047f90       sf_c12_HIL_model_overall_get_autoinheritance_info 0000000180048f90 f   c12_HIL_model_overall.obj
 0001:00048640       sf_c12_HIL_model_overall_third_party_uses_info 0000000180049640 f   c12_HIL_model_overall.obj
 0001:00048670       sf_internal_get_sim_state_c12_HIL_model_overall 0000000180049670 f   c12_HIL_model_overall.obj
 0001:00048a20       sf_internal_set_sim_state_c12_HIL_model_overall 0000000180049a20 f   c12_HIL_model_overall.obj
 0001:00048ec0       c12_HIL_model_overall_method_dispatcher 0000000180049ec0 f   c12_HIL_model_overall.obj
 0001:0004ca20       sf_c13_HIL_model_overall_get_eml_resolved_functions_info 000000018004da20 f   c13_HIL_model_overall.obj
 0001:0004d570       sf_c13_HIL_model_overall_get_check_sum 000000018004e570 f   c13_HIL_model_overall.obj
 0001:0004d5f0       sf_c13_HIL_model_overall_get_autoinheritance_info 000000018004e5f0 f   c13_HIL_model_overall.obj
 0001:0004df30       sf_c13_HIL_model_overall_third_party_uses_info 000000018004ef30 f   c13_HIL_model_overall.obj
 0001:0004df60       sf_internal_get_sim_state_c13_HIL_model_overall 000000018004ef60 f   c13_HIL_model_overall.obj
 0001:0004e420       sf_internal_set_sim_state_c13_HIL_model_overall 000000018004f420 f   c13_HIL_model_overall.obj
 0001:0004e970       c13_HIL_model_overall_method_dispatcher 000000018004f970 f   c13_HIL_model_overall.obj
 0001:00052430       sf_c14_HIL_model_overall_get_eml_resolved_functions_info 0000000180053430 f   c14_HIL_model_overall.obj
 0001:00052ad0       sf_c14_HIL_model_overall_get_check_sum 0000000180053ad0 f   c14_HIL_model_overall.obj
 0001:00052b50       sf_c14_HIL_model_overall_get_autoinheritance_info 0000000180053b50 f   c14_HIL_model_overall.obj
 0001:000530c0       sf_c14_HIL_model_overall_third_party_uses_info 00000001800540c0 f   c14_HIL_model_overall.obj
 0001:000530f0       sf_internal_get_sim_state_c14_HIL_model_overall 00000001800540f0 f   c14_HIL_model_overall.obj
 0001:000535b0       sf_internal_set_sim_state_c14_HIL_model_overall 00000001800545b0 f   c14_HIL_model_overall.obj
 0001:00053b40       c14_HIL_model_overall_method_dispatcher 0000000180054b40 f   c14_HIL_model_overall.obj
 0001:00056690       sf_c15_HIL_model_overall_get_eml_resolved_functions_info 0000000180057690 f   c15_HIL_model_overall.obj
 0001:00056710       sf_c15_HIL_model_overall_get_check_sum 0000000180057710 f   c15_HIL_model_overall.obj
 0001:00056790       sf_c15_HIL_model_overall_get_autoinheritance_info 0000000180057790 f   c15_HIL_model_overall.obj
 0001:00056f90       sf_c15_HIL_model_overall_third_party_uses_info 0000000180057f90 f   c15_HIL_model_overall.obj
 0001:00056fc0       sf_internal_get_sim_state_c15_HIL_model_overall 0000000180057fc0 f   c15_HIL_model_overall.obj
 0001:00057440       sf_internal_set_sim_state_c15_HIL_model_overall 0000000180058440 f   c15_HIL_model_overall.obj
 0001:00057990       c15_HIL_model_overall_method_dispatcher 0000000180058990 f   c15_HIL_model_overall.obj
 0001:0005a290       sf_c16_HIL_model_overall_get_eml_resolved_functions_info 000000018005b290 f   c16_HIL_model_overall.obj
 0001:0005ade0       sf_c16_HIL_model_overall_get_check_sum 000000018005bde0 f   c16_HIL_model_overall.obj
 0001:0005ae60       sf_c16_HIL_model_overall_get_autoinheritance_info 000000018005be60 f   c16_HIL_model_overall.obj
 0001:0005b650       sf_c16_HIL_model_overall_third_party_uses_info 000000018005c650 f   c16_HIL_model_overall.obj
 0001:0005b680       sf_internal_get_sim_state_c16_HIL_model_overall 000000018005c680 f   c16_HIL_model_overall.obj
 0001:0005ba40       sf_internal_set_sim_state_c16_HIL_model_overall 000000018005ca40 f   c16_HIL_model_overall.obj
 0001:0005bee0       c16_HIL_model_overall_method_dispatcher 000000018005cee0 f   c16_HIL_model_overall.obj
 0001:0005ee20       sf_c17_HIL_model_overall_get_eml_resolved_functions_info 000000018005fe20 f   c17_HIL_model_overall.obj
 0001:0005f510       sf_c17_HIL_model_overall_get_check_sum 0000000180060510 f   c17_HIL_model_overall.obj
 0001:0005f590       sf_c17_HIL_model_overall_get_autoinheritance_info 0000000180060590 f   c17_HIL_model_overall.obj
 0001:0005fb00       sf_c17_HIL_model_overall_third_party_uses_info 0000000180060b00 f   c17_HIL_model_overall.obj
 0001:0005fb30       sf_internal_get_sim_state_c17_HIL_model_overall 0000000180060b30 f   c17_HIL_model_overall.obj
 0001:0005fe80       sf_internal_set_sim_state_c17_HIL_model_overall 0000000180060e80 f   c17_HIL_model_overall.obj
 0001:00060280       c17_HIL_model_overall_method_dispatcher 0000000180061280 f   c17_HIL_model_overall.obj
 0001:000622d0       sf_c18_HIL_model_overall_get_eml_resolved_functions_info 00000001800632d0 f   c18_HIL_model_overall.obj
 0001:00062970       sf_c18_HIL_model_overall_get_check_sum 0000000180063970 f   c18_HIL_model_overall.obj
 0001:000629f0       sf_c18_HIL_model_overall_get_autoinheritance_info 00000001800639f0 f   c18_HIL_model_overall.obj
 0001:000630a0       sf_c18_HIL_model_overall_third_party_uses_info 00000001800640a0 f   c18_HIL_model_overall.obj
 0001:000630d0       sf_internal_get_sim_state_c18_HIL_model_overall 00000001800640d0 f   c18_HIL_model_overall.obj
 0001:00063420       sf_internal_set_sim_state_c18_HIL_model_overall 0000000180064420 f   c18_HIL_model_overall.obj
 0001:00063820       c18_HIL_model_overall_method_dispatcher 0000000180064820 f   c18_HIL_model_overall.obj
 0001:00065a80       sf_c19_HIL_model_overall_get_eml_resolved_functions_info 0000000180066a80 f   c19_HIL_model_overall.obj
 0001:00066490       sf_c19_HIL_model_overall_get_check_sum 0000000180067490 f   c19_HIL_model_overall.obj
 0001:00066510       sf_c19_HIL_model_overall_get_autoinheritance_info 0000000180067510 f   c19_HIL_model_overall.obj
 0001:00066a80       sf_c19_HIL_model_overall_third_party_uses_info 0000000180067a80 f   c19_HIL_model_overall.obj
 0001:00066ab0       sf_internal_get_sim_state_c19_HIL_model_overall 0000000180067ab0 f   c19_HIL_model_overall.obj
 0001:00066e00       sf_internal_set_sim_state_c19_HIL_model_overall 0000000180067e00 f   c19_HIL_model_overall.obj
 0001:00067200       c19_HIL_model_overall_method_dispatcher 0000000180068200 f   c19_HIL_model_overall.obj
 0001:00068fc0       sf_c20_HIL_model_overall_get_eml_resolved_functions_info 0000000180069fc0 f   c20_HIL_model_overall.obj
 0001:000699c0       sf_c20_HIL_model_overall_get_check_sum 000000018006a9c0 f   c20_HIL_model_overall.obj
 0001:00069a40       sf_c20_HIL_model_overall_get_autoinheritance_info 000000018006aa40 f   c20_HIL_model_overall.obj
 0001:00069fb0       sf_c20_HIL_model_overall_third_party_uses_info 000000018006afb0 f   c20_HIL_model_overall.obj
 0001:00069fe0       sf_internal_get_sim_state_c20_HIL_model_overall 000000018006afe0 f   c20_HIL_model_overall.obj
 0001:0006a330       sf_internal_set_sim_state_c20_HIL_model_overall 000000018006b330 f   c20_HIL_model_overall.obj
 0001:0006a730       c20_HIL_model_overall_method_dispatcher 000000018006b730 f   c20_HIL_model_overall.obj
 0001:0006ca90       sf_c25_HIL_model_overall_get_eml_resolved_functions_info 000000018006da90 f   c25_HIL_model_overall.obj
 0001:0006d1f0       sf_c25_HIL_model_overall_get_check_sum 000000018006e1f0 f   c25_HIL_model_overall.obj
 0001:0006d270       sf_c25_HIL_model_overall_get_autoinheritance_info 000000018006e270 f   c25_HIL_model_overall.obj
 0001:0006da70       sf_c25_HIL_model_overall_third_party_uses_info 000000018006ea70 f   c25_HIL_model_overall.obj
 0001:0006daa0       sf_internal_get_sim_state_c25_HIL_model_overall 000000018006eaa0 f   c25_HIL_model_overall.obj
 0001:0006df60       sf_internal_set_sim_state_c25_HIL_model_overall 000000018006ef60 f   c25_HIL_model_overall.obj
 0001:0006e4b0       c25_HIL_model_overall_method_dispatcher 000000018006f4b0 f   c25_HIL_model_overall.obj
 0001:00071170       sf_c26_HIL_model_overall_get_eml_resolved_functions_info 0000000180072170 f   c26_HIL_model_overall.obj
 0001:00071d60       sf_c26_HIL_model_overall_get_check_sum 0000000180072d60 f   c26_HIL_model_overall.obj
 0001:00071de0       sf_c26_HIL_model_overall_get_autoinheritance_info 0000000180072de0 f   c26_HIL_model_overall.obj
 0001:00072350       sf_c26_HIL_model_overall_third_party_uses_info 0000000180073350 f   c26_HIL_model_overall.obj
 0001:00072380       sf_internal_get_sim_state_c26_HIL_model_overall 0000000180073380 f   c26_HIL_model_overall.obj
 0001:00072730       sf_internal_set_sim_state_c26_HIL_model_overall 0000000180073730 f   c26_HIL_model_overall.obj
 0001:00072bd0       c26_HIL_model_overall_method_dispatcher 0000000180073bd0 f   c26_HIL_model_overall.obj
 0001:00075be0       sf_c27_HIL_model_overall_get_eml_resolved_functions_info 0000000180076be0 f   c27_HIL_model_overall.obj
 0001:00076350       sf_c27_HIL_model_overall_get_check_sum 0000000180077350 f   c27_HIL_model_overall.obj
 0001:000763d0       sf_c27_HIL_model_overall_get_autoinheritance_info 00000001800773d0 f   c27_HIL_model_overall.obj
 0001:00076bd0       sf_c27_HIL_model_overall_third_party_uses_info 0000000180077bd0 f   c27_HIL_model_overall.obj
 0001:00076c00       sf_internal_get_sim_state_c27_HIL_model_overall 0000000180077c00 f   c27_HIL_model_overall.obj
 0001:00077010       sf_internal_set_sim_state_c27_HIL_model_overall 0000000180078010 f   c27_HIL_model_overall.obj
 0001:00077450       c27_HIL_model_overall_method_dispatcher 0000000180078450 f   c27_HIL_model_overall.obj
 0001:00079910       sf_c28_HIL_model_overall_get_eml_resolved_functions_info 000000018007a910 f   c28_HIL_model_overall.obj
 0001:0007a0b0       sf_c28_HIL_model_overall_get_check_sum 000000018007b0b0 f   c28_HIL_model_overall.obj
 0001:0007a130       sf_c28_HIL_model_overall_get_autoinheritance_info 000000018007b130 f   c28_HIL_model_overall.obj
 0001:0007b0c0       sf_c28_HIL_model_overall_third_party_uses_info 000000018007c0c0 f   c28_HIL_model_overall.obj
 0001:0007b0f0       sf_internal_get_sim_state_c28_HIL_model_overall 000000018007c0f0 f   c28_HIL_model_overall.obj
 0001:0007b590       sf_internal_set_sim_state_c28_HIL_model_overall 000000018007c590 f   c28_HIL_model_overall.obj
 0001:0007bae0       c28_HIL_model_overall_method_dispatcher 000000018007cae0 f   c28_HIL_model_overall.obj
 0001:00080130       sf_process_check_sum_call  0000000180081130 f   HIL_model_overall_sfun_registry.obj
 0001:00080180       sf_process_autoinheritance_call 0000000180081180 f   HIL_model_overall_sfun_registry.obj
 0001:00080320       sf_process_get_third_party_uses_info_call 0000000180081320 f   HIL_model_overall_sfun_registry.obj
 0001:000804c0       sf_process_get_eml_resolved_functions_info_call 00000001800814c0 f   HIL_model_overall_sfun_registry.obj
 0001:00080640       sf_mex_unlock_call         0000000180081640 f   HIL_model_overall_sfun_registry.obj
 0001:000806f0       sf_machine_global_initializer_called 00000001800816f0 f   HIL_model_overall_sfun_registry.obj
 0001:00080720       sf_machine_global_method_dispatcher 0000000180081720 f   HIL_model_overall_sfun_registry.obj
 0001:00080780       sf_machine_global_terminator 0000000180081780 f   HIL_model_overall_sfun_registry.obj
 0001:000807d0       sf_register_machine_exported_symbols 00000001800817d0 f   HIL_model_overall_sfun_registry.obj
 0001:000807f0       callCustomFcn              00000001800817f0 f   HIL_model_overall_sfun_registry.obj
 0001:00080800       sf_machine_global_initializer 0000000180081800 f   HIL_model_overall_sfun_registry.obj
 0001:00080880       _ssSetStateAbsTol          0000000180081880 f   HIL_model_overall_sfun_registry.obj
 0001:00080960       _ssGetAbsTol               0000000180081960 f   HIL_model_overall_sfun_registry.obj
 0001:000809d0       _ssSetInputPortMatrixDimensions 00000001800819d0 f   HIL_model_overall_sfun_registry.obj
 0001:00080ae0       _ssSetOutputPortMatrixDimensions 0000000180081ae0 f   HIL_model_overall_sfun_registry.obj
 0001:00080bf0       _ssSetInputPortVectorDimension 0000000180081bf0 f   HIL_model_overall_sfun_registry.obj
 0001:00080cc0       _ssSetOutputPortVectorDimension 0000000180081cc0 f   HIL_model_overall_sfun_registry.obj
 0001:00080d90       ssIsRunTimeParamTunable    0000000180081d90 f   HIL_model_overall_sfun_registry.obj
 0001:00080e00       ssGetSFuncBlockHandle      0000000180081e00 f   HIL_model_overall_sfun_registry.obj
 0001:00080e70       _ssGetCurrentInputPortWidth 0000000180081e70 f   HIL_model_overall_sfun_registry.obj
 0001:00080f90       _ssGetCurrentOutputPortWidth 0000000180081f90 f   HIL_model_overall_sfun_registry.obj
 0001:000810b0       _ssGetCallSystemNumFcnCallDestinations 00000001800820b0 f   HIL_model_overall_sfun_registry.obj
 0001:00081120       ssWarning                  0000000180082120 f   HIL_model_overall_sfun_registry.obj
 0001:00081230       ssGetIsZeroCrossControlDisabled 0000000180082230 f   HIL_model_overall_sfun_registry.obj
 0001:000812a0       ssSetIsInputPortUsedForContZcSignal 00000001800822a0 f   HIL_model_overall_sfun_registry.obj
 0001:00081310       ssSetZcSignalIsZcElementDisc 0000000180082310 f   HIL_model_overall_sfun_registry.obj
 0001:000813c0       ssSetZcSignalName          00000001800823c0 f   HIL_model_overall_sfun_registry.obj
 0001:00081430       ssSetZcSignalWidth         0000000180082430 f   HIL_model_overall_sfun_registry.obj
 0001:000814a0       ssSetZcSignalZcEventType   00000001800824a0 f   HIL_model_overall_sfun_registry.obj
 0001:00081510       ssSetZcSignalType          0000000180082510 f   HIL_model_overall_sfun_registry.obj
 0001:00081580       ssSetZcSignalZcTol         0000000180082580 f   HIL_model_overall_sfun_registry.obj
 0001:000815f0       ssSetZcSignalNeedsEventNotification 00000001800825f0 f   HIL_model_overall_sfun_registry.obj
 0001:00081660       ssCreateAndAddZcSignalInfo 0000000180082660 f   HIL_model_overall_sfun_registry.obj
 0001:000816d0       ssCloneAndAddZcSignalInfo  00000001800826d0 f   HIL_model_overall_sfun_registry.obj
 0001:00081740       ssGetNumZcSignals          0000000180082740 f   HIL_model_overall_sfun_registry.obj
 0001:000817b0       ssGetZcSignalVector        00000001800827b0 f   HIL_model_overall_sfun_registry.obj
 0001:00081820       ssGetZcSignalZcEvents      0000000180082820 f   HIL_model_overall_sfun_registry.obj
 0001:00081890       ssGetZcSignalName          0000000180082890 f   HIL_model_overall_sfun_registry.obj
 0001:00081900       ssGetZcSignalWidth         0000000180082900 f   HIL_model_overall_sfun_registry.obj
 0001:00081970       ssGetZcSignalZcEventType   0000000180082970 f   HIL_model_overall_sfun_registry.obj
 0001:000819e0       ssGetZcSignalType          00000001800829e0 f   HIL_model_overall_sfun_registry.obj
 0001:00081a50       ssGetZcSignalZcTol         0000000180082a50 f   HIL_model_overall_sfun_registry.obj
 0001:00081ad0       ssGetZcSignalNeedsEventNotification 0000000180082ad0 f   HIL_model_overall_sfun_registry.obj
 0001:00081b40       ssGetZcSignalIsZcElementDisc 0000000180082b40 f   HIL_model_overall_sfun_registry.obj
 0001:00081be0       ssGetIsInputPortElementContinuous 0000000180082be0 f   HIL_model_overall_sfun_registry.obj
 0001:00081c80       _ssGetInputPortSignalPtrsFcn 0000000180082c80 f   HIL_model_overall_sfun_registry.obj
 0001:00081f40       _ssGetInputPortSignalFcn   0000000180082f40 f   HIL_model_overall_sfun_registry.obj
 0001:00082160       _ssSetInputPortDirectFeedThroughFcn 0000000180083160 f   HIL_model_overall_sfun_registry.obj
 0001:000822c0       _ssSetInputPortReusableFcn 00000001800832c0 f   HIL_model_overall_sfun_registry.obj
 0001:000823b0       _ssSetOutputPortReusableFcn 00000001800833b0 f   HIL_model_overall_sfun_registry.obj
 0001:00082490       ssGetDTypeIdFromMxArray    0000000180083490 f   HIL_model_overall_sfun_registry.obj
 0001:000825b0       ssWriteRTWStr              00000001800835b0 f   HIL_model_overall_sfun_registry.obj
 0001:00082610       ssWriteRTWMxVectParam      0000000180083610 f   HIL_model_overall_sfun_registry.obj
 0001:00082670       ssWriteRTWMx2dMatParam     0000000180083670 f   HIL_model_overall_sfun_registry.obj
 0001:000826f0       ssWriteRTWNameValuePair    00000001800836f0 f   HIL_model_overall_sfun_registry.obj
 0001:00082be0       ssWriteRTWParameters       0000000180083be0 f   HIL_model_overall_sfun_registry.obj
 0001:000831e0       ssWriteRTWParamSettings    00000001800841e0 f   HIL_model_overall_sfun_registry.obj
 0001:000838b0       ssWriteRTWWorkVect         00000001800848b0 f   HIL_model_overall_sfun_registry.obj
 0001:00083db0       mexFunction                0000000180084db0 f   HIL_model_overall_sfun_registry.obj
 0001:00085ae0       ProcessMexSfunctionEveryCall 0000000180086ae0 f   HIL_model_overall_sfun_registry.obj
 0001:00085c50       HIL_model_overall_initializer 0000000180086c50 f   HIL_model_overall_sfun.obj
 0001:00085c60       HIL_model_overall_terminator 0000000180086c60 f   HIL_model_overall_sfun.obj
 0001:00085c70       sf_HIL_model_overall_method_dispatcher 0000000180086c70 f   HIL_model_overall_sfun.obj
 0001:00085ff0       sf_HIL_model_overall_process_check_sum_call 0000000180086ff0 f   HIL_model_overall_sfun.obj
 0001:000865f0       sf_HIL_model_overall_autoinheritance_info 00000001800875f0 f   HIL_model_overall_sfun.obj
 0001:00086e40       sf_HIL_model_overall_get_eml_resolved_functions_info 0000000180087e40 f   HIL_model_overall_sfun.obj
 0001:000874f0       sf_HIL_model_overall_third_party_uses_info 00000001800884f0 f   HIL_model_overall_sfun.obj
 0001:00087aa0       HIL_model_overall_debug_initialize 0000000180088aa0 f   HIL_model_overall_sfun.obj
 0001:00087b20       HIL_model_overall_register_exported_symbols 0000000180088b20 f   HIL_model_overall_sfun.obj
 0001:00087b30       load_HIL_model_overall_optimization_info 0000000180088b30 f   HIL_model_overall_sfun.obj
 0001:00087b80       unload_HIL_model_overall_optimization_info 0000000180088b80 f   HIL_model_overall_sfun.obj
 0001:00087ca0       sf_mex_mx_is_numeric       0000000180088ca0 f   sfc_mex:sfc_mex.obj
 0001:00087ce0       strcmp_ignore_ws           0000000180088ce0 f   sfc_mex:sfc_mex.obj
 0001:00087e20       sf_mex_duplicatearraysafe  0000000180088e20 f   sfc_mex:sfc_mex.obj
 0001:00087f80       sf_set_error_debugger_context_message_fcn 0000000180088f80 f   sfc_mex:sfc_mex.obj
 0001:00087f90       sf_set_debugger_matlab_error_fcn 0000000180088f90 f   sfc_mex:sfc_mex.obj
 0001:00087fd0       sf_set_error_prefix_string 0000000180088fd0 f   sfc_mex:sfc_mex.obj
 0001:00088000       sf_get_error_prefix_string 0000000180089000 f   sfc_mex:sfc_mex.obj
 0001:00088010       sf_mex_enter_parallel_region 0000000180089010 f   sfc_mex:sfc_mex.obj
 0001:00088020       sf_mex_exit_parallel_region 0000000180089020 f   sfc_mex:sfc_mex.obj
 0001:00088030       sf_get_current_jmp_buf_ptr 0000000180089030 f   sfc_mex:sfc_mex.obj
 0001:00088040       sf_set_current_jmp_buf_ptr 0000000180089040 f   sfc_mex:sfc_mex.obj
 0001:00088050       sf_mex_set_halt_simulation 0000000180089050 f   sfc_mex:sfc_mex.obj
 0001:00088060       sf_mex_get_halt_simulation 0000000180089060 f   sfc_mex:sfc_mex.obj
 0001:00088070       sf_mex_clear_error_message 0000000180089070 f   sfc_mex:sfc_mex.obj
 0001:00088090       sf_mex_get_error_message_for_read 0000000180089090 f   sfc_mex:sfc_mex.obj
 0001:000880a0       sf_mex_get_error_message_buffer_length 00000001800890a0 f   sfc_mex:sfc_mex.obj
 0001:00088180       sf_mex_warning_message     0000000180089180 f   sfc_mex:sfc_mex.obj
 0001:000881f0       sf_mex_v_errbuf_createf    00000001800891f0 f   sfc_mex:sfc_mex.obj
 0001:00088200       sf_mex_errbuf_createf      0000000180089200 f   sfc_mex:sfc_mex.obj
 0001:00088230       sf_mex_v_errbuf_catf       0000000180089230 f   sfc_mex:sfc_mex.obj
 0001:00088270       sf_mex_errbuf_catf         0000000180089270 f   sfc_mex:sfc_mex.obj
 0001:000882c0       sf_mex_errbuf_copy         00000001800892c0 f   sfc_mex:sfc_mex.obj
 0001:000882d0       sf_mex_errbuf_clear        00000001800892d0 f   sfc_mex:sfc_mex.obj
 0001:000882e0       sf_mex_errbuf_isempty      00000001800892e0 f   sfc_mex:sfc_mex.obj
 0001:000883e0       sf_mex_set_error_status    00000001800893e0 f   sfc_mex:sfc_mex.obj
 0001:00088430       sf_mex_error_direct_call   0000000180089430 f   sfc_mex:sfc_mex.obj
 0001:00088450       sf_mex_error_message_no_long_jump 0000000180089450 f   sfc_mex:sfc_mex.obj
 0001:00088470       sf_mex_long_jump_on_error  0000000180089470 f   sfc_mex:sfc_mex.obj
 0001:000884a0       sf_mex_call_matlab         00000001800894a0 f   sfc_mex:sfc_mex.obj
 0001:000885c0       sf_mex_check_builtin       00000001800895c0 f   sfc_mex:sfc_mex.obj
 0001:00088660       sf_mex_check_builtin_vs    0000000180089660 f   sfc_mex:sfc_mex.obj
 0001:00088720       sf_mex_check_enum          0000000180089720 f   sfc_mex:sfc_mex.obj
 0001:000887a0       sf_mex_create_enum         00000001800897a0 f   sfc_mex:sfc_mex.obj
 0001:00088810       sf_mex_get_enum_element    0000000180089810 f   sfc_mex:sfc_mex.obj
 0001:00088820       sf_mex_createcellarray     0000000180089820 f   sfc_mex:sfc_mex.obj
 0001:00088830       sf_mex_setcell             0000000180089830 f   sfc_mex:sfc_mex.obj
 0001:00088840       sf_mex_getcell             0000000180089840 f   sfc_mex:sfc_mex.obj
 0001:00088850       sf_mex_dup                 0000000180089850 f   sfc_mex:sfc_mex.obj
 0001:00088870       sf_mex_assign              0000000180089870 f   sfc_mex:sfc_mex.obj
 0001:000888f0       sf_mex_destroy             00000001800898f0 f   sfc_mex:sfc_mex.obj
 0001:00088920       mx_array_has_fi_type       0000000180089920 f   sfc_mex:sfc_mex.obj
 0001:00088950       sf_mex_convert_from_fi     0000000180089950 f   sfc_mex:sfc_mex.obj
 0001:00088a80       sf_mex_convert_to_double   0000000180089a80 f   sfc_mex:sfc_mex.obj
 0001:00088ba0       sf_mex_import_fi_vs        0000000180089ba0 f   sfc_mex:sfc_mex.obj
 0001:00088dd0       sf_matrix_matrix_index_ok  0000000180089dd0 f   sfc_mex:sfc_mex.obj
 0001:00088e60       sf_vector_vector_index_ok  0000000180089e60 f   sfc_mex:sfc_mex.obj
 0001:00088e90       ssGetCurrentInputPortDimensions_wrapper 0000000180089e90 f   sfc_mex:sfc_mex.obj
 0001:00088eb0       ssGetCurrentOutputPortDimensions_wrapper 0000000180089eb0 f   sfc_mex:sfc_mex.obj
 0001:00088ed0       sf_mex_emlrt_context_is_debug_mode 0000000180089ed0 f   sfc_mex:sfc_mex.obj
 0001:00088ee0       sf_mex_emlrt_context_set_debug_mode 0000000180089ee0 f   sfc_mex:sfc_mex.obj
 0001:00088ef0       sf_mex_emlrtNameCapturePostProcessR2012a 0000000180089ef0 f   sfc_mex:sfc_mex.obj
 0001:00088f60       sf_clear_error_manager_info 0000000180089f60 f   sfc_mex:sfc_mex.obj
 0001:00088fc0       sf_mex_stop_simulation_abruptly_wo_error 0000000180089fc0 f   sfc_mex:sfc_mex.obj
 0001:00089000       sf_mex_error_message       000000018008a000 f   sfc_mex:sfc_mex.obj
 0001:00089070       sf_react_to_error_in_matlab_call 000000018008a070 f   sfc_mex:sfc_mex.obj
 0001:000890a0       sf_mex_addfield            000000018008a0a0 f   sfc_mex:sfc_mex.obj
 0001:00089140       sf_mex_getfield            000000018008a140 f   sfc_mex:sfc_mex.obj
 0001:00089440       sf_mex_check_class         000000018008a440 f   sfc_mex:sfc_mex.obj
 0001:000894e0       sf_mex_is_real             000000018008a4e0 f   sfc_mex:sfc_mex.obj
 0001:00089950       sf_mex_decode_encoded_mx_struct_array 000000018008a950 f   sfc_mex:sfc_mex.obj
 0001:00089c40       sf_mex_lw_bounds_check     000000018008ac40 f   sfc_mex:sfc_mex.obj
 0001:00089c70       sf_mex_lw_size_eq_check_1d 000000018008ac70 f   sfc_mex:sfc_mex.obj
 0001:00089c90       sf_mex_lw_size_eq_check_nd 000000018008ac90 f   sfc_mex:sfc_mex.obj
 0001:00089e70       sf_mex_lw_dim_size_eq_check 000000018008ae70 f   sfc_mex:sfc_mex.obj
 0001:00089ea0       sf_mex_lw_dim_size_geq_check 000000018008aea0 f   sfc_mex:sfc_mex.obj
 0001:00089ed0       sf_mex_lw_sub_assign_size_check_nd 000000018008aed0 f   sfc_mex:sfc_mex.obj
 0001:0008a0a0       sf_mex_lw_runtime_error_msgid 000000018008b0a0 f   sfc_mex:sfc_mex.obj
 0001:0008a190       sf_mex_lw_matrix_matrix_index_check 000000018008b190 f   sfc_mex:sfc_mex.obj
 0001:0008a1b0       sf_mex_lw_vector_vector_index_check 000000018008b1b0 f   sfc_mex:sfc_mex.obj
 0001:0008a1f0       sf_mex_lw_for_loop_vector_check 000000018008b1f0 f   sfc_mex:sfc_mex.obj
 0001:0008a280       sf_mex_lw_non_negative_check 000000018008b280 f   sfc_mex:sfc_mex.obj
 0001:0008a2c0       sf_mex_overflow_error      000000018008b2c0 f   sfc_mex:sfc_mex.obj
 0001:0008a2d0       sf_mex_dividebyzero_error  000000018008b2d0 f   sfc_mex:sfc_mex.obj
 0001:0008a2e0       sf_mex_unsafe_enum_error   000000018008b2e0 f   sfc_mex:sfc_mex.obj
 0001:0008a2f0       sf_emlrtErrHandler         000000018008b2f0 f   sfc_mex:sfc_mex.obj
 0001:0008a3d0       sf_mex_size_one_check      000000018008b3d0 f   sfc_mex:sfc_mex.obj
 0001:0008a3f0       sf_mex_printf              000000018008b3f0 f   sfc_mex:sfc_mex.obj
 0001:0008a5c0       sf_mex_check_size          000000018008b5c0 f   sfc_mex:sfc_mex.obj
 0001:0008a860       sf_mex_check_struct        000000018008b860 f   sfc_mex:sfc_mex.obj
 0001:0008aac0       sf_mex_check_struct_vs     000000018008bac0 f   sfc_mex:sfc_mex.obj
 0001:0008ab50       sf_mex_check_fi            000000018008bb50 f   sfc_mex:sfc_mex.obj
 0001:0008ac50       sf_mex_check_fi_vs         000000018008bc50 f   sfc_mex:sfc_mex.obj
 0001:0008acf0       sf_echo_expression         000000018008bcf0 f   sfc_mex:sfc_mex.obj
 0001:0008ad50       sf_assertion_failed        000000018008bd50 f   sfc_mex:sfc_mex.obj
 0001:0008b030       sf_mex_evalin              000000018008c030 f   sfc_mex:sfc_mex.obj
 0001:0008b2a0       sf_mex_export              000000018008c2a0 f   sfc_mex:sfc_mex.obj
 0001:0008b360       sf_mex_get_ml_var_no_error 000000018008c360 f   sfc_mex:sfc_mex.obj
 0001:0008b500       sf_mex_get_ml_var          000000018008c500 f   sfc_mex:sfc_mex.obj
 0001:0008b990       ml_set_element_value_in_array 000000018008c990 f   sfc_mex:sfc_mex.obj
 0001:0008ca50       sf_mex_call_impl           000000018008da50 f   sfc_mex:sfc_mex.obj
 0001:0008ce70       sf_mex_call_debug          000000018008de70 f   sfc_mex:sfc_mex.obj
 0001:0008cea0       sf_mex_call                000000018008dea0 f   sfc_mex:sfc_mex.obj
 0001:0008d4f0       sf_mex_createstruct        000000018008e4f0 f   sfc_mex:sfc_mex.obj
 0001:0008d600       sf_mex_createstructarray   000000018008e600 f   sfc_mex:sfc_mex.obj
 0001:0008d680       sf_mex_get_mx_datatype_from_sf_datatype 000000018008e680 f   sfc_mex:sfc_mex.obj
 0001:0008d990       sf_mex_ml_var_sub          000000018008e990 f   sfc_mex:sfc_mex.obj
 0001:0008db70       sf_mex_ml_var_subsasgn     000000018008eb70 f   sfc_mex:sfc_mex.obj
 0001:0008df70       sf_mex_sub                 000000018008ef70 f   sfc_mex:sfc_mex.obj
 0001:0008e180       sf_mex_subsasgn            000000018008f180 f   sfc_mex:sfc_mex.obj
 0001:0008e690       sf_mex_create              000000018008f690 f   sfc_mex:sfc_mex.obj
 0001:0008f030       sf_mex_import_named        0000000180090030 f   sfc_mex:sfc_mex.obj
 0001:0008f090       sf_mex_import              0000000180090090 f   sfc_mex:sfc_mex.obj
 0001:0008f0e0       sf_mex_import_vs           00000001800900e0 f   sfc_mex:sfc_mex.obj
 0001:0008f1f0       sf_mex_lower_fixpt_mx_array 00000001800901f0 f   sfc_mex:sfc_mex.obj
 0001:0008f4f0       sf_send_message_wrapper    00000001800904f0 f   sfc_mex:sfc_sf.obj
 0001:0008f520       sf_receive_message_wrapper 0000000180090520 f   sfc_mex:sfc_sf.obj
 0001:0008f560       sf_check_out_message_wrapper 0000000180090560 f   sfc_mex:sfc_sf.obj
 0001:0008f5a0       sf_check_in_message_wrapper 00000001800905a0 f   sfc_mex:sfc_sf.obj
 0001:0008f5e0       sf_no_message_wrapper      00000001800905e0 f   sfc_mex:sfc_sf.obj
 0001:0008f970       sim_mode_is_rtw_gen        0000000180090970 f   sfc_mex:sfc_sf.obj
 0001:0008f9a0       sim_mode_is_external       00000001800909a0 f   sfc_mex:sfc_sf.obj
 0001:0008f9b0       sim_mode_is_modelref_sim   00000001800909b0 f   sfc_mex:sfc_sf.obj
 0001:0008f9d0       mdlInitializeSizes         00000001800909d0 f   sfc_mex:sfc_sf.obj
 0001:0008f9f0       mdlInitializeSampleTimes   00000001800909f0 f   sfc_mex:sfc_sf.obj
 0001:0008fa30       mdlZeroCrossings           0000000180090a30 f   sfc_mex:sfc_sf.obj
 0001:0008fb20       mdlDerivatives             0000000180090b20 f   sfc_mex:sfc_sf.obj
 0001:0008fbe0       mdl_initialize_conditions_processing 0000000180090be0 f   sfc_mex:sfc_sf.obj
 0001:0008fc10       mdlInitializeConditions    0000000180090c10 f   sfc_mex:sfc_sf.obj
 0001:0008fcd0       mdlGetSimState             0000000180090cd0 f   sfc_mex:sfc_sf.obj
 0001:0008fce0       mdlSetSimState             0000000180090ce0 f   sfc_mex:sfc_sf.obj
 0001:0008fcf0       mdl_ext_mode_exec_processing 0000000180090cf0 f   sfc_mex:sfc_sf.obj
 0001:0008fd10       mdlExtModeExec             0000000180090d10 f   sfc_mex:sfc_sf.obj
 0001:0008feb0       mdlTerminate               0000000180090eb0 f   sfc_mex:sfc_sf.obj
 0001:0008ff20       mdlRTW                     0000000180090f20 f   sfc_mex:sfc_sf.obj
 0001:0008ff50       mdlSetWorkWidths           0000000180090f50 f   sfc_mex:sfc_sf.obj
 0001:0008ff60       mdlProcessParameters       0000000180090f60 f   sfc_mex:sfc_sf.obj
 0001:0008ff70       mdl_start_processing       0000000180090f70 f   sfc_mex:sfc_sf.obj
 0001:0008ffd0       mdlStart                   0000000180090fd0 f   sfc_mex:sfc_sf.obj
 0001:000900e0       mdlEnable                  00000001800910e0 f   sfc_mex:sfc_sf.obj
 0001:000901c0       mdlDisable                 00000001800911c0 f   sfc_mex:sfc_sf.obj
 0001:00090280       sf_get_chart_instance_ptr  0000000180091280 f   sfc_mex:sfc_sf.obj
 0001:000902a0       sf_load_rtw_optimization_info 00000001800912a0 f   sfc_mex:sfc_sf.obj
 0001:00090370       sf_update_buildInfo        0000000180091370 f   sfc_mex:sfc_sf.obj
 0001:00090470       sf_rtw_info_uint_prop      0000000180091470 f   sfc_mex:sfc_sf.obj
 0001:000905b0       sf_is_chart_inlinable      00000001800915b0 f   sfc_mex:sfc_sf.obj
 0001:000905d0       sf_mark_output_events_with_multiple_callers 00000001800915d0 f   sfc_mex:sfc_sf.obj
 0001:00090760       sf_mark_chart_reusable_outputs 0000000180091760 f   sfc_mex:sfc_sf.obj
 0001:000909c0       sf_mark_chart_expressionable_inputs 00000001800919c0 f   sfc_mex:sfc_sf.obj
 0001:00090c20       sf_get_subchart_simstruct  0000000180091c20 f   sfc_mex:sfc_sf.obj
 0001:00090c70       sf_get_fixpt_data_type_id  0000000180091c70 f   sfc_mex:sfc_sf.obj
 0001:00090cb0       sf_get_enum_data_type_id   0000000180091cb0 f   sfc_mex:sfc_sf.obj
 0001:00090cf0       sf_get_param_data_type_id  0000000180091cf0 f   sfc_mex:sfc_sf.obj
 0001:00090d20       sf_mex_listen_for_ctrl_c_force 0000000180091d20 f   sfc_mex:sfc_sf.obj
 0001:00090e30       sf_mex_draw_now            0000000180091e30 f   sfc_mex:sfc_sf.obj
 0001:00090e70       sf_mex_set_debugger_sim_status_listener_fcn 0000000180091e70 f   sfc_mex:sfc_sf.obj
 0001:00090e80       sf_mex_listen_for_ctrl_c   0000000180091e80 f   sfc_mex:sfc_sf.obj
 0001:00090f20       sf_mex_get_sfun_param      0000000180091f20 f   sfc_mex:sfc_sf.obj
 0001:00090f70       sf_get_runtime_param_data  0000000180091f70 f   sfc_mex:sfc_sf.obj
 0001:00090fb0       sf_call_output_fcn_call    0000000180091fb0 f   sfc_mex:sfc_sf.obj
 0001:000910f0       sf_call_output_fcn_enable  00000001800920f0 f   sfc_mex:sfc_sf.obj
 0001:00091180       sf_call_output_fcn_disable 0000000180092180 f   sfc_mex:sfc_sf.obj
 0001:00091210       sf_clear_rtw_identifier    0000000180092210 f   sfc_mex:sfc_sf.obj
 0001:00091a30       sf_set_encoded_dwork_info  0000000180092a30 f   sfc_mex:sfc_sf.obj
 0001:00091a80       sf_get_dwork_info_from_mat_file 0000000180092a80 f   sfc_mex:sfc_sf.obj
 0001:00091c40       sf_set_rtw_dwork_info      0000000180092c40 f   sfc_mex:sfc_sf.obj
 0001:00091db0       mdlOutputs                 0000000180092db0 f   sfc_mex:sfc_sf.obj
 0001:00091ed0       sf_debug_chart_instance_initialized_quick 0000000180092ed0 f   sfc_debug:sfcdebug.obj
 0001:00091f50       sf_debug_disp              0000000180092f50 f   sfc_debug:sfcdebug.obj
 0001:00092220       sf_debug_data_runtime_size_mismatch_error_check 0000000180093220 f   sfc_debug:sfcdebug.obj
 0001:000922d0       sf_debug_try_loading_machine 00000001800932d0 f   sfc_debug:sfcdebug.obj
 0001:000923d0       sf_debug_reset_current_state_configuration 00000001800933d0 f   sfc_debug:sfcdebug.obj
 0001:00092450       sf_debug_store_current_state_configuration 0000000180093450 f   sfc_debug:sfcdebug.obj
 0001:000924d0       sf_debug_restore_previous_state_configuration 00000001800934d0 f   sfc_debug:sfcdebug.obj
 0001:00092550       sf_debug_restore_previous_state_configuration2 0000000180093550 f   sfc_debug:sfcdebug.obj
 0001:000925d0       sf_debug_get_event_scope   00000001800935d0 f   sfc_debug:sfcdebug.obj
 0001:00092740       use_debugger_step_animation 0000000180093740 f   sfc_debug:sfcdebug.obj
 0001:00092760       sf_debug_get_script_id     0000000180093760 f   sfc_debug:sfcdebug.obj
 0001:000927f0       sf_debug_set_script_translation 00000001800937f0 f   sfc_debug:sfcdebug.obj
 0001:00092970       sf_debug_extract_message_post_receive_info 0000000180093970 f   sfc_debug:sfcdebug.obj
 0001:00092b30       sf_debug_get_current_machine_id 0000000180093b30 f   sfc_debug:sfcdebug.obj
 0001:00092b50       sf_debug_get_current_optional_integer 0000000180093b50 f   sfc_debug:sfcdebug.obj
 0001:00092b60       sf_debug_get_current_machine_number 0000000180093b60 f   sfc_debug:sfcdebug.obj
 0001:00092b80       sf_debug_get_current_machine_name 0000000180093b80 f   sfc_debug:sfcdebug.obj
 0001:00092ba0       sf_debug_get_current_chart_id 0000000180093ba0 f   sfc_debug:sfcdebug.obj
 0001:00092be0       sf_debug_get_current_chart_number 0000000180093be0 f   sfc_debug:sfcdebug.obj
 0001:00092bf0       sf_debug_get_current_instance_number 0000000180093bf0 f   sfc_debug:sfcdebug.obj
 0001:00092c00       sf_debug_get_current_is_minor_time_step 0000000180093c00 f   sfc_debug:sfcdebug.obj
 0001:00092c80       sf_debug_get_current_object_type 0000000180093c80 f   sfc_debug:sfcdebug.obj
 0001:00092c90       sf_debug_get_current_instance_handle 0000000180093c90 f   sfc_debug:sfcdebug.obj
 0001:00092cf0       sf_debug_get_current_event_type 0000000180093cf0 f   sfc_debug:sfcdebug.obj
 0001:00092d00       sf_debug_get_current_object_id 0000000180093d00 f   sfc_debug:sfcdebug.obj
 0001:00092d40       sf_debug_get_current_active_event_type 0000000180093d40 f   sfc_debug:sfcdebug.obj
 0001:00092d50       sf_debug_get_current_active_event_id 0000000180093d50 f   sfc_debug:sfcdebug.obj
 0001:00092d90       sf_debug_get_current_tag_type 0000000180093d90 f   sfc_debug:sfcdebug.obj
 0001:00092da0       sf_debug_get_current_simulation_time 0000000180093da0 f   sfc_debug:sfcdebug.obj
 0001:00092db0       sf_debug_get_current_coverage_percentage 0000000180093db0 f   sfc_debug:sfcdebug.obj
 0001:00092dc0       sf_debug_current_statement_context 0000000180093dc0 f   sfc_debug:sfcdebug.obj
 0001:00092e40       sf_debug_get_current_statement_info 0000000180093e40 f   sfc_debug:sfcdebug.obj
 0001:00092fe0       sf_debug_terminate_instance 0000000180093fe0 f   sfc_debug:sfcdebug.obj
 0001:00093300       sf_debug_assertion_failed  0000000180094300 f   sfc_debug:sfcdebug.obj
 0001:000934d0       sf_debug_create_debug_instance_struct 00000001800944d0 f   sfc_debug:sfcdebug.obj
 0001:00093520       sf_debug_set_number_of_data_with_change_event_for_machine 0000000180094520 f   sfc_debug:sfcdebug.obj
 0001:00093570       sf_debug_set_machine_event_thresholds 0000000180094570 f   sfc_debug:sfcdebug.obj
 0001:00093590       sf_debug_set_machine_event_scope 0000000180094590 f   sfc_debug:sfcdebug.obj
 0001:000935e0       sf_debug_set_machine_data_thresholds 00000001800945e0 f   sfc_debug:sfcdebug.obj
 0001:00093630       sf_debug_set_machine_data_scope 0000000180094630 f   sfc_debug:sfcdebug.obj
 0001:000936d0       sf_debug_set_machine_data_name 00000001800946d0 f   sfc_debug:sfcdebug.obj
 0001:00093780       sf_debug_set_machine_data_size 0000000180094780 f   sfc_debug:sfcdebug.obj
 0001:000938d0       sf_debug_set_machine_data_type 00000001800948d0 f   sfc_debug:sfcdebug.obj
 0001:00093a40       sf_debug_get_chart_data_number 0000000180094a40 f   sfc_debug:sfcdebug.obj
 0001:00093a60       sf_debug_get_chart_event_number 0000000180094a60 f   sfc_debug:sfcdebug.obj
 0001:00093a80       sf_debug_set_chart_state_info 0000000180094a80 f   sfc_debug:sfcdebug.obj
 0001:00093b10       sf_debug_set_chart_decomposition 0000000180094b10 f   sfc_debug:sfcdebug.obj
 0001:00093b80       sf_debug_set_chart_substate_count 0000000180094b80 f   sfc_debug:sfcdebug.obj
 0001:00093c60       sf_debug_set_chart_substate_index 0000000180094c60 f   sfc_debug:sfcdebug.obj
 0001:00093ce0       sf_debug_set_chart_state_substate_count 0000000180094ce0 f   sfc_debug:sfcdebug.obj
 0001:00093e00       sf_debug_set_chart_state_substate_index 0000000180094e00 f   sfc_debug:sfcdebug.obj
 0001:00093e90       sf_debug_set_number_of_data_with_change_event_for_chart 0000000180094e90 f   sfc_debug:sfcdebug.obj
 0001:00093f20       sf_debug_set_number_of_states_with_entry_event_for_chart 0000000180094f20 f   sfc_debug:sfcdebug.obj
 0001:00093fa0       sf_debug_set_number_of_states_with_exit_event_for_chart 0000000180094fa0 f   sfc_debug:sfcdebug.obj
 0001:00094020       sf_debug_set_chart_disable_implicit_casting 0000000180095020 f   sfc_debug:sfcdebug.obj
 0001:00094090       sf_debug_set_chart_event_thresholds 0000000180095090 f   sfc_debug:sfcdebug.obj
 0001:00094110       sf_debug_set_chart_data_compiled_props 0000000180095110 f   sfc_debug:sfcdebug.obj
 0001:00094450       sf_debug_set_chart_data_props 0000000180095450 f   sfc_debug:sfcdebug.obj
 0001:00094770       sf_debug_check_fi_license  0000000180095770 f   sfc_debug:sfcdebug.obj
 0001:00094930       sf_debug_symbol_scope_push 0000000180095930 f   sfc_debug:sfcdebug.obj
 0001:00094970       sf_debug_symbol_scope_push_eml 0000000180095970 f   sfc_debug:sfcdebug.obj
 0001:000949c0       sf_debug_symbol_scope_pop  00000001800959c0 f   sfc_debug:sfcdebug.obj
 0001:00094a00       sf_debug_symbol_scope_add_importable 0000000180095a00 f   sfc_debug:sfcdebug.obj
 0001:00094a80       sf_debug_symbol_scope_add  0000000180095a80 f   sfc_debug:sfcdebug.obj
 0001:00094b00       sf_debug_symbol_scope_add_dyn_importable 0000000180095b00 f   sfc_debug:sfcdebug.obj
 0001:00094bc0       sf_debug_symbol_scope_add_dyn 0000000180095bc0 f   sfc_debug:sfcdebug.obj
 0001:00094c00       sf_debug_symbol_scope_add_eml_importable 0000000180095c00 f   sfc_debug:sfcdebug.obj
 0001:00094c40       sf_debug_symbol_scope_add_eml 0000000180095c40 f   sfc_debug:sfcdebug.obj
 0001:00094c80       sf_debug_symbol_scope_add_eml_dyn_importable 0000000180095c80 f   sfc_debug:sfcdebug.obj
 0001:00094ce0       sf_debug_symbol_scope_add_eml_dyn 0000000180095ce0 f   sfc_debug:sfcdebug.obj
 0001:00094d40       sf_debug_symbol_switch     0000000180095d40 f   sfc_debug:sfcdebug.obj
 0001:00094d60       sf_debug_symbol_scope_add_verbose 0000000180095d60 f   sfc_debug:sfcdebug.obj
 0001:00094e30       sf_debug_set_machine_data_value_ptr 0000000180095e30 f   sfc_debug:sfcdebug.obj
 0001:00094e70       sf_debug_set_instance_data_value_ptr 0000000180095e70 f   sfc_debug:sfcdebug.obj
 0001:00094f40       sf_debug_unset_instance_data_value_ptr 0000000180095f40 f   sfc_debug:sfcdebug.obj
 0001:00094ff0       sf_debug_set_chart_event_scope 0000000180095ff0 f   sfc_debug:sfcdebug.obj
 0001:00095070       sf_debug_set_chart_transition_coverage_maps 0000000180096070 f   sfc_debug:sfcdebug.obj
 0001:00095170       sf_debug_set_chart_state_coverage_maps 0000000180096170 f   sfc_debug:sfcdebug.obj
 0001:00095240       sf_debug_set_instance_transition_coverage_weights 0000000180096240 f   sfc_debug:sfcdebug.obj
 0001:000952d0       sf_debug_set_instance_state_coverage_weights 00000001800962d0 f   sfc_debug:sfcdebug.obj
 0001:00095520       sf_debug_unload_machine    0000000180096520 f   sfc_debug:sfcdebug.obj
 0001:00095570       sf_debug_load_machine      0000000180096570 f   sfc_debug:sfcdebug.obj
 0001:00095680       sf_debug_set_active_instance_in_data_dictionary 0000000180096680 f   sfc_debug:sfcdebug.obj
 0001:00095860       sf_debug_set_active_instance 0000000180096860 f   sfc_debug:sfcdebug.obj
 0001:000959c0       sf_debug_chart_visiblity_change 00000001800969c0 f   sfc_debug:sfcdebug.obj
 0001:00095ab0       sf_debug_select_chart      0000000180096ab0 f   sfc_debug:sfcdebug.obj
 0001:00095c10       sf_debug_set_instance_cv_ids 0000000180096c10 f   sfc_debug:sfcdebug.obj
 0001:00095f40       sf_debug_select_charts     0000000180096f40 f   sfc_debug:sfcdebug.obj
 0001:000960f0       sf_debug_initialized       00000001800970f0 f   sfc_debug:sfcdebug.obj
 0001:00096110       sf_debug_is_uninterruptible 0000000180097110 f   sfc_debug:sfcdebug.obj
 0001:00096140       sf_debug_initialize_debugger_gui 0000000180097140 f   sfc_debug:sfcdebug.obj
 0001:00096520       sf_debug_resume            0000000180097520 f   sfc_debug:sfcdebug.obj
 0001:00096540       sf_debug_go                0000000180097540 f   sfc_debug:sfcdebug.obj
 0001:00096550       sf_debug_break             0000000180097550 f   sfc_debug:sfcdebug.obj
 0001:00096560       sf_debug_step_over         0000000180097560 f   sfc_debug:sfcdebug.obj
 0001:00096570       sf_debug_step_out          0000000180097570 f   sfc_debug:sfcdebug.obj
 0001:00096580       sf_debug_set_disable_all_breakpoints 0000000180097580 f   sfc_debug:sfcdebug.obj
 0001:00096590       sf_debug_disable_all_breakpoints_and_go 0000000180097590 f   sfc_debug:sfcdebug.obj
 0001:000965a0       sf_debug_break_on_chart_entry 00000001800975a0 f   sfc_debug:sfcdebug.obj
 0001:000965b0       sf_debug_break_on_event_broadcast 00000001800975b0 f   sfc_debug:sfcdebug.obj
 0001:000965c0       sf_debug_break_on_state_entry 00000001800975c0 f   sfc_debug:sfcdebug.obj
 0001:000965d0       sf_debug_break_between_times 00000001800975d0 f   sfc_debug:sfcdebug.obj
 0001:000965f0       sf_debug_browse_data       00000001800975f0 f   sfc_debug:sfcdebug.obj
 0001:00096600       sf_debug_watch_data        0000000180097600 f   sfc_debug:sfcdebug.obj
 0001:00096630       sf_debug_assign_data       0000000180097630 f   sfc_debug:sfcdebug.obj
 0001:00096640       sf_debug_whos              0000000180097640 f   sfc_debug:sfcdebug.obj
 0001:00096660       sf_debug_get_consistency_info 0000000180097660 f   sfc_debug:sfcdebug.obj
 0001:00096670       sf_debug_browse_trace      0000000180097670 f   sfc_debug:sfcdebug.obj
 0001:00096680       sf_debug_set_breakpoints   0000000180097680 f   sfc_debug:sfcdebug.obj
 0001:000967f0       sf_debug_set_eml_breakpoints 00000001800977f0 f   sfc_debug:sfcdebug.obj
 0001:00096950       sf_debug_set_script_breakpoints 0000000180097950 f   sfc_debug:sfcdebug.obj
 0001:000969d0       sf_debug_add_script_breakpoints 00000001800979d0 f   sfc_debug:sfcdebug.obj
 0001:00096a40       sf_debug_clear_script_breakpoints 0000000180097a40 f   sfc_debug:sfcdebug.obj
 0001:00096ab0       sf_debug_query_script_breakpoints 0000000180097ab0 f   sfc_debug:sfcdebug.obj
 0001:00096b60       sf_debug_get_eml_script_id 0000000180097b60 f   sfc_debug:sfcdebug.obj
 0001:00096bb0       sf_debug_set_watch         0000000180097bb0 f   sfc_debug:sfcdebug.obj
 0001:00096dd0       sf_debug_get_instance_handle 0000000180097dd0 f   sfc_debug:sfcdebug.obj
 0001:00096e60       sf_debug_get_active_states 0000000180097e60 f   sfc_debug:sfcdebug.obj
 0001:00096e70       sf_debug_set_honor_breakpoints 0000000180097e70 f   sfc_debug:sfcdebug.obj
 0001:00096e80       sf_debug_get_animation     0000000180097e80 f   sfc_debug:sfcdebug.obj
 0001:00096e90       sf_debug_set_animation     0000000180097e90 f   sfc_debug:sfcdebug.obj
 0001:00096ea0       sf_debug_animate           0000000180097ea0 f   sfc_debug:sfcdebug.obj
 0001:00096ec0       sf_debug_cycle_detection_check 0000000180097ec0 f   sfc_debug:sfcdebug.obj
 0001:00096ed0       sf_debug_data_range_check  0000000180097ed0 f   sfc_debug:sfcdebug.obj
 0001:00096ee0       sf_debug_transition_conflict_check 0000000180097ee0 f   sfc_debug:sfcdebug.obj
 0001:00096ef0       sf_debug_state_consistency_check 0000000180097ef0 f   sfc_debug:sfcdebug.obj
 0001:00096f00       sf_debug_data_range_check_enabled 0000000180097f00 f   sfc_debug:sfcdebug.obj
 0001:00096f20       sf_debug_transition_conflict_check_enabled 0000000180097f20 f   sfc_debug:sfcdebug.obj
 0001:00096f40       sf_debug_transition_conflict_check_begin 0000000180097f40 f   sfc_debug:sfcdebug.obj
 0001:00096f60       sf_debug_transition_conflict_check_end 0000000180097f60 f   sfc_debug:sfcdebug.obj
 0001:00096f80       sf_debug_stop_debugging    0000000180097f80 f   sfc_debug:sfcdebug.obj
 0001:00096fb0       sf_debug_is_cycle_detected 0000000180097fb0 f   sfc_debug:sfcdebug.obj
 0001:00096fc0       sf_debug_is_array_bounds_detected 0000000180097fc0 f   sfc_debug:sfcdebug.obj
 0001:00096fd0       sf_debug_get_state_vectors_data_size 0000000180097fd0 f   sfc_debug:sfcdebug.obj
 0001:00097010       sf_debug_get_state_vectors_data 0000000180098010 f   sfc_debug:sfcdebug.obj
 0001:00097120       sf_debug_set_state_vectors_data 0000000180098120 f   sfc_debug:sfcdebug.obj
 0001:000973b0       sf_debug_get_script_index  00000001800983b0 f   sfc_debug:sfcdebug.obj
 0001:00097540       sf_debug_add_script        0000000180098540 f   sfc_debug:sfcdebug.obj
 0001:000976d0       cv_eval_point              00000001800986d0 f   sfc_debug:sfcdebug.obj
 0001:00097840       cv_eval_testobjective      0000000180098840 f   sfc_debug:sfcdebug.obj
 0001:00097950       sf_debug_cv_init_state     0000000180098950 f   sfc_debug:sfcdebug.obj
 0001:00097a80       sf_debug_cv_init_chart     0000000180098a80 f   sfc_debug:sfcdebug.obj
 0001:00097b70       sf_debug_cv_init_trans     0000000180098b70 f   sfc_debug:sfcdebug.obj
 0001:00097c80       sf_debug_cv_init_saturation 0000000180098c80 f   sfc_debug:sfcdebug.obj
 0001:00097d80       sf_debug_cv_init_testobjectives 0000000180098d80 f   sfc_debug:sfcdebug.obj
 0001:00097f60       cv_eml_init_script         0000000180098f60 f   sfc_debug:sfcdebug.obj
 0001:00098080       cv_eml_init_fcn            0000000180099080 f   sfc_debug:sfcdebug.obj
 0001:00098190       cv_eml_init_testobjective  0000000180099190 f   sfc_debug:sfcdebug.obj
 0001:00098270       cv_eml_init_saturation     0000000180099270 f   sfc_debug:sfcdebug.obj
 0001:00098340       cv_eml_init_if             0000000180099340 f   sfc_debug:sfcdebug.obj
 0001:00098420       cv_eml_init_for            0000000180099420 f   sfc_debug:sfcdebug.obj
 0001:000984f0       cv_eml_init_while          00000001800994f0 f   sfc_debug:sfcdebug.obj
 0001:000985c0       cv_eml_init_mcdc           00000001800995c0 f   sfc_debug:sfcdebug.obj
 0001:000986e0       cv_eml_init_switch         00000001800996e0 f   sfc_debug:sfcdebug.obj
 0001:000987e0       cv_eml_eval                00000001800997e0 f   sfc_debug:sfcdebug.obj
 0001:000988d0       sf_debug_bm_is_a_eml_breakpoint 00000001800998d0 f   sfc_debug:sfcdebug.obj
 0001:00098a20       sf_debug_temporal_threshold 0000000180099a20 f   sfc_debug:sfcdebug.obj
 0001:00098d90       sf_debug_transition_conflict_error 0000000180099d90 f   sfc_debug:sfcdebug.obj
 0001:000990f0       sf_debug_state_inconsistency_error 000000018009a0f0 f   sfc_debug:sfcdebug.obj
 0001:00099210       sf_debug_check_for_state_inconsistency 000000018009a210 f   sfc_debug:sfcdebug.obj
 0001:00099250       sf_debug_cycle_detecton_error 000000018009a250 f   sfc_debug:sfcdebug.obj
 0001:000999a0       sf_debug_size_eq_check_1d  000000018009a9a0 f   sfc_debug:sfcdebug.obj
 0001:000999c0       sf_debug_size_eq_check_nd  000000018009a9c0 f   sfc_debug:sfcdebug.obj
 0001:00099bc0       sf_debug_dim_size_eq_check 000000018009abc0 f   sfc_debug:sfcdebug.obj
 0001:00099bf0       sf_debug_dim_size_geq_check 000000018009abf0 f   sfc_debug:sfcdebug.obj
 0001:00099c20       sf_debug_sub_assign_size_check_nd 000000018009ac20 f   sfc_debug:sfcdebug.obj
 0001:00099e00       sf_debug_matrix_matrix_index_check 000000018009ae00 f   sfc_debug:sfcdebug.obj
 0001:00099e50       sf_debug_vector_vector_index_check 000000018009ae50 f   sfc_debug:sfcdebug.obj
 0001:00099ea0       sf_debug_for_loop_vector_check 000000018009aea0 f   sfc_debug:sfcdebug.obj
 0001:00099f40       sf_debug_runtime_error_msgid 000000018009af40 f   sfc_debug:sfcdebug.obj
 0001:00099fe0       sf_debug_data_array_bounds_error_check 000000018009afe0 f   sfc_debug:sfcdebug.obj
 0001:0009a0f0       sf_debug_eml_data_array_bounds_error_check 000000018009b0f0 f   sfc_debug:sfcdebug.obj
 0001:0009a5b0       sf_debug_integer_check     000000018009b5b0 f   sfc_debug:sfcdebug.obj
 0001:0009a6a0       sf_debug_not_nan_check     000000018009b6a0 f   sfc_debug:sfcdebug.obj
 0001:0009a770       sf_debug_non_negative_check 000000018009b770 f   sfc_debug:sfcdebug.obj
 0001:0009a840       sf_debug_overflow_detection 000000018009b840 f   sfc_debug:sfcdebug.obj
 0001:0009aea0       sf_debug_cast_to_real32_T  000000018009bea0 f   sfc_debug:sfcdebug.obj
 0001:0009af70       sf_debug_cast_to_int8_T    000000018009bf70 f   sfc_debug:sfcdebug.obj
 0001:0009b040       sf_debug_cast_to_uint8_T   000000018009c040 f   sfc_debug:sfcdebug.obj
 0001:0009b110       sf_debug_cast_to_int16_T   000000018009c110 f   sfc_debug:sfcdebug.obj
 0001:0009b1e0       sf_debug_cast_to_uint16_T  000000018009c1e0 f   sfc_debug:sfcdebug.obj
 0001:0009b2b0       sf_debug_cast_to_int32_T   000000018009c2b0 f   sfc_debug:sfcdebug.obj
 0001:0009b380       sf_debug_cast_to_uint32_T  000000018009c380 f   sfc_debug:sfcdebug.obj
 0001:0009b450       sf_debug_data_range_error  000000018009c450 f   sfc_debug:sfcdebug.obj
 0001:0009b760       sf_debug_read_before_write_check 000000018009c760 f   sfc_debug:sfcdebug.obj
 0001:0009bb90       sf_debug_data_range_error_wrapper_min_max 000000018009cb90 f   sfc_debug:sfcdebug.obj
 0001:0009bcb0       sf_debug_data_range_error_wrapper_min 000000018009ccb0 f   sfc_debug:sfcdebug.obj
 0001:0009bdc0       sf_debug_data_range_error_wrapper_max 000000018009cdc0 f   sfc_debug:sfcdebug.obj
 0001:0009bed0       sf_debug_data_range_wrapper 000000018009ced0 f   sfc_debug:sfcdebug.obj
 0001:0009bf90       sf_debug_set_current_status_info 000000018009cf90 f   sfc_debug:sfcdebug.obj
 0001:0009c330       sf_debug_register_message_post_receive_info 000000018009d330 f   sfc_debug:sfcdebug.obj
 0001:0009c580       sf_debug_call              000000018009d580 f   sfc_debug:sfcdebug.obj
 0001:0009cee0       sf_debug_initialize_machine 000000018009dee0 f   sfc_debug:sfcdebug.obj
 0001:0009d190       sf_debug_initialize_chart  000000018009e190 f   sfc_debug:sfcdebug.obj
 0001:0009d5e0       sf_debug_ensure_script     000000018009e5e0 f   sfc_debug:sfcdebug.obj
 0001:0009d690       cv_eval_saturation         000000018009e690 f   sfc_debug:sfcdebug.obj
 0001:0009d810       cv_saturation_accum        000000018009e810 f   sfc_debug:sfcdebug.obj
 0001:0009d950       cv_script_init_script      000000018009e950 f   sfc_debug:sfcdebug.obj
 0001:0009da40       cv_script_init_fcn         000000018009ea40 f   sfc_debug:sfcdebug.obj
 0001:0009db00       cv_script_init_testobjective 000000018009eb00 f   sfc_debug:sfcdebug.obj
 0001:0009dbc0       cv_script_init_saturation  000000018009ebc0 f   sfc_debug:sfcdebug.obj
 0001:0009dc70       cv_script_init_if          000000018009ec70 f   sfc_debug:sfcdebug.obj
 0001:0009dd30       cv_script_init_for         000000018009ed30 f   sfc_debug:sfcdebug.obj
 0001:0009dde0       cv_script_init_while       000000018009ede0 f   sfc_debug:sfcdebug.obj
 0001:0009de90       cv_script_init_mcdc        000000018009ee90 f   sfc_debug:sfcdebug.obj
 0001:0009df90       cv_script_init_switch      000000018009ef90 f   sfc_debug:sfcdebug.obj
 0001:0009e070       cv_script_eval             000000018009f070 f   sfc_debug:sfcdebug.obj
 0001:0009e140       eml_debug_line_call        000000018009f140 f   sfc_debug:sfcdebug.obj
 0001:0009e310       sf_debug_terminate         000000018009f310 f   sfc_debug:sfcdebug.obj
 0001:0009e520       sf_debug_set_script_cv_ids 000000018009f520 f   sfc_debug:sfcdebug.obj
 0001:0009e650       sf_debug_api               000000018009f650 f   sfc_debug:sfc_api.obj
 0001:0009ff40       sf_debug_sm_terminate      00000001800a0f40 f   sfc_debug:sfdb_animation.obj
 0001:000a00f0       sf_debug_reset_path_objects 00000001800a10f0 f   sfc_debug:sfdb_animation.obj
 0001:000a0170       sf_debug_sm_reset_object_selection_status 00000001800a1170 f   sfc_debug:sfdb_animation.obj
 0001:000a0210       sf_debug_sm_reset_state_buffer 00000001800a1210 f   sfc_debug:sfdb_animation.obj
 0001:000a02e0       sf_debug_sm_store_state_buffer 00000001800a12e0 f   sfc_debug:sfdb_animation.obj
 0001:000a0360       sf_debug_sm_restore_state_buffer1 00000001800a1360 f   sfc_debug:sfdb_animation.obj
 0001:000a03d0       sf_debug_sm_restore_state_buffer2 00000001800a13d0 f   sfc_debug:sfdb_animation.obj
 0001:000a0440       sf_debug_sm_chart_active   00000001800a1440 f   sfc_debug:sfdb_animation.obj
 0001:000a0490       sf_debug_sm_select_active_objects 00000001800a1490 f   sfc_debug:sfdb_animation.obj
 0001:000a0960       sf_debug_sm_is_chart_active 00000001800a1960 f   sfc_debug:sfdb_animation.obj
 0001:000a09a0       sf_debug_sm_is_state_active 00000001800a19a0 f   sfc_debug:sfdb_animation.obj
 0001:000a0be0       sf_debug_sm_get_active_states 00000001800a1be0 f   sfc_debug:sfdb_animation.obj
 0001:000a1190       sf_debug_sm_initialize_instance 00000001800a2190 f   sfc_debug:sfdb_animation.obj
 0001:000a13a0       sf_debug_sm_change_object_selection_status 00000001800a23a0 f   sfc_debug:sfdb_animation.obj
 0001:000a1670       cv_create_interface        00000001800a2670 f   sfc_debug:cv_sfinterface.obj
 0001:000a1980       cv_init_trans              00000001800a2980 f   sfc_debug:cv_sfinterface.obj
 0001:000a19d0       cv_init_saturation         00000001800a29d0 f   sfc_debug:cv_sfinterface.obj
 0001:000a1a10       cv_init_testobjective      00000001800a2a10 f   sfc_debug:cv_sfinterface.obj
 0001:000a1a50       cv_init_state              00000001800a2a50 f   sfc_debug:cv_sfinterface.obj
 0001:000a1ac0       cv_init_chart              00000001800a2ac0 f   sfc_debug:cv_sfinterface.obj
 0001:000a1b10       cv_dec_update_call         00000001800a2b10 f   sfc_debug:cv_sfinterface.obj
 0001:000a1b50       cv_cond_update_call        00000001800a2b50 f   sfc_debug:cv_sfinterface.obj
 0001:000a1b90       cv_saturation_update_call  00000001800a2b90 f   sfc_debug:cv_sfinterface.obj
 0001:000a1bd0       cv_saturation_update_accum 00000001800a2bd0 f   sfc_debug:cv_sfinterface.obj
 0001:000a1c10       cv_testobjective_update_call 00000001800a2c10 f   sfc_debug:cv_sfinterface.obj
 0001:000a1c50       cv_sigrange_update         00000001800a2c50 f   sfc_debug:cv_sfinterface.obj
 0001:000a1c90       cvsf_eml_eval              00000001800a2c90 f   sfc_debug:cv_sfinterface.obj
 0001:000a1d70       cvsf_eml_init_script       00000001800a2d70 f   sfc_debug:cv_sfinterface.obj
 0001:000a1e00       cvsf_eml_init_fcn          00000001800a2e00 f   sfc_debug:cv_sfinterface.obj
 0001:000a1e60       cvsf_eml_init_testobjective 00000001800a2e60 f   sfc_debug:cv_sfinterface.obj
 0001:000a1ec0       cvsf_eml_init_saturation   00000001800a2ec0 f   sfc_debug:cv_sfinterface.obj
 0001:000a1f10       cvsf_eml_init_if           00000001800a2f10 f   sfc_debug:cv_sfinterface.obj
 0001:000a1f70       cvsf_eml_init_for          00000001800a2f70 f   sfc_debug:cv_sfinterface.obj
 0001:000a1fc0       cvsf_eml_init_while        00000001800a2fc0 f   sfc_debug:cv_sfinterface.obj
 0001:000a2010       cvsf_eml_init_mcdc         00000001800a3010 f   sfc_debug:cv_sfinterface.obj
 0001:000a20a0       cvsf_eml_init_switch       00000001800a30a0 f   sfc_debug:cv_sfinterface.obj
 0001:000a2110       cvsf_script_eval           00000001800a3110 f   sfc_debug:cv_sfinterface.obj
 0001:000a21f0       cvsf_script_init_script    00000001800a31f0 f   sfc_debug:cv_sfinterface.obj
 0001:000a2280       cvsf_script_init_fcn       00000001800a3280 f   sfc_debug:cv_sfinterface.obj
 0001:000a22e0       cvsf_script_init_testobjective 00000001800a32e0 f   sfc_debug:cv_sfinterface.obj
 0001:000a2340       cvsf_script_init_saturation 00000001800a3340 f   sfc_debug:cv_sfinterface.obj
 0001:000a2390       cvsf_script_init_if        00000001800a3390 f   sfc_debug:cv_sfinterface.obj
 0001:000a23f0       cvsf_script_init_for       00000001800a33f0 f   sfc_debug:cv_sfinterface.obj
 0001:000a2440       cvsf_script_init_while     00000001800a3440 f   sfc_debug:cv_sfinterface.obj
 0001:000a2490       cvsf_script_init_mcdc      00000001800a3490 f   sfc_debug:cv_sfinterface.obj
 0001:000a2520       cvsf_script_init_switch    00000001800a3520 f   sfc_debug:cv_sfinterface.obj
 0001:000a2590       cv_destroy_interface       00000001800a3590 f   sfc_debug:cv_sfinterface.obj
 0001:000a25b0       cv_create_instance_objects 00000001800a35b0 f   sfc_debug:cv_sfinterface.obj
 0001:000a2a20       cv_is_enabled              00000001800a3a20 f   sfc_debug:cv_sfinterface.obj
 0001:000a2a30       sf_debug_cv_initialize_script 00000001800a3a30 f   sfc_debug:cv_sfinterface.obj
 0001:000a2bc0       sf_debug_cv_initialize_instance 00000001800a3bc0 f   sfc_debug:cv_sfinterface.obj
 0001:000a2f50       sf_debug_cv_terminate_chart 00000001800a3f50 f   sfc_debug:cv_sfinterface.obj
 0001:000a3070       cv_call_trans_test         00000001800a4070 f   sfc_debug:cv_sfinterface.obj
 0001:000a3080       cv_call_sub_cond_test      00000001800a4080 f   sfc_debug:cv_sfinterface.obj
 0001:000a30c0       sf_debug_st_initialize_machine 00000001800a40c0 f   sfc_debug:sfdb_data_browse.obj
 0001:000a3170       sf_debug_st_initialize_instance 00000001800a4170 f   sfc_debug:sfdb_data_browse.obj
 0001:000a3380       sf_debug_st_terminate      00000001800a4380 f   sfc_debug:sfdb_data_browse.obj
 0001:000a3720       sf_debug_st_set_data_value_ptr_in_machine 00000001800a4720 f   sfc_debug:sfdb_data_browse.obj
 0001:000a37b0       sf_debug_st_set_data_value_ptr_in_instance 00000001800a47b0 f   sfc_debug:sfdb_data_browse.obj
 0001:000a3890       sf_debug_st_unset_data_value_ptr_in_machine 00000001800a4890 f   sfc_debug:sfdb_data_browse.obj
 0001:000a3900       sf_debug_st_unset_data_value_ptr_in_instance 00000001800a4900 f   sfc_debug:sfdb_data_browse.obj
 0001:000a3bc0       sf_debug_mx_value          00000001800a4bc0 f   sfc_debug:sfdb_data_browse.obj
 0001:000a3c20       sf_debug_mx_packed_vector  00000001800a4c20 f   sfc_debug:sfdb_data_browse.obj
 0001:000a3d00       sf_debug_mx_uint_vector    00000001800a4d00 f   sfc_debug:sfdb_data_browse.obj
 0001:000a3db0       sf_debug_st_get_double_value_from_void_ptr_vector 00000001800a4db0 f   sfc_debug:sfdb_data_browse.obj
 0001:000a4890       sf_debug_st_browse_data    00000001800a5890 f   sfc_debug:sfdb_data_browse.obj
 0001:000a50d0       sf_debug_hm_initialize_instance 00000001800a60d0 f   sfc_debug:sfdb_handle_management.obj
 0001:000a55b0       sf_debug_hm_get_object_id  00000001800a65b0 f   sfc_debug:sfdb_handle_management.obj
 0001:000a6160       sf_debug_hm_update_chart_visibility 00000001800a7160 f   sfc_debug:sfdb_handle_management.obj
 0001:000a7350       sf_debug_object_is_eml_function 00000001800a8350 f   sfc_debug:sfdb_handle_management.obj
 0001:000a73c0       sf_debug_hm_initialize_ids_in_machine 00000001800a83c0 f   sfc_debug:sfdb_handle_management.obj
 0001:000a7530       sf_debug_hm_initialize_ids_in_chart 00000001800a8530 f   sfc_debug:sfdb_handle_management.obj
 0001:000a7630       sf_debug_hm_initialize_chart 00000001800a8630 f   sfc_debug:sfdb_handle_management.obj
 0001:000a7d30       sf_debug_hm_terminate      00000001800a8d30 f   sfc_debug:sfdb_handle_management.obj
 0001:000a7d90       sf_debug_hm_initialize_machine 00000001800a8d90 f   sfc_debug:sfdb_handle_management.obj
 0001:000a84b0       sf_debug_ss_initialize     00000001800a94b0 f   sfc_debug:sfdb_symbol_scope.obj
 0001:000a84d0       sf_debug_ss_terminate      00000001800a94d0 f   sfc_debug:sfdb_symbol_scope.obj
 0001:000a8560       sf_debug_ss_push_symbol_scope 00000001800a9560 f   sfc_debug:sfdb_symbol_scope.obj
 0001:000a8660       sf_debug_ss_push_symbol_scope_eml 00000001800a9660 f   sfc_debug:sfdb_symbol_scope.obj
 0001:000a86c0       sf_debug_ss_pop_symbol_scope 00000001800a96c0 f   sfc_debug:sfdb_symbol_scope.obj
 0001:000a8770       sf_debug_ss_add_symbol     00000001800a9770 f   sfc_debug:sfdb_symbol_scope.obj
 0001:000a88e0       sf_debug_ss_add_symbol_eml 00000001800a98e0 f   sfc_debug:sfdb_symbol_scope.obj
 0001:000a97e0       sf_debug_ss_set_data_value 00000001800aa7e0 f   sfc_debug:sfdb_symbol_scope.obj
 0001:000a9c30       getInstanceNumber          00000001800aac30 f   sfc_debug:sfdb_symbol_scope.obj
 0001:000a9d00       sf_debug_ss_watch_data     00000001800aad00 f   sfc_debug:sfdb_symbol_scope.obj
 0001:000a9ef0       sf_debug_ss_assign_data    00000001800aaef0 f   sfc_debug:sfdb_symbol_scope.obj
 0001:000aa900       get_data_entry_name        00000001800ab900 f   sfc_debug:sfdb_symbol_scope.obj
 0001:000aa950       sf_debug_ss_whos           00000001800ab950 f   sfc_debug:sfdb_symbol_scope.obj
 0001:000aafa0       sf_debug_cc_initialize_chart 00000001800abfa0 f   sfc_debug:sfdb_coverage.obj
 0001:000ab990       sf_debug_cc_initialize_instance 00000001800ac990 f   sfc_debug:sfdb_coverage.obj
 0001:000ac6d0       sf_debug_cc_terminate      00000001800ad6d0 f   sfc_debug:sfdb_coverage.obj
 0001:000ac7c0       sf_debug_cc_set_transition_maps 00000001800ad7c0 f   sfc_debug:sfdb_coverage.obj
 0001:000ac8f0       sf_debug_cc_set_state_maps 00000001800ad8f0 f   sfc_debug:sfdb_coverage.obj
 0001:000ac9d0       sf_debug_cc_set_transition_weights 00000001800ad9d0 f   sfc_debug:sfdb_coverage.obj
 0001:000acc90       sf_debug_cc_set_state_weights 00000001800adc90 f   sfc_debug:sfdb_coverage.obj
 0001:000acf60       sf_debug_cc_mark_transition_guard 00000001800adf60 f   sfc_debug:sfdb_coverage.obj
 0001:000acff0       sf_debug_cc_mark_transition_trigger 00000001800adff0 f   sfc_debug:sfdb_coverage.obj
 0001:000ad080       sf_debug_cc_mark_transition_decision 00000001800ae080 f   sfc_debug:sfdb_coverage.obj
 0001:000ad0f0       sf_debug_cc_mark_transition_condition_action 00000001800ae0f0 f   sfc_debug:sfdb_coverage.obj
 0001:000ad140       sf_debug_cc_mark_transition_transition_action 00000001800ae140 f   sfc_debug:sfdb_coverage.obj
 0001:000ad190       sf_debug_cc_mark_state_entry 00000001800ae190 f   sfc_debug:sfdb_coverage.obj
 0001:000ad1e0       sf_debug_cc_mark_state_during 00000001800ae1e0 f   sfc_debug:sfdb_coverage.obj
 0001:000ad230       sf_debug_cc_mark_state_exit 00000001800ae230 f   sfc_debug:sfdb_coverage.obj
 0001:000ad280       sf_debug_bm_clear_script_breakpoints 00000001800ae280 f   sfc_debug:sfdb_breakpoints.obj
 0001:000ad2b0       sf_debug_bm_set_script_breakpoint 00000001800ae2b0 f   sfc_debug:sfdb_breakpoints.obj
 0001:000ad330       sf_debug_bm_clear_single_script_breakpoint 00000001800ae330 f   sfc_debug:sfdb_breakpoints.obj
 0001:000ad3b0       sf_debug_bm_query_script_breakpoint 00000001800ae3b0 f   sfc_debug:sfdb_breakpoints.obj
 0001:000ad400       sf_debug_bm_initialize_scripts 00000001800ae400 f   sfc_debug:sfdb_breakpoints.obj
 0001:000ada90       sf_debug_bm_terminate      00000001800aea90 f   sfc_debug:sfdb_breakpoints.obj
 0001:000add70       sf_debug_bm_remove_all_breakpoints_in_machine 00000001800aed70 f   sfc_debug:sfdb_breakpoints.obj
 0001:000addd0       sf_debug_bm_remove_all_breakpoints_in_chart 00000001800aedd0 f   sfc_debug:sfdb_breakpoints.obj
 0001:000adf20       sf_debug_bm_initialize_global_breakpoints 00000001800aef20 f   sfc_debug:sfdb_breakpoints.obj
 0001:000ae0a0       sf_debug_bm_set_breakpoint 00000001800af0a0 f   sfc_debug:sfdb_breakpoints.obj
 0001:000ae660       sf_debug_bm_set_eml_breakpoint 00000001800af660 f   sfc_debug:sfdb_breakpoints.obj
 0001:000ae6f0       sf_debug_bm_initialize_machine_breakpoint_map 00000001800af6f0 f   sfc_debug:sfdb_breakpoints.obj
 0001:000aeb10       sf_debug_bm_is_a_breakpoint 00000001800afb10 f   sfc_debug:sfdb_breakpoints.obj
 0001:000af030       sf_debug_bm_get_all_breakpoints_in_machine 00000001800b0030 f   sfc_debug:sfdb_breakpoints.obj
 0001:000af330       sf_debug_bm_get_all_breakpoints_in_chart 00000001800b0330 f   sfc_debug:sfdb_breakpoints.obj
 0001:000afec0       sf_debug_bm_initialize_machine 00000001800b0ec0 f   sfc_debug:sfdb_breakpoints.obj
 0001:000aff90       sf_debug_bm_initialize_chart 00000001800b0f90 f   sfc_debug:sfdb_breakpoints.obj
 0001:000b0380       sf_debug_sc_terminate      00000001800b1380 f   sfc_debug:sfdb_state_consistency.obj
 0001:000b06a0       sf_debug_sc_is_chart_consistent 00000001800b16a0 f   sfc_debug:sfdb_state_consistency.obj
 0001:000b0950       sf_debug_sc_get_consistency_error_info 00000001800b1950 f   sfc_debug:sfdb_state_consistency.obj
 0001:000b0d60       sf_debug_tm_terminate      00000001800b1d60 f   sfc_debug:sfdb_call_stack.obj
 0001:000b0e10       sf_debug_tm_push_chart_instance 00000001800b1e10 f   sfc_debug:sfdb_call_stack.obj
 0001:000b0f50       sf_debug_tm_pop_chart_instance 00000001800b1f50 f   sfc_debug:sfdb_call_stack.obj
 0001:000b0fb0       sf_debug_tm_push_trace_node 00000001800b1fb0 f   sfc_debug:sfdb_call_stack.obj
 0001:000b1130       sf_debug_tm_pop_trace_node 00000001800b2130 f   sfc_debug:sfdb_call_stack.obj
 0001:000b11b0       sf_debug_tm_get_current_global_trace_index 00000001800b21b0 f   sfc_debug:sfdb_call_stack.obj
 0001:000b11c0       sf_debug_tm_get_current_local_trace_index 00000001800b21c0 f   sfc_debug:sfdb_call_stack.obj
 0001:000b11f0       sf_debug_tm_set_cycle_detected_flag 00000001800b21f0 f   sfc_debug:sfdb_call_stack.obj
 0001:000b1230       sf_debug_tm_set_cycle_started_flag 00000001800b2230 f   sfc_debug:sfdb_call_stack.obj
 0001:000b1270       sf_debug_tm_get_chart_number_from_stack 00000001800b2270 f   sfc_debug:sfdb_call_stack.obj
 0001:000b1470       sf_debug_tm_browse_trace   00000001800b2470 f   sfc_debug:sfdb_call_stack.obj
 0001:000b1780       sf_debug_cd_initialize_instance 00000001800b2780 f   sfc_debug:sfdb_cycle_detection.obj
 0001:000b1a30       sf_debug_cd_mark_processed_transition_in_instance 00000001800b2a30 f   sfc_debug:sfdb_cycle_detection.obj
 0001:000b1ad0       sf_debug_cd_checksum_push  00000001800b2ad0 f   sfc_debug:sfdb_cycle_detection.obj
 0001:000b1d80       sf_debug_cd_checksum_pop   00000001800b2d80 f   sfc_debug:sfdb_cycle_detection.obj
 0001:000b1df0       sf_debug_cd_turn_off_cycle_detection 00000001800b2df0 f   sfc_debug:sfdb_cycle_detection.obj
 0001:000b1e40       sf_debug_cd_terminate      00000001800b2e40 f   sfc_debug:sfdb_cycle_detection.obj
 0001:000b2070       md5_initialize_state       00000001800b3070 f   sfc_debug:ckmd5.obj
 0001:000b2b00       md5_update_state           00000001800b3b00 f   sfc_debug:ckmd5.obj
 0001:000b2b20       md5_get_hash               00000001800b3b20 f   sfc_debug:ckmd5.obj
 0001:000b2b50       md5_get_hash_for_a_single_string 00000001800b3b50 f   sfc_debug:ckmd5.obj
 0001:000b2bb0       mxGetPr                    00000001800b3bb0 f   libmx:libmx.dll
 0001:000b2bb6       mxCreateDoubleScalar       00000001800b3bb6 f   libmx:libmx.dll
 0001:000b2bbc       mxCreateDoubleMatrix_730   00000001800b3bbc f   libmx:libmx.dll
 0001:000b2bc2       mxSetField_730             00000001800b3bc2 f   libmx:libmx.dll
 0001:000b2bc8       mxCreateString             00000001800b3bc8 f   libmx:libmx.dll
 0001:000b2bce       mxCreateStructMatrix_730   00000001800b3bce f   libmx:libmx.dll
 0001:000b2bd4       mxCreateCellMatrix_730     00000001800b3bd4 f   libmx:libmx.dll
 0001:000b2bda       mxDestroyArray             00000001800b3bda f   libmx:libmx.dll
 0001:000b2be0       mxDuplicateArray           00000001800b3be0 f   libmx:libmx.dll
 0001:000b2be6       mxIsEmpty                  00000001800b3be6 f   libmx:libmx.dll
 0001:000b2bec       mxGetString_730            00000001800b3bec f   libmx:libmx.dll
 0001:000b2bf2       mxIsChar                   00000001800b3bf2 f   libmx:libmx.dll
 0001:000b2bf8       mxGetClassID               00000001800b3bf8 f   libmx:libmx.dll
 0001:000b2bfe       mxIsNumeric                00000001800b3bfe f   libmx:libmx.dll
 0001:000b2c04       mxIsComplex                00000001800b3c04 f   libmx:libmx.dll
 0001:000b2c0a       mxGetN                     00000001800b3c0a f   libmx:libmx.dll
 0001:000b2c10       mxGetM                     00000001800b3c10 f   libmx:libmx.dll
 0001:000b2c16       mxCalloc                   00000001800b3c16 f   libmx:libmx.dll
 0001:000b2c1c       mxGetScalar                00000001800b3c1c f   libmx:libmx.dll
 0001:000b2c22       mxIsLogical                00000001800b3c22 f   libmx:libmx.dll
 0001:000b2c28       mxCreateDoubleMatrix_700   00000001800b3c28 f   libmx:libmx.dll
 0001:000b2c2e       mxFree                     00000001800b3c2e f   libmx:libmx.dll
[...]
 0001:00089540       sf_mex_check_complex       000000018008a540 f   sfc_mex:sfc_mex.obj
 0001:000895d0       sf_mex_check_sparse        000000018008a5d0 f   sfc_mex:sfc_mex.obj
 0001:00089630       sf_mex_check_numerictype   000000018008a630 f   sfc_mex:sfc_mex.obj
 0001:000897c0       sf_mex_check_fimath        000000018008a7c0 f   sfc_mex:sfc_mex.obj
 0001:0008a320       size_mismatch_error        000000018008b320 f   sfc_mex:sfc_mex.obj
 0001:0008ad90       check_array_dimensions     000000018008bd90 f   sfc_mex:sfc_mex.obj
 0001:0008ae00       check_input_mxarray        000000018008be00 f   sfc_mex:sfc_mex.obj
 0001:0008b540       sf_numeric_value_to_double 000000018008c540 f   sfc_mex:sfc_mex.obj
 0001:0008b590       ml_generic_out_of_bounds_check 000000018008c590 f   sfc_mex:sfc_mex.obj
 0001:0008b750       ml_get_element_value_from_array 000000018008c750 f   sfc_mex:sfc_mex.obj
 0001:0008baf0       _ml_generic_castability_check 000000018008caf0 f   sfc_mex:sfc_mex.obj
 0001:0008c240       ml_generic_castability_check 000000018008d240 f   sfc_mex:sfc_mex.obj
 0001:0008c2e0       ml_check_mx_array_for_single_castability 000000018008d2e0 f   sfc_mex:sfc_mex.obj
 0001:0008c380       ml_check_mx_array_for_logical_castability 000000018008d380 f   sfc_mex:sfc_mex.obj
 0001:0008c420       ml_check_mx_array_for_int8_castability 000000018008d420 f   sfc_mex:sfc_mex.obj
 0001:0008c4d0       ml_check_mx_array_for_uint8_castability 000000018008d4d0 f   sfc_mex:sfc_mex.obj
 0001:0008c530       ml_check_mx_array_for_int16_castability 000000018008d530 f   sfc_mex:sfc_mex.obj
 0001:0008c590       ml_check_mx_array_for_uint16_castability 000000018008d590 f   sfc_mex:sfc_mex.obj
 0001:0008c5f0       ml_check_mx_array_for_int32_castability 000000018008d5f0 f   sfc_mex:sfc_mex.obj
 0001:0008c650       ml_check_mx_array_for_uint32_castability 000000018008d650 f   sfc_mex:sfc_mex.obj
 0001:0008c6b0       ml_check_mx_array_for_castability 000000018008d6b0 f   sfc_mex:sfc_mex.obj
 0001:0008ced0       set_data_value             000000018008ded0 f   sfc_mex:sfc_mex.obj
 0001:0008d240       get_data_value             000000018008e240 f   sfc_mex:sfc_mex.obj
 0001:0008d350       get_next_element_address   000000018008e350 f   sfc_mex:sfc_mex.obj
 0001:0008d420       sf_normalize_index         000000018008e420 f   sfc_mex:sfc_mex.obj
 0001:0008d7d0       ml_array_index_bound_check 000000018008e7d0 f   sfc_mex:sfc_mex.obj
 0001:0008e350       mx_value                   000000018008f350 f   sfc_mex:sfc_mex.obj
 0001:0008e3a0       sf_create_numeric_array    000000018008f3a0 f   sfc_mex:sfc_mex.obj
 0001:0008e440       sf_mex_assign_to_mx_array  000000018008f440 f   sfc_mex:sfc_mex.obj
 0001:0008e7b0       assign_from_mx_array       000000018008f7b0 f   sfc_mex:sfc_mex.obj
 0001:0008ef10       sf_mex_import_v            000000018008ff10 f   sfc_mex:sfc_mex.obj
 0001:0008f620       get_machine_and_chart_file_number 0000000180090620 f   sfc_mex:sfc_sf.obj
 0001:0008f710       get_sfun_block_specialization 0000000180090710 f   sfc_mex:sfc_sf.obj
 0001:0008f7c0       call_sf_machine_global_method_dispatcher 00000001800907c0 f   sfc_mex:sfc_sf.obj
 0001:0008fa10       mdl_zeroCrossings_processing 0000000180090a10 f   sfc_mex:sfc_sf.obj
 0001:0008faf0       mdl_derivatives_processing 0000000180090af0 f   sfc_mex:sfc_sf.obj
 0001:0008fdd0       mdl_outputs_continuous_legacy 0000000180090dd0 f   sfc_mex:sfc_sf.obj
 0001:0008fe50       mdl_outputs_processing     0000000180090e50 f   sfc_mex:sfc_sf.obj
 0001:000900c0       mdl_enable_processing      00000001800910c0 f   sfc_mex:sfc_sf.obj
 0001:000901a0       mdl_disable_processing     00000001800911a0 f   sfc_mex:sfc_sf.obj
 0001:00091030       sf_call_output_fcn_enable_disable 0000000180092030 f   sfc_mex:sfc_sf.obj
 0001:000912b0       set_dwork_information_from_mx_array 00000001800922b0 f   sfc_mex:sfc_sf.obj
 0001:00091ba0       ptr2mxStruct               0000000180092ba0 f   sfc_mex:sfc_sf.obj
 0001:00091eb0       SNPRINTF_WRAPPER           0000000180092eb0 f   sfc_debug:sfcdebug.obj
 0001:00091ee0       sf_debug_chart_instance_initialized 0000000180092ee0 f   sfc_debug:sfcdebug.obj
 0001:00092080       sfrtAddSize                0000000180093080 f   sfc_debug:sfcdebug.obj
 0001:00092140       sfrtGenSizeString          0000000180093140 f   sfc_debug:sfcdebug.obj
 0001:00092890       fill_single_message_info   0000000180093890 f   sfc_debug:sfcdebug.obj
 0001:00092b10       sf_debug_sim_status_listener 0000000180093b10 f   sfc_debug:sfcdebug.obj
 0001:000930a0       sf_debug_form_mask_bits    00000001800940a0 f   sfc_debug:sfcdebug.obj
 0001:000930c0       sf_debug_form_sf_data_type_offsets 00000001800940c0 f   sfc_debug:sfcdebug.obj
 0001:00093180       sf_debug_free_all          0000000180094180 f   sfc_debug:sfcdebug.obj
 0001:00093310       sf_debug_append_debugger_context 0000000180094310 f   sfc_debug:sfcdebug.obj
 0001:00093680       local_strdup               0000000180094680 f   sfc_debug:sfcdebug.obj
 0001:00094600       sf_debug_em_terminate      0000000180095600 f   sfc_debug:sfcdebug.obj
 0001:00094640       sf_debug_push_eml_function 0000000180095640 f   sfc_debug:sfcdebug.obj
 0001:000946e0       sf_debug_pop_eml_function  00000001800956e0 f   sfc_debug:sfcdebug.obj
 0001:00095380       sf_debug_get_machine_number_from_id_or_name 0000000180096380 f   sfc_debug:sfcdebug.obj
 0001:000954d0       sf_debug_get_chart_number_from_id 00000001800964d0 f   sfc_debug:sfcdebug.obj
 0001:000962b0       sf_debug_transfer_control_to_debugger_GUI 00000001800972b0 f   sfc_debug:sfcdebug.obj
 0001:00097220       sf_debug_scripts_rehash    0000000180098220 f   sfc_debug:sfcdebug.obj
 0001:00097430       sf_debug_get_script_line_count 0000000180098430 f   sfc_debug:sfcdebug.obj
 0001:00097e80       cv_eml_state_cvId          0000000180098e80 f   sfc_debug:sfcdebug.obj
 0001:00097ef0       cv_eml_trans_cvId          0000000180098ef0 f   sfc_debug:sfcdebug.obj
 0001:00099370       sf_debug_data_array_bounds_error 000000018009a370 f   sfc_debug:sfcdebug.obj
 0001:00099720       eml_debug_runtime_error_doclink 000000018009a720 f   sfc_debug:sfcdebug.obj
 0001:00099890       sf_debug_runtime_error     000000018009a890 f   sfc_debug:sfcdebug.obj
 0001:00099900       sf_debug_matlab_error      000000018009a900 f   sfc_debug:sfcdebug.obj
 0001:0009a270       sf_debug_data_value_error  000000018009b270 f   sfc_debug:sfcdebug.obj
 0001:0009ab40       sf_debug_data_loss_error   000000018009bb40 f   sfc_debug:sfcdebug.obj
 0001:0009ba60       call_cv_range_check        000000018009ca60 f   sfc_debug:sfcdebug.obj
 0001:0009c2c0       sf_debug_invoke_cycle_detection_code 000000018009d2c0 f   sfc_debug:sfcdebug.obj
 0001:0009ce30       sf_reset_debug_info_struct 000000018009de30 f   sfc_debug:sfcdebug.obj
 0001:0009d620       cv_script_cvId             000000018009e620 f   sfc_debug:sfcdebug.obj
 0001:0009e7e0       sfc_api_chart_visible      000000018009f7e0 f   sfc_debug:sfc_api.obj
 0001:0009e870       sfc_api_active_instance    000000018009f870 f   sfc_debug:sfc_api.obj
 0001:0009e900       sfc_api_machine_load       000000018009f900 f   sfc_debug:sfc_api.obj
 0001:0009e9f0       sfc_api_debugger_alive     000000018009f9f0 f   sfc_debug:sfc_api.obj
 0001:0009ea00       sfc_api_go                 000000018009fa00 f   sfc_debug:sfc_api.obj
 0001:0009ea10       sfc_api_step_over          000000018009fa10 f   sfc_debug:sfc_api.obj
 0001:0009ea20       sfc_api_step_out           000000018009fa20 f   sfc_debug:sfc_api.obj
 0001:0009ea30       sfc_api_resume             000000018009fa30 f   sfc_debug:sfc_api.obj
 0001:0009ea40       sfc_api_break              000000018009fa40 f   sfc_debug:sfc_api.obj
 0001:0009ea50       sfc_api_stop_debugging     000000018009fa50 f   sfc_debug:sfc_api.obj
 0001:0009eab0       sfc_api_is_cycle_detected  000000018009fab0 f   sfc_debug:sfc_api.obj
 0001:0009eb10       sfc_api_is_array_bounds_detected 000000018009fb10 f   sfc_debug:sfc_api.obj
 0001:0009eb70       sfc_api_set_disable_all_breakpoints 000000018009fb70 f   sfc_debug:sfc_api.obj
 0001:0009ebf0       sfc_api_disable_all_breakpoints_and_go 000000018009fbf0 f   sfc_debug:sfc_api.obj
 0001:0009ec00       sfc_api_close              000000018009fc00 f   sfc_debug:sfc_api.obj
 0001:0009ec10       sfc_api_browse_data        000000018009fc10 f   sfc_debug:sfc_api.obj
 0001:0009ec90       sfc_api_watch_data         000000018009fc90 f   sfc_debug:sfc_api.obj
 0001:0009eda0       sfc_api_extract_message_post_receive_info 000000018009fda0 f   sfc_debug:sfc_api.obj
 0001:0009edc0       sfc_api_assign_data        000000018009fdc0 f   sfc_debug:sfc_api.obj
 0001:0009ee70       sfc_api_whos               000000018009fe70 f   sfc_debug:sfc_api.obj
 0001:0009ef00       sfc_api_get_consistency_info 000000018009ff00 f   sfc_debug:sfc_api.obj
 0001:0009ef10       sfc_api_browse_trace       000000018009ff10 f   sfc_debug:sfc_api.obj
 0001:0009ef20       sfc_api_break_on_chart_entry 000000018009ff20 f   sfc_debug:sfc_api.obj
 0001:0009ef50       sfc_api_break_on_event_broadcast 000000018009ff50 f   sfc_debug:sfc_api.obj
 0001:0009ef80       sfc_api_break_on_state_entry 000000018009ff80 f   sfc_debug:sfc_api.obj
 0001:0009efb0       sfc_api_set_watch          000000018009ffb0 f   sfc_debug:sfc_api.obj
 0001:0009f060       sfc_api_set_breakpoints    00000001800a0060 f   sfc_debug:sfc_api.obj
 0001:0009f120       sfc_api_set_eml_breakpoints 00000001800a0120 f   sfc_debug:sfc_api.obj
 0001:0009f1c0       sfc_api_set_script_breakpoints 00000001800a01c0 f   sfc_debug:sfc_api.obj
 0001:0009f220       sfc_api_add_script_breakpoints 00000001800a0220 f   sfc_debug:sfc_api.obj
 0001:0009f280       sfc_api_clear_script_breakpoints 00000001800a0280 f   sfc_debug:sfc_api.obj
 0001:0009f2e0       sfc_api_query_script_breakpoints 00000001800a02e0 f   sfc_debug:sfc_api.obj
 0001:0009f350       sfc_api_get_script_id      00000001800a0350 f   sfc_debug:sfc_api.obj
 0001:0009f410       sfc_api_get_active_states  00000001800a0410 f   sfc_debug:sfc_api.obj
 0001:0009f4a0       sfc_api_break_between_times 00000001800a04a0 f   sfc_debug:sfc_api.obj
 0001:0009f510       sfc_api_get_instance_handle 00000001800a0510 f   sfc_debug:sfc_api.obj
 0001:0009f5e0       sfc_api_set_animation      00000001800a05e0 f   sfc_debug:sfc_api.obj
 0001:0009f630       sfc_api_select_chart       00000001800a0630 f   sfc_debug:sfc_api.obj
 0001:0009f6a0       sfc_api_select_charts      00000001800a06a0 f   sfc_debug:sfc_api.obj
 0001:0009f6d0       sfc_api_cycle_detection_check 00000001800a06d0 f   sfc_debug:sfc_api.obj
 0001:0009f720       sfc_api_data_range_check   00000001800a0720 f   sfc_debug:sfc_api.obj
 0001:0009f770       sfc_api_transition_conflict_check 00000001800a0770 f   sfc_debug:sfc_api.obj
 0001:0009f7c0       sfc_api_state_consistency_check 00000001800a07c0 f   sfc_debug:sfc_api.obj
 0001:0009f810       sfc_api_set_instance_cv_ids 00000001800a0810 f   sfc_debug:sfc_api.obj
 0001:0009f940       sfc_api_set_script_cv_ids  00000001800a0940 f   sfc_debug:sfc_api.obj
 0001:0009fa10       sfc_api_get_current_machine_id 00000001800a0a10 f   sfc_debug:sfc_api.obj
 0001:0009fa40       sfc_api_get_current_machine_number 00000001800a0a40 f   sfc_debug:sfc_api.obj
 0001:0009fa70       sfc_api_get_current_chart_number 00000001800a0a70 f   sfc_debug:sfc_api.obj
 0001:0009faa0       sfc_api_get_current_instance_number 00000001800a0aa0 f   sfc_debug:sfc_api.obj
 0001:0009fad0       sfc_api_get_current_instance_handle 00000001800a0ad0 f   sfc_debug:sfc_api.obj
 0001:0009faf0       sfc_api_get_current_is_minor_time_step 00000001800a0af0 f   sfc_debug:sfc_api.obj
 0001:0009fb20       sfc_api_get_current_machine_name 00000001800a0b20 f   sfc_debug:sfc_api.obj
 0001:0009fb40       sfc_api_get_current_chart_id 00000001800a0b40 f   sfc_debug:sfc_api.obj
 0001:0009fb70       sfc_api_get_current_object_type 00000001800a0b70 f   sfc_debug:sfc_api.obj
 0001:0009fba0       sfc_api_get_current_event_type 00000001800a0ba0 f   sfc_debug:sfc_api.obj
 0001:0009fbd0       sfc_api_get_current_object_id 00000001800a0bd0 f   sfc_debug:sfc_api.obj
 0001:0009fc00       sfc_get_current_active_event_type 00000001800a0c00 f   sfc_debug:sfc_api.obj
 0001:0009fc30       sfc_api_get_current_active_event_id 00000001800a0c30 f   sfc_debug:sfc_api.obj
 0001:0009fc60       sfc_api_get_current_simulation_time 00000001800a0c60 f   sfc_debug:sfc_api.obj
 0001:0009fc80       sfc_get_current_tag_type   00000001800a0c80 f   sfc_debug:sfc_api.obj
 0001:0009fcb0       sfc_get_current_coverage_percentage 00000001800a0cb0 f   sfc_debug:sfc_api.obj
 0001:0009fcd0       sfc_get_current_statement_context 00000001800a0cd0 f   sfc_debug:sfc_api.obj
 0001:0009fcf0       sfc_get_current_optional_integer 00000001800a0cf0 f   sfc_debug:sfc_api.obj
 0001:0009fd20       sfc_get_current_statement_info 00000001800a0d20 f   sfc_debug:sfc_api.obj
 0001:0009fdc0       sfc_api_get                00000001800a0dc0 f   sfc_debug:sfc_api.obj
 0001:000a0a20       sf_debug_sm_fill_state_activity_data 00000001800a1a20 f   sfc_debug:sfdb_animation.obj
 0001:000a3260       void_ptr_stack_vector_free_total 00000001800a4260 f   sfc_debug:sfdb_data_browse.obj
 0001:000a32e0       sf_debug_st_terminate_machine 00000001800a42e0 f   sfc_debug:sfdb_data_browse.obj
 0001:000a3320       sf_debug_st_terminate_instance 00000001800a4320 f   sfc_debug:sfdb_data_browse.obj
 0001:000a36d0       push_on_to_void_ptr_stack  00000001800a46d0 f   sfc_debug:sfdb_data_browse.obj
 0001:000a3860       pop_from_void_ptr_stack    00000001800a4860 f   sfc_debug:sfdb_data_browse.obj
 0001:000a3990       sf_debug_st_get_data_value 00000001800a4990 f   sfc_debug:sfdb_data_browse.obj
 0001:000a3ec0       mx_value                   00000001800a4ec0 f   sfc_debug:sfdb_data_browse.obj
 0001:000a3f00       sf_debug_st_fill_data_struct 00000001800a4f00 f   sfc_debug:sfdb_data_browse.obj
 0001:000a4240       data_type_format_strings   00000001800a5240 f   sfc_debug:sfdb_data_browse.obj
 0001:000a42f0       sf_debug_st_fill_data      00000001800a52f0 f   sfc_debug:sfdb_data_browse.obj
 0001:000a4fe0       sf_debug_hm_get_simulink_handle 00000001800a5fe0 f   sfc_debug:sfdb_handle_management.obj
 0001:000a5a90       sf_debug_hm_initialize_globals 00000001800a6a90 f   sfc_debug:sfdb_handle_management.obj
 0001:000a5b90       sf_debug_hm_get_machine_debug_flag 00000001800a6b90 f   sfc_debug:sfdb_handle_management.obj
 0001:000a5d00       sf_debug_hm_get_machine_id 00000001800a6d00 f   sfc_debug:sfdb_handle_management.obj
 0001:000a5e20       sf_debug_hm_get_chart_id   00000001800a6e20 f   sfc_debug:sfdb_handle_management.obj
 0001:000a5fc0       sf_debug_hm_register_executing_SFunction 00000001800a6fc0 f   sfc_debug:sfdb_handle_management.obj
 0001:000a6350       sf_debug_hm_form_object_boolean_properties 00000001800a7350 f   sfc_debug:sfdb_handle_management.obj
 0001:000a6620       sf_debug_hm_form_object_properties 00000001800a7620 f   sfc_debug:sfdb_handle_management.obj
 0001:000a6860       sf_debug_hm_terminate_charts 00000001800a7860 f   sfc_debug:sfdb_handle_management.obj
 0001:000a6f40       sf_debug_hm_terminate_machines 00000001800a7f40 f   sfc_debug:sfdb_handle_management.obj
 0001:000a89b0       sf_debug_ss_copy_dimension 00000001800a99b0 f   sfc_debug:sfdb_symbol_scope.obj
 0001:000a8a70       sf_debug_ss_get_number_elements 00000001800a9a70 f   sfc_debug:sfdb_symbol_scope.obj
 0001:000a8a90       sf_debug_ss_fill_data_struct 00000001800a9a90 f   sfc_debug:sfdb_symbol_scope.obj
 0001:000a8de0       sf_debug_ss_reset_data_info 00000001800a9de0 f   sfc_debug:sfdb_symbol_scope.obj
 0001:000a8e40       sf_debug_fill_data_info_by_symbol_scope_entry 00000001800a9e40 f   sfc_debug:sfdb_symbol_scope.obj
 0001:000a8f00       sf_debug_fill_data_info_by_data_vector 00000001800a9f00 f   sfc_debug:sfdb_symbol_scope.obj
 0001:000a9150       get_data_info_helper       00000001800aa150 f   sfc_debug:sfdb_symbol_scope.obj
 0001:000a9440       sf_debug_ss_get_data_info  00000001800aa440 f   sfc_debug:sfdb_symbol_scope.obj
 0001:000a9660       sf_debug_select_mex_function 00000001800aa660 f   sfc_debug:sfdb_symbol_scope.obj
 0001:000a9690       sf_debug_is_dyn_matrix_initialized 00000001800aa690 f   sfc_debug:sfdb_symbol_scope.obj
 0001:000a96b0       sf_debug_ss_set_data_value_try 00000001800aa6b0 f   sfc_debug:sfdb_symbol_scope.obj
 0001:000a98a0       sf_debug_ss_get_data_value 00000001800aa8a0 f   sfc_debug:sfdb_symbol_scope.obj
 0001:000aa000       sf_debug_ss_data_bytes_string 00000001800ab000 f   sfc_debug:sfdb_symbol_scope.obj
 0001:000aa090       sf_debug_ss_data_class_string 00000001800ab090 f   sfc_debug:sfdb_symbol_scope.obj
 0001:000aa410       sf_debug_ss_data_size_string 00000001800ab410 f   sfc_debug:sfdb_symbol_scope.obj
 0001:000aa4f0       sf_debug_ss_data_create_data_info_struct 00000001800ab4f0 f   sfc_debug:sfdb_symbol_scope.obj
 0001:000aa7a0       sf_debug_ss_data_create_name_value_pair 00000001800ab7a0 f   sfc_debug:sfdb_symbol_scope.obj
 0001:000aa840       sf_debug_ss_data_get_whos_info 00000001800ab840 f   sfc_debug:sfdb_symbol_scope.obj
 0001:000aa850       same_named_data_in_data_array 00000001800ab850 f   sfc_debug:sfdb_symbol_scope.obj
 0001:000abfe0       sf_debug_cc_terminate_chart 00000001800acfe0 f   sfc_debug:sfdb_coverage.obj
 0001:000ac2f0       sf_debug_cc_terminate_instance 00000001800ad2f0 f   sfc_debug:sfdb_coverage.obj
 0001:000acec0       sf_debug_cc_mark_object_if_needed 00000001800adec0 f   sfc_debug:sfdb_coverage.obj
 0001:000ad740       sf_debug_bm_initialize_eml 00000001800ae740 f   sfc_debug:sfdb_breakpoints.obj
 0001:000ae800       sf_debug_bm_map_debug_tag_to_breakpoint_tag 00000001800af800 f   sfc_debug:sfdb_breakpoints.obj
 0001:000ae8e0       sf_debug_bm_is_a_eml_breakpoint_impl 00000001800af8e0 f   sfc_debug:sfdb_breakpoints.obj
 0001:000b0210       sf_debug_sc_push_on_error_stack 00000001800b1210 f   sfc_debug:sfdb_state_consistency.obj
 0001:000b0330       sf_debug_sc_reset_error_stack 00000001800b1330 f   sfc_debug:sfdb_state_consistency.obj
 0001:000b04c0       sf_debug_sc_is_state_inconsistent 00000001800b14c0 f   sfc_debug:sfdb_state_consistency.obj
 0001:000b07b0       sf_debug_sc_fill_consistency_info 00000001800b17b0 f   sfc_debug:sfdb_state_consistency.obj
 0001:000b0d50       void_assertion_fcn         00000001800b1d50 f   sfc_debug:sfdb_call_stack.obj
 0001:000b12a0       sf_debug_tm_fill_local_trace 00000001800b22a0 f   sfc_debug:sfdb_call_stack.obj
 0001:000b1840       sf_debug_cd_terminate_instance 00000001800b2840 f   sfc_debug:sfdb_cycle_detection.obj
 0001:000b18a0       sf_debug_cd_free_checksum_stack 00000001800b28a0 f   sfc_debug:sfdb_cycle_detection.obj
 0001:000b18f0       sf_debug_cd_reset_pack_strings 00000001800b28f0 f   sfc_debug:sfdb_cycle_detection.obj
 0001:000b1f90       md5file_clear              00000001800b2f90 f   sfc_debug:ckmd5.obj
 0001:000b1fc0       Encode                     00000001800b2fc0 f   sfc_debug:ckmd5.obj
 0001:000b2010       Decode                     00000001800b3010 f   sfc_debug:ckmd5.obj
 0001:000b20b0       MD5Transform               00000001800b30b0 f   sfc_debug:ckmd5.obj
 0001:000b2910       md5file_addn               00000001800b3910 f   sfc_debug:ckmd5.obj
 0001:000b29e0       md5file_hash               00000001800b39e0 f   sfc_debug:ckmd5.obj
 0001:000b2f08       pre_c_init                 00000001800b3f08 f   MSVCRT:crtdll.obj
 0001:000b31c4       __DllMainCRTStartup        00000001800b41c4 f   MSVCRT:crtdll.obj
 0001:000b38c0       __DllMainCRTStartup$filt$0 00000001800b48c0 f   MSVCRT:crtdll.obj
 0001:000b38f0       __DllMainCRTStartup$fin$1  00000001800b48f0 f   MSVCRT:crtdll.obj
 0001:000b390a       _onexit$fin$0              00000001800b490a f   MSVCRT:atonexit.obj
 0001:000b3930       _IsNonwritableInCurrentImage$filt$0 00000001800b4930 f   MSVCRT:pesect.obj
