 ctrl_student_sfun

 Timestamp is 5671777d (Wed Dec 16 15:38:53 2015)

 Preferred load address is 0000000180000000

 Start         Length     Name                   Class
 0001:00000000 00062024H .text                   CODE
 0001:00062030 00000092H .text$x                 CODE
 0002:00000000 000004a8H .idata$5                DATA
 0002:000004a8 00000008H .CRT$XCA                DATA
 0002:000004b0 00000008H .CRT$XCZ                DATA
 0002:000004b8 00000008H .CRT$XIA                DATA
 0002:000004c0 00000008H .CRT$XIAA               DATA
 0002:000004c8 00000008H .CRT$XIZ                DATA
 0002:000004d0 00000aecH .rdata                  DATA
 0002:00000fc0 00000008H .rtc$IAA                DATA
 0002:00000fc8 00000008H .rtc$IZZ                DATA
 0002:00000fd0 00000008H .rtc$TAA                DATA
 0002:00000fd8 00000008H .rtc$TZZ                DATA
 0002:00000fe0 00001b28H .xdata                  DATA
 0002:00002b08 0000008cH .idata$2                DATA
 0002:00002b94 00000014H .idata$3                DATA
 0002:00002ba8 000004a8H .idata$4                DATA
 0002:00003050 00000ce4H .idata$6                DATA
 0002:00003d40 00000057H .edata                  DATA
 0003:00000000 0001a778H .data                   DATA
 0003:0001a780 00000808H .bss                    DATA
 0004:00000000 000022b0H .pdata                  DATA

  Address         Publics by Value              Rva+Base               Lib:Object

 0000:00000000       ___safe_se_handler_count   0000000000000000     <absolute>
 0000:00000000       ___safe_se_handler_table   0000000000000000     <absolute>
 0000:00000000       __ImageBase                0000000180000000     <linker-defined>
 0001:00000000       ctrl_student_initializer   0000000180001000 f   ctrl_student_sfun.obj
 0001:00000010       ctrl_student_terminator    0000000180001010 f   ctrl_student_sfun.obj
 0001:00000020       sf_ctrl_student_method_dispatcher 0000000180001020 f   ctrl_student_sfun.obj
 0001:00000260       sf_ctrl_student_process_check_sum_call 0000000180001260 f   ctrl_student_sfun.obj
 0001:000007d0       sf_ctrl_student_autoinheritance_info 00000001800017d0 f   ctrl_student_sfun.obj
 0001:00000da0       sf_ctrl_student_get_eml_resolved_functions_info 0000000180001da0 f   ctrl_student_sfun.obj
 0001:00001260       sf_ctrl_student_third_party_uses_info 0000000180002260 f   ctrl_student_sfun.obj
 0001:00001690       sf_ctrl_student_updateBuildInfo_args_info 0000000180002690 f   ctrl_student_sfun.obj
 0001:00001ac0       ctrl_student_debug_initialize 0000000180002ac0 f   ctrl_student_sfun.obj
 0001:00001b40       ctrl_student_register_exported_symbols 0000000180002b40 f   ctrl_student_sfun.obj
 0001:00001b50       load_ctrl_student_optimization_info 0000000180002b50 f   ctrl_student_sfun.obj
 0001:00001ba0       unload_ctrl_student_optimization_info 0000000180002ba0 f   ctrl_student_sfun.obj
 0001:00001bd0       sf_c1_ctrl_student_get_eml_resolved_functions_info 0000000180002bd0 f   c1_ctrl_student.obj
 0001:00007030       sf_c1_ctrl_student_get_check_sum 0000000180008030 f   c1_ctrl_student.obj
 0001:000070b0       sf_c1_ctrl_student_get_autoinheritance_info 00000001800080b0 f   c1_ctrl_student.obj
 0001:00007c90       sf_c1_ctrl_student_third_party_uses_info 0000000180008c90 f   c1_ctrl_student.obj
 0001:00007cc0       sf_c1_ctrl_student_updateBuildInfo_args_info 0000000180008cc0 f   c1_ctrl_student.obj
 0001:00007cf0       sf_internal_get_sim_state_c1_ctrl_student 0000000180008cf0 f   c1_ctrl_student.obj
 0001:000082a0       sf_internal_set_sim_state_c1_ctrl_student 00000001800092a0 f   c1_ctrl_student.obj
 0001:00008770       c1_ctrl_student_method_dispatcher 0000000180009770 f   c1_ctrl_student.obj
 0001:0000f190       sf_c2_ctrl_student_get_eml_resolved_functions_info 0000000180010190 f   c2_ctrl_student.obj
 0001:0000f210       sf_c2_ctrl_student_get_check_sum 0000000180010210 f   c2_ctrl_student.obj
 0001:0000f290       sf_c2_ctrl_student_get_autoinheritance_info 0000000180010290 f   c2_ctrl_student.obj
 0001:0000f6b0       sf_c2_ctrl_student_third_party_uses_info 00000001800106b0 f   c2_ctrl_student.obj
 0001:0000f6e0       sf_c2_ctrl_student_updateBuildInfo_args_info 00000001800106e0 f   c2_ctrl_student.obj
 0001:0000f710       sf_internal_get_sim_state_c2_ctrl_student 0000000180010710 f   c2_ctrl_student.obj
 0001:0000fa70       sf_internal_set_sim_state_c2_ctrl_student 0000000180010a70 f   c2_ctrl_student.obj
 0001:0000fe40       c2_ctrl_student_method_dispatcher 0000000180010e40 f   c2_ctrl_student.obj
 0001:00012700       sf_c5_ctrl_student_get_eml_resolved_functions_info 0000000180013700 f   c5_ctrl_student.obj
 0001:00013940       sf_c5_ctrl_student_get_check_sum 0000000180014940 f   c5_ctrl_student.obj
 0001:000139c0       sf_c5_ctrl_student_get_autoinheritance_info 00000001800149c0 f   c5_ctrl_student.obj
 0001:00014070       sf_c5_ctrl_student_third_party_uses_info 0000000180015070 f   c5_ctrl_student.obj
 0001:000140a0       sf_c5_ctrl_student_updateBuildInfo_args_info 00000001800150a0 f   c5_ctrl_student.obj
 0001:000140d0       sf_internal_get_sim_state_c5_ctrl_student 00000001800150d0 f   c5_ctrl_student.obj
 0001:00014490       sf_internal_set_sim_state_c5_ctrl_student 0000000180015490 f   c5_ctrl_student.obj
 0001:00014920       c5_ctrl_student_method_dispatcher 0000000180015920 f   c5_ctrl_student.obj
 0001:00016f80       sf_c12_ctrl_student_get_eml_resolved_functions_info 0000000180017f80 f   c12_ctrl_student.obj
 0001:00019070       sf_c12_ctrl_student_get_check_sum 000000018001a070 f   c12_ctrl_student.obj
 0001:000190f0       sf_c12_ctrl_student_get_autoinheritance_info 000000018001a0f0 f   c12_ctrl_student.obj
 0001:00019a40       sf_c12_ctrl_student_third_party_uses_info 000000018001aa40 f   c12_ctrl_student.obj
 0001:00019a70       sf_c12_ctrl_student_updateBuildInfo_args_info 000000018001aa70 f   c12_ctrl_student.obj
 0001:00019aa0       sf_internal_get_sim_state_c12_ctrl_student 000000018001aaa0 f   c12_ctrl_student.obj
 0001:00019fa0       sf_internal_set_sim_state_c12_ctrl_student 000000018001afa0 f   c12_ctrl_student.obj
 0001:0001a420       c12_ctrl_student_method_dispatcher 000000018001b420 f   c12_ctrl_student.obj
 0001:0001d340       sf_c13_ctrl_student_get_eml_resolved_functions_info 000000018001e340 f   c13_ctrl_student.obj
 0001:0001ef50       sf_c13_ctrl_student_get_check_sum 000000018001ff50 f   c13_ctrl_student.obj
 0001:0001efd0       sf_c13_ctrl_student_get_autoinheritance_info 000000018001ffd0 f   c13_ctrl_student.obj
 0001:0001f540       sf_c13_ctrl_student_third_party_uses_info 0000000180020540 f   c13_ctrl_student.obj
 0001:0001f570       sf_c13_ctrl_student_updateBuildInfo_args_info 0000000180020570 f   c13_ctrl_student.obj
 0001:0001f5a0       sf_internal_get_sim_state_c13_ctrl_student 00000001800205a0 f   c13_ctrl_student.obj
 0001:0001f900       sf_internal_set_sim_state_c13_ctrl_student 0000000180020900 f   c13_ctrl_student.obj
 0001:0001fcf0       c13_ctrl_student_method_dispatcher 0000000180020cf0 f   c13_ctrl_student.obj
 0001:00022890       sf_c14_ctrl_student_get_eml_resolved_functions_info 0000000180023890 f   c14_ctrl_student.obj
 0001:0002a900       sf_c14_ctrl_student_get_check_sum 000000018002b900 f   c14_ctrl_student.obj
 0001:0002a980       sf_c14_ctrl_student_get_autoinheritance_info 000000018002b980 f   c14_ctrl_student.obj
 0001:0002ada0       sf_c14_ctrl_student_third_party_uses_info 000000018002bda0 f   c14_ctrl_student.obj
 0001:0002add0       sf_c14_ctrl_student_updateBuildInfo_args_info 000000018002bdd0 f   c14_ctrl_student.obj
 0001:0002ae00       sf_internal_get_sim_state_c14_ctrl_student 000000018002be00 f   c14_ctrl_student.obj
 0001:0002b1b0       sf_internal_set_sim_state_c14_ctrl_student 000000018002c1b0 f   c14_ctrl_student.obj
 0001:0002b640       c14_ctrl_student_method_dispatcher 000000018002c640 f   c14_ctrl_student.obj
 0001:0002e7b0       sf_c15_ctrl_student_get_eml_resolved_functions_info 000000018002f7b0 f   c15_ctrl_student.obj
 0001:00033e80       sf_c15_ctrl_student_get_check_sum 0000000180034e80 f   c15_ctrl_student.obj
 0001:00033f00       sf_c15_ctrl_student_get_autoinheritance_info 0000000180034f00 f   c15_ctrl_student.obj
 0001:00034320       sf_c15_ctrl_student_third_party_uses_info 0000000180035320 f   c15_ctrl_student.obj
 0001:00034350       sf_c15_ctrl_student_updateBuildInfo_args_info 0000000180035350 f   c15_ctrl_student.obj
 0001:00034380       sf_internal_get_sim_state_c15_ctrl_student 0000000180035380 f   c15_ctrl_student.obj
 0001:00034740       sf_internal_set_sim_state_c15_ctrl_student 0000000180035740 f   c15_ctrl_student.obj
 0001:00034bd0       c15_ctrl_student_method_dispatcher 0000000180035bd0 f   c15_ctrl_student.obj
 0001:00037ab0       sf_c19_ctrl_student_get_eml_resolved_functions_info 0000000180038ab0 f   c19_ctrl_student.obj
 0001:000380b0       sf_c19_ctrl_student_get_check_sum 00000001800390b0 f   c19_ctrl_student.obj
 0001:00038130       sf_c19_ctrl_student_get_autoinheritance_info 0000000180039130 f   c19_ctrl_student.obj
 0001:000387f0       sf_c19_ctrl_student_third_party_uses_info 00000001800397f0 f   c19_ctrl_student.obj
 0001:00038820       sf_c19_ctrl_student_updateBuildInfo_args_info 0000000180039820 f   c19_ctrl_student.obj
 0001:00038850       sf_internal_get_sim_state_c19_ctrl_student 0000000180039850 f   c19_ctrl_student.obj
 0001:00038c80       sf_internal_set_sim_state_c19_ctrl_student 0000000180039c80 f   c19_ctrl_student.obj
 0001:000390b0       c19_ctrl_student_method_dispatcher 000000018003a0b0 f   c19_ctrl_student.obj
 0001:0003c720       sf_c29_ctrl_student_get_eml_resolved_functions_info 000000018003d720 f   c29_ctrl_student.obj
 0001:0003dbd0       sf_c29_ctrl_student_get_check_sum 000000018003ebd0 f   c29_ctrl_student.obj
 0001:0003dc50       sf_c29_ctrl_student_get_autoinheritance_info 000000018003ec50 f   c29_ctrl_student.obj
 0001:0003e070       sf_c29_ctrl_student_third_party_uses_info 000000018003f070 f   c29_ctrl_student.obj
 0001:0003e0a0       sf_c29_ctrl_student_updateBuildInfo_args_info 000000018003f0a0 f   c29_ctrl_student.obj
 0001:0003e0d0       sf_internal_get_sim_state_c29_ctrl_student 000000018003f0d0 f   c29_ctrl_student.obj
 0001:0003e490       sf_internal_set_sim_state_c29_ctrl_student 000000018003f490 f   c29_ctrl_student.obj
 0001:0003e960       c29_ctrl_student_method_dispatcher 000000018003f960 f   c29_ctrl_student.obj
 0001:00040c90       sf_c30_ctrl_student_get_eml_resolved_functions_info 0000000180041c90 f   c30_ctrl_student.obj
 0001:00042140       sf_c30_ctrl_student_get_check_sum 0000000180043140 f   c30_ctrl_student.obj
 0001:000421c0       sf_c30_ctrl_student_get_autoinheritance_info 00000001800431c0 f   c30_ctrl_student.obj
 0001:000425e0       sf_c30_ctrl_student_third_party_uses_info 00000001800435e0 f   c30_ctrl_student.obj
 0001:00042610       sf_c30_ctrl_student_updateBuildInfo_args_info 0000000180043610 f   c30_ctrl_student.obj
 0001:00042640       sf_internal_get_sim_state_c30_ctrl_student 0000000180043640 f   c30_ctrl_student.obj
 0001:00042a20       sf_internal_set_sim_state_c30_ctrl_student 0000000180043a20 f   c30_ctrl_student.obj
 0001:00042f10       c30_ctrl_student_method_dispatcher 0000000180043f10 f   c30_ctrl_student.obj
 0001:000451f0       sf_c31_ctrl_student_get_eml_resolved_functions_info 00000001800461f0 f   c31_ctrl_student.obj
 0001:000466a0       sf_c31_ctrl_student_get_check_sum 00000001800476a0 f   c31_ctrl_student.obj
 0001:00046720       sf_c31_ctrl_student_get_autoinheritance_info 0000000180047720 f   c31_ctrl_student.obj
 0001:00046b40       sf_c31_ctrl_student_third_party_uses_info 0000000180047b40 f   c31_ctrl_student.obj
 0001:00046b70       sf_c31_ctrl_student_updateBuildInfo_args_info 0000000180047b70 f   c31_ctrl_student.obj
 0001:00046ba0       sf_internal_get_sim_state_c31_ctrl_student 0000000180047ba0 f   c31_ctrl_student.obj
 0001:00046f70       sf_internal_set_sim_state_c31_ctrl_student 0000000180047f70 f   c31_ctrl_student.obj
 0001:00047460       c31_ctrl_student_method_dispatcher 0000000180048460 f   c31_ctrl_student.obj
 0001:00049790       sf_c32_ctrl_student_get_eml_resolved_functions_info 000000018004a790 f   c32_ctrl_student.obj
 0001:00049d90       sf_c32_ctrl_student_get_check_sum 000000018004ad90 f   c32_ctrl_student.obj
 0001:00049e10       sf_c32_ctrl_student_get_autoinheritance_info 000000018004ae10 f   c32_ctrl_student.obj
 0001:0004a4c0       sf_c32_ctrl_student_third_party_uses_info 000000018004b4c0 f   c32_ctrl_student.obj
 0001:0004a4f0       sf_c32_ctrl_student_updateBuildInfo_args_info 000000018004b4f0 f   c32_ctrl_student.obj
 0001:0004a520       sf_internal_get_sim_state_c32_ctrl_student 000000018004b520 f   c32_ctrl_student.obj
 0001:0004a8e0       sf_internal_set_sim_state_c32_ctrl_student 000000018004b8e0 f   c32_ctrl_student.obj
 0001:0004ad70       c32_ctrl_student_method_dispatcher 000000018004bd70 f   c32_ctrl_student.obj
 0001:0004d150       sf_c33_ctrl_student_get_eml_resolved_functions_info 000000018004e150 f   c33_ctrl_student.obj
 0001:0004deb0       sf_c33_ctrl_student_get_check_sum 000000018004eeb0 f   c33_ctrl_student.obj
 0001:0004df30       sf_c33_ctrl_student_get_autoinheritance_info 000000018004ef30 f   c33_ctrl_student.obj
 0001:0004e5e0       sf_c33_ctrl_student_third_party_uses_info 000000018004f5e0 f   c33_ctrl_student.obj
 0001:0004e610       sf_c33_ctrl_student_updateBuildInfo_args_info 000000018004f610 f   c33_ctrl_student.obj
 0001:0004e640       sf_internal_get_sim_state_c33_ctrl_student 000000018004f640 f   c33_ctrl_student.obj
 0001:0004e9f0       sf_internal_set_sim_state_c33_ctrl_student 000000018004f9f0 f   c33_ctrl_student.obj
 0001:0004ee80       c33_ctrl_student_method_dispatcher 000000018004fe80 f   c33_ctrl_student.obj
 0001:00051170       sf_c34_ctrl_student_get_eml_resolved_functions_info 0000000180052170 f   c34_ctrl_student.obj
 0001:00051770       sf_c34_ctrl_student_get_check_sum 0000000180052770 f   c34_ctrl_student.obj
 0001:000517f0       sf_c34_ctrl_student_get_autoinheritance_info 00000001800527f0 f   c34_ctrl_student.obj
 0001:00051ea0       sf_c34_ctrl_student_third_party_uses_info 0000000180052ea0 f   c34_ctrl_student.obj
 0001:00051ed0       sf_c34_ctrl_student_updateBuildInfo_args_info 0000000180052ed0 f   c34_ctrl_student.obj
 0001:00051f00       sf_internal_get_sim_state_c34_ctrl_student 0000000180052f00 f   c34_ctrl_student.obj
 0001:000522b0       sf_internal_set_sim_state_c34_ctrl_student 00000001800532b0 f   c34_ctrl_student.obj
 0001:00052740       c34_ctrl_student_method_dispatcher 0000000180053740 f   c34_ctrl_student.obj
 0001:00054b20       sf_c35_ctrl_student_get_eml_resolved_functions_info 0000000180055b20 f   c35_ctrl_student.obj
 0001:000575e0       sf_c35_ctrl_student_get_check_sum 00000001800585e0 f   c35_ctrl_student.obj
 0001:00057660       sf_c35_ctrl_student_get_autoinheritance_info 0000000180058660 f   c35_ctrl_student.obj
 0001:00057bd0       sf_c35_ctrl_student_third_party_uses_info 0000000180058bd0 f   c35_ctrl_student.obj
 0001:00057c00       sf_c35_ctrl_student_updateBuildInfo_args_info 0000000180058c00 f   c35_ctrl_student.obj
 0001:00057c30       sf_internal_get_sim_state_c35_ctrl_student 0000000180058c30 f   c35_ctrl_student.obj
 0001:00058000       sf_internal_set_sim_state_c35_ctrl_student 0000000180059000 f   c35_ctrl_student.obj
 0001:00058490       c35_ctrl_student_method_dispatcher 0000000180059490 f   c35_ctrl_student.obj
 0001:0005aec0       sf_process_check_sum_call  000000018005bec0 f   ctrl_student_sfun_registry.obj
 0001:0005af10       sf_process_autoinheritance_call 000000018005bf10 f   ctrl_student_sfun_registry.obj
 0001:0005b0b0       sf_process_get_third_party_uses_info_call 000000018005c0b0 f   ctrl_student_sfun_registry.obj
 0001:0005b250       sf_process_get_updateBuildInfo_args_info_call 000000018005c250 f   ctrl_student_sfun_registry.obj
 0001:0005b3f0       sf_process_get_eml_resolved_functions_info_call 000000018005c3f0 f   ctrl_student_sfun_registry.obj
 0001:0005b570       sf_mex_unlock_call         000000018005c570 f   ctrl_student_sfun_registry.obj
 0001:0005b620       sf_machine_global_initializer_called 000000018005c620 f   ctrl_student_sfun_registry.obj
 0001:0005b650       sf_machine_global_method_dispatcher 000000018005c650 f   ctrl_student_sfun_registry.obj
 0001:0005b6b0       sf_machine_global_terminator 000000018005c6b0 f   ctrl_student_sfun_registry.obj
 0001:0005b700       sf_register_machine_exported_symbols 000000018005c700 f   ctrl_student_sfun_registry.obj
 0001:0005b720       callCustomFcn              000000018005c720 f   ctrl_student_sfun_registry.obj
 0001:0005b730       sf_machine_global_initializer 000000018005c730 f   ctrl_student_sfun_registry.obj
 0001:0005b7b0       mdlGetSimState             000000018005c7b0 f   ctrl_student_sfun_registry.obj
 0001:0005b830       mdlSetSimState             000000018005c830 f   ctrl_student_sfun_registry.obj
 0001:0005b870       _ssSetStateAbsTol          000000018005c870 f   ctrl_student_sfun_registry.obj
 0001:0005b950       _ssGetAbsTol               000000018005c950 f   ctrl_student_sfun_registry.obj
 0001:0005b9c0       _ssSetInputPortMatrixDimensions 000000018005c9c0 f   ctrl_student_sfun_registry.obj
 0001:0005bad0       _ssSetOutputPortMatrixDimensions 000000018005cad0 f   ctrl_student_sfun_registry.obj
 0001:0005bbe0       _ssSetInputPortVectorDimension 000000018005cbe0 f   ctrl_student_sfun_registry.obj
 0001:0005bcb0       _ssSetOutputPortVectorDimension 000000018005ccb0 f   ctrl_student_sfun_registry.obj
 0001:0005bd80       ssIsRunTimeParamTunable    000000018005cd80 f   ctrl_student_sfun_registry.obj
 0001:0005bdf0       ssGetSFuncBlockHandle      000000018005cdf0 f   ctrl_student_sfun_registry.obj
 0001:0005be60       _ssGetCurrentInputPortWidth 000000018005ce60 f   ctrl_student_sfun_registry.obj
 0001:0005bf80       _ssGetCurrentOutputPortWidth 000000018005cf80 f   ctrl_student_sfun_registry.obj
 0001:0005c0a0       _ssGetCallSystemNumFcnCallDestinations 000000018005d0a0 f   ctrl_student_sfun_registry.obj
 0001:0005c110       ssWarning                  000000018005d110 f   ctrl_student_sfun_registry.obj
 0001:0005c220       ssGetIsZeroCrossControlDisabled 000000018005d220 f   ctrl_student_sfun_registry.obj
 0001:0005c290       ssSetIsInputPortUsedForContZcSignal 000000018005d290 f   ctrl_student_sfun_registry.obj
 0001:0005c300       ssSetZcSignalIsZcElementDisc 000000018005d300 f   ctrl_student_sfun_registry.obj
 0001:0005c3b0       ssSetZcSignalName          000000018005d3b0 f   ctrl_student_sfun_registry.obj
 0001:0005c420       ssSetZcSignalWidth         000000018005d420 f   ctrl_student_sfun_registry.obj
 0001:0005c490       ssSetZcSignalZcEventType   000000018005d490 f   ctrl_student_sfun_registry.obj
 0001:0005c500       ssSetZcSignalType          000000018005d500 f   ctrl_student_sfun_registry.obj
 0001:0005c570       ssSetZcSignalZcTol         000000018005d570 f   ctrl_student_sfun_registry.obj
 0001:0005c5e0       ssSetZcSignalNeedsEventNotification 000000018005d5e0 f   ctrl_student_sfun_registry.obj
 0001:0005c650       ssCreateAndAddZcSignalInfo 000000018005d650 f   ctrl_student_sfun_registry.obj
 0001:0005c6c0       ssCloneAndAddZcSignalInfo  000000018005d6c0 f   ctrl_student_sfun_registry.obj
 0001:0005c730       ssGetNumZcSignals          000000018005d730 f   ctrl_student_sfun_registry.obj
 0001:0005c7a0       ssGetZcSignalVector        000000018005d7a0 f   ctrl_student_sfun_registry.obj
 0001:0005c810       ssGetZcSignalZcEvents      000000018005d810 f   ctrl_student_sfun_registry.obj
 0001:0005c880       ssGetZcSignalName          000000018005d880 f   ctrl_student_sfun_registry.obj
 0001:0005c8f0       ssGetZcSignalWidth         000000018005d8f0 f   ctrl_student_sfun_registry.obj
 0001:0005c960       ssGetZcSignalZcEventType   000000018005d960 f   ctrl_student_sfun_registry.obj
 0001:0005c9d0       ssGetZcSignalType          000000018005d9d0 f   ctrl_student_sfun_registry.obj
 0001:0005ca40       ssGetZcSignalZcTol         000000018005da40 f   ctrl_student_sfun_registry.obj
 0001:0005cac0       ssGetZcSignalNeedsEventNotification 000000018005dac0 f   ctrl_student_sfun_registry.obj
 0001:0005cb30       ssGetZcSignalIsZcElementDisc 000000018005db30 f   ctrl_student_sfun_registry.obj
 0001:0005cbd0       ssGetIsInputPortElementContinuous 000000018005dbd0 f   ctrl_student_sfun_registry.obj
 0001:0005cc70       _ssGetInputPortSignalPtrsFcn 000000018005dc70 f   ctrl_student_sfun_registry.obj
 0001:0005cf30       _ssGetInputPortSignalFcn   000000018005df30 f   ctrl_student_sfun_registry.obj
 0001:0005d150       _ssSetInputPortDirectFeedThroughFcn 000000018005e150 f   ctrl_student_sfun_registry.obj
 0001:0005d2b0       _ssSetInputPortReusableFcn 000000018005e2b0 f   ctrl_student_sfun_registry.obj
 0001:0005d3a0       _ssSetOutputPortReusableFcn 000000018005e3a0 f   ctrl_student_sfun_registry.obj
 0001:0005d480       ssGetDTypeIdFromMxArray    000000018005e480 f   ctrl_student_sfun_registry.obj
 0001:0005d5a0       ssWriteRTWStr              000000018005e5a0 f   ctrl_student_sfun_registry.obj
 0001:0005d600       ssWriteRTWMxVectParam      000000018005e600 f   ctrl_student_sfun_registry.obj
 0001:0005d660       ssWriteRTWMx2dMatParam     000000018005e660 f   ctrl_student_sfun_registry.obj
 0001:0005d6e0       ssWriteRTWNameValuePair    000000018005e6e0 f   ctrl_student_sfun_registry.obj
 0001:0005dbd0       ssWriteRTWParameters       000000018005ebd0 f   ctrl_student_sfun_registry.obj
 0001:0005e1d0       ssWriteRTWParamSettings    000000018005f1d0 f   ctrl_student_sfun_registry.obj
 0001:0005e8a0       ssWriteRTWWorkVect         000000018005f8a0 f   ctrl_student_sfun_registry.obj
 0001:0005eda0       mexFunction                000000018005fda0 f   ctrl_student_sfun_registry.obj
 0001:00061220       ProcessMexSfunctionEveryCall 0000000180062220 f   ctrl_student_sfun_registry.obj
 0001:000613a2       sf_debug_set_machine_data_thresholds 00000001800623a2 f   sf_runtime:sf_runtime.dll
 0001:000613a8       sf_debug_set_machine_event_thresholds 00000001800623a8 f   sf_runtime:sf_runtime.dll
 0001:000613ae       sf_debug_initialize_machine 00000001800623ae f   sf_runtime:sf_runtime.dll
 0001:000613b4       sf_load_rtw_optimization_info 00000001800623b4 f   sf_runtime:sf_runtime.dll
 0001:000613ba       sf_mex_emlrtNameCapturePostProcessR2012a 00000001800623ba f   sf_runtime:sf_runtime.dll
 0001:000613c0       sf_mex_assign              00000001800623c0 f   sf_runtime:sf_runtime.dll
 0001:000613c6       sf_mex_createstruct        00000001800623c6 f   sf_runtime:sf_runtime.dll
 0001:000613cc       sf_mex_destroy             00000001800623cc f   sf_runtime:sf_runtime.dll
 0001:000613d2       sf_mex_duplicatearraysafe  00000001800623d2 f   sf_runtime:sf_runtime.dll
 0001:000613d8       sf_mex_createcellmatrix    00000001800623d8 f   sf_runtime:sf_runtime.dll
 0001:000613de       sf_mex_addfield            00000001800623de f   sf_runtime:sf_runtime.dll
 0001:000613e4       sf_mex_create              00000001800623e4 f   sf_runtime:sf_runtime.dll
 0001:000613ea       sf_mex_error_message       00000001800623ea f   sf_runtime:sf_runtime.dll
 0001:000613f0       sf_mex_call_matlab         00000001800623f0 f   sf_runtime:sf_runtime.dll
 0001:000613f6       sf_mex_setcell             00000001800623f6 f   sf_runtime:sf_runtime.dll
 0001:000613fc       sf_mex_decode_encoded_mx_struct_array 00000001800623fc f   sf_runtime:sf_runtime.dll
 0001:00061402       sf_mex_getcell             0000000180062402 f   sf_runtime:sf_runtime.dll
 0001:00061408       sf_mex_dup                 0000000180062408 f   sf_runtime:sf_runtime.dll
 0001:0006140e       sf_mex_import              000000018006240e f   sf_runtime:sf_runtime.dll
 0001:00061414       sf_set_rtw_dwork_info      0000000180062414 f   sf_runtime:sf_runtime.dll
 0001:0006141a       sf_mark_chart_reusable_outputs 000000018006241a f   sf_runtime:sf_runtime.dll
 0001:00061420       sf_mark_chart_expressionable_inputs 0000000180062420 f   sf_runtime:sf_runtime.dll
 0001:00061426       sf_update_buildInfo        0000000180062426 f   sf_runtime:sf_runtime.dll
 0001:0006142c       sf_rtw_info_uint_prop      000000018006242c f   sf_runtime:sf_runtime.dll
 0001:00061432       sf_is_chart_inlinable      0000000180062432 f   sf_runtime:sf_runtime.dll
 0001:00061438       sim_mode_is_external       0000000180062438 f   sf_runtime:sf_runtime.dll
 0001:0006143e       sim_mode_is_rtw_gen        000000018006243e f   sf_runtime:sf_runtime.dll
 0001:00061444       sf_debug_reset_current_state_configuration 0000000180062444 f   sf_runtime:sf_runtime.dll
 0001:0006144a       sf_debug_set_instance_data_value_ptr 000000018006244a f   sf_runtime:sf_runtime.dll
 0001:00061450       sf_debug_set_chart_data_compiled_props 0000000180062450 f   sf_runtime:sf_runtime.dll
 0001:00061456       cv_eml_init_if             0000000180062456 f   sf_runtime:sf_runtime.dll
 0001:0006145c       cv_eml_init_fcn            000000018006245c f   sf_runtime:sf_runtime.dll
 0001:00061462       cv_eml_init_script         0000000180062462 f   sf_runtime:sf_runtime.dll
 0001:00061468       sf_debug_cv_init_trans     0000000180062468 f   sf_runtime:sf_runtime.dll
 0001:0006146e       sf_debug_cv_init_state     000000018006246e f   sf_runtime:sf_runtime.dll
 0001:00061474       sf_debug_cv_init_chart     0000000180062474 f   sf_runtime:sf_runtime.dll
 0001:0006147a       sf_debug_set_chart_decomposition 000000018006247a f   sf_runtime:sf_runtime.dll
 0001:00061480       sf_debug_set_chart_substate_count 0000000180062480 f   sf_runtime:sf_runtime.dll
 0001:00061486       sf_debug_set_chart_state_info 0000000180062486 f   sf_runtime:sf_runtime.dll
 0001:0006148c       sf_debug_set_chart_data_props 000000018006248c f   sf_runtime:sf_runtime.dll
 0001:00061492       sf_debug_set_chart_event_thresholds 0000000180062492 f   sf_runtime:sf_runtime.dll
 0001:00061498       sf_debug_set_chart_disable_implicit_casting 0000000180062498 f   sf_runtime:sf_runtime.dll
 0001:0006149e       sf_debug_initialize_chart  000000018006249e f   sf_runtime:sf_runtime.dll
 0001:000614a4       sf_get_time                00000001800624a4 f   sf_runtime:sf_runtime.dll
 0001:000614aa       sf_debug_check_for_state_inconsistency 00000001800624aa f   sf_runtime:sf_runtime.dll
 0001:000614b0       sf_debug_symbol_scope_pop  00000001800624b0 f   sf_runtime:sf_runtime.dll
 0001:000614b6       eml_debug_line_call        00000001800624b6 f   sf_runtime:sf_runtime.dll
 0001:000614bc       cv_eml_eval                00000001800624bc f   sf_runtime:sf_runtime.dll
 0001:000614c2       sf_debug_symbol_scope_add_eml 00000001800624c2 f   sf_runtime:sf_runtime.dll
 0001:000614c8       sf_debug_symbol_scope_add_eml_importable 00000001800624c8 f   sf_runtime:sf_runtime.dll
 0001:000614ce       sf_debug_symbol_scope_push_eml 00000001800624ce f   sf_runtime:sf_runtime.dll
 0001:000614d4       sf_debug_data_range_wrapper 00000001800624d4 f   sf_runtime:sf_runtime.dll
 0001:000614da       sf_debug_call              00000001800624da f   sf_runtime:sf_runtime.dll
 0001:000614e0       sf_debug_symbol_scope_push 00000001800624e0 f   sf_runtime:sf_runtime.dll
 0001:000614e6       sf_debug_eml_data_array_bounds_error_check 00000001800624e6 f   sf_runtime:sf_runtime.dll
 0001:000614ec       sf_debug_integer_check     00000001800624ec f   sf_runtime:sf_runtime.dll
 0001:000614f2       sf_mex_call_debug          00000001800624f2 f   sf_runtime:sf_runtime.dll
 0001:000614f8       sf_clear_rtw_identifier    00000001800624f8 f   sf_runtime:sf_runtime.dll
 0001:000614fe       cv_script_init_fcn         00000001800624fe f   sf_runtime:sf_runtime.dll
 0001:00061504       cv_script_init_script      0000000180062504 f   sf_runtime:sf_runtime.dll
 0001:0006150a       sf_debug_set_script_translation 000000018006250a f   sf_runtime:sf_runtime.dll
 0001:00061510       sf_debug_get_script_id     0000000180062510 f   sf_runtime:sf_runtime.dll
 0001:00061516       cv_script_eval             0000000180062516 f   sf_runtime:sf_runtime.dll
 0001:0006151c       sf_debug_terminate         000000018006251c f   sf_runtime:sf_runtime.dll
 0001:00061522       sf_debug_create_debug_instance_struct 0000000180062522 f   sf_runtime:sf_runtime.dll
 0001:00061528       sf_debug_api               0000000180062528 f   sf_runtime:sf_runtime.dll
 0001:0006152e       callMdlMethodAndReportError 000000018006252e f   sf_runtime:sf_runtime.dll
 0001:00061534       call_sf_machine_global_method_dispatcher 0000000180062534 f   sf_runtime:sf_runtime.dll
 0001:0006153a       sf_clear_error_manager_info 000000018006253a f   sf_runtime:sf_runtime.dll
 0001:00061540       sf_mex_error_direct_call   0000000180062540 f   sf_runtime:sf_runtime.dll
 0001:00061546       mxGetScalar                0000000180062546 f   libmx:libmx.dll
 0001:0006154c       mxGetPr                    000000018006254c f   libmx:libmx.dll
 0001:00061552       mxCreateDoubleMatrix_730   0000000180062552 f   libmx:libmx.dll
 0001:00061558       mxGetString_730            0000000180062558 f   libmx:libmx.dll
 0001:0006155e       mxIsChar                   000000018006255e f   libmx:libmx.dll
 0001:00061564       mxDestroyArray             0000000180062564 f   libmx:libmx.dll
 0001:0006156a       mxDuplicateArray           000000018006256a f   libmx:libmx.dll
 0001:00061570       mxCreateDoubleScalar       0000000180062570 f   libmx:libmx.dll
 0001:00061576       mxSetField_730             0000000180062576 f   libmx:libmx.dll
 0001:0006157c       mxCreateString             000000018006257c f   libmx:libmx.dll
 0001:00061582       mxCreateStructMatrix_730   0000000180062582 f   libmx:libmx.dll
 0001:00061588       mxCreateCellMatrix_730     0000000180062588 f   libmx:libmx.dll
 0001:0006158e       mxGetClassID               000000018006258e f   libmx:libmx.dll
 0001:00061594       mxIsNumeric                0000000180062594 f   libmx:libmx.dll
 0001:0006159a       mxIsComplex                000000018006259a f   libmx:libmx.dll
 0001:000615a0       mxGetN                     00000001800625a0 f   libmx:libmx.dll
 0001:000615a6       mxGetM                     00000001800625a6 f   libmx:libmx.dll
 0001:000615ac       mxCalloc                   00000001800625ac f   libmx:libmx.dll
 0001:000615b2       mexMakeArrayPersistent     00000001800625b2 f   libmex:libmex.dll
 0001:000615b8       mexUnlock                  00000001800625b8 f   libmex:libmex.dll
 0001:000615be       mexIsLocked                00000001800625be f   libmex:libmex.dll
 0001:000615c4       mexWarnMsgTxt              00000001800625c4 f   libmex:libmex.dll
 0001:000615ca       mexCallMATLAB              00000001800625ca f   libmex:libmex.dll
 0001:000615d0       mexErrMsgTxt               00000001800625d0 f   libmex:libmex.dll
 0001:000615d6       mexLock                    00000001800625d6 f   libmex:libmex.dll
 0001:000615dc       utMalloc                   00000001800625dc f   libut:libut.dll
 0001:000615e2       utFree                     00000001800625e2 f   libut:libut.dll
 0001:000615e8       muDoubleScalarAtan2        00000001800625e8 f   libmwmathutil:libmwmathutil.dll
 0001:000615ee       muDoubleScalarSqrt         00000001800625ee f   libmwmathutil:libmwmathutil.dll
 0001:000615f4       muDoubleScalarAbs          00000001800625f4 f   libmwmathutil:libmwmathutil.dll
 0001:000615fa       muDoubleScalarAtan         00000001800625fa f   libmwmathutil:libmwmathutil.dll
 0001:00061600       muDoubleScalarExp          0000000180062600 f   libmwmathutil:libmwmathutil.dll
 0001:00061606       muDoubleScalarSin          0000000180062606 f   libmwmathutil:libmwmathutil.dll
 0001:0006160c       muDoubleScalarCos          000000018006260c f   libmwmathutil:libmwmathutil.dll
 0001:00061614       __GSHandlerCheckCommon     0000000180062614 f   MSVCRT:gshandler.obj
 0001:00061678       __GSHandlerCheck           0000000180062678 f   MSVCRT:gshandler.obj
 0001:00061696       strcmp                     0000000180062696 f   MSVCRT:MSVCR100.dll
 0001:000616b0       __security_check_cookie    00000001800626b0 f   MSVCRT:amdsecgs.obj
 0001:000616d0       strlen                     00000001800626d0 f   MSVCRT:MSVCR100.dll
 0001:000616d6       memset                     00000001800626d6 f   MSVCRT:MSVCR100.dll
 0001:000616dc       free                       00000001800626dc f   MSVCRT:MSVCR100.dll
 0001:000616e2       sprintf                    00000001800626e2 f   MSVCRT:MSVCR100.dll
 0001:000616e8       malloc                     00000001800626e8 f   MSVCRT:MSVCR100.dll
 0001:000616ee       strcat                     00000001800626ee f   MSVCRT:MSVCR100.dll
 0001:000616f4       memcpy                     00000001800626f4 f   MSVCRT:MSVCR100.dll
 0001:000616fc       NtCurrentTeb               00000001800626fc f i MSVCRT:crtdll.obj
 0001:00061768       _CRT_INIT                  0000000180062768 f   MSVCRT:crtdll.obj
 0001:00061b00       _DllMainCRTStartup         0000000180062b00 f   MSVCRT:crtdll.obj
 0001:00061b40       __report_gsfailure         0000000180062b40 f   MSVCRT:gs_report.obj
 0001:00061c8c       __clean_type_info_names    0000000180062c8c f   MSVCRT:tncleanup.obj
 0001:00061c98       _onexit                    0000000180062c98 f   MSVCRT:atonexit.obj
 0001:00061d48       atexit                     0000000180062d48 f   MSVCRT:atonexit.obj
 0001:00061d60       _RTC_Initialize            0000000180062d60 f   MSVCRT:_initsect_.obj
 0001:00061d98       _RTC_Terminate             0000000180062d98 f   MSVCRT:_initsect_.obj
 0001:00061dd0       _malloc_crt                0000000180062dd0 f   MSVCRT:MSVCR100.dll
 0001:00061de0       _ValidateImageBase         0000000180062de0 f   MSVCRT:pesect.obj
 0001:00061e10       _FindPESection             0000000180062e10 f   MSVCRT:pesect.obj
 0001:00061e60       _IsNonwritableInCurrentImage 0000000180062e60 f   MSVCRT:pesect.obj
 0001:00061ea2       _initterm                  0000000180062ea2 f   MSVCRT:MSVCR100.dll
 0001:00061ea8       _initterm_e                0000000180062ea8 f   MSVCRT:MSVCR100.dll
 0001:00061eae       _encoded_null              0000000180062eae f   MSVCRT:MSVCR100.dll
 0001:00061eb4       _amsg_exit                 0000000180062eb4 f   MSVCRT:MSVCR100.dll
 0001:00061eba       __C_specific_handler       0000000180062eba f   MSVCRT:MSVCR100.dll
 0001:00061ec0       __CppXcptFilter            0000000180062ec0 f   MSVCRT:MSVCR100.dll
 0001:00061ec8       DllMain                    0000000180062ec8 f   MSVCRT:dllmain.obj
 0001:00061eec       __security_init_cookie     0000000180062eec f   MSVCRT:gs_support.obj
 0001:00061fa0       __crt_debugger_hook        0000000180062fa0 f   MSVCRT:MSVCR100.dll
 0001:00061fa6       __clean_type_info_names_internal 0000000180062fa6 f   MSVCRT:MSVCR100.dll
 0001:00061fac       _unlock                    0000000180062fac f   MSVCRT:MSVCR100.dll
 0001:00061fb2       __dllonexit                0000000180062fb2 f   MSVCRT:MSVCR100.dll
 0001:00061fb8       _lock                      0000000180062fb8 f   MSVCRT:MSVCR100.dll
 0001:00061fbe       EncodePointer              0000000180062fbe f   kernel32:KERNEL32.dll
 0001:00061fc4       DecodePointer              0000000180062fc4 f   kernel32:KERNEL32.dll
 0001:00061fca       Sleep                      0000000180062fca f   kernel32:KERNEL32.dll
 0001:00061fd0       TerminateProcess           0000000180062fd0 f   kernel32:KERNEL32.dll
 0001:00061fd6       GetCurrentProcess          0000000180062fd6 f   kernel32:KERNEL32.dll
 0001:00061fdc       UnhandledExceptionFilter   0000000180062fdc f   kernel32:KERNEL32.dll
 0001:00061fe2       SetUnhandledExceptionFilter 0000000180062fe2 f   kernel32:KERNEL32.dll
 0001:00061fe8       IsDebuggerPresent          0000000180062fe8 f   kernel32:KERNEL32.dll
 0001:00061fee       RtlVirtualUnwind           0000000180062fee f   kernel32:KERNEL32.dll
 0001:00061ff4       RtlLookupFunctionEntry     0000000180062ff4 f   kernel32:KERNEL32.dll
 0001:00061ffa       RtlCaptureContext          0000000180062ffa f   kernel32:KERNEL32.dll
 0001:00062000       DisableThreadLibraryCalls  0000000180063000 f   kernel32:KERNEL32.dll
 0001:00062006       QueryPerformanceCounter    0000000180063006 f   kernel32:KERNEL32.dll
 0001:0006200c       GetTickCount               000000018006300c f   kernel32:KERNEL32.dll
 0001:00062012       GetCurrentThreadId         0000000180063012 f   kernel32:KERNEL32.dll
 0001:00062018       GetCurrentProcessId        0000000180063018 f   kernel32:KERNEL32.dll
 0001:0006201e       GetSystemTimeAsFileTime    000000018006301e f   kernel32:KERNEL32.dll
 0002:00000000       __imp_GetSystemTimeAsFileTime 0000000180064000     kernel32:KERNEL32.dll
 0002:00000008       __imp_GetCurrentProcessId  0000000180064008     kernel32:KERNEL32.dll
 0002:00000010       __imp_GetCurrentThreadId   0000000180064010     kernel32:KERNEL32.dll
 0002:00000018       __imp_GetTickCount         0000000180064018     kernel32:KERNEL32.dll
 0002:00000020       __imp_QueryPerformanceCounter 0000000180064020     kernel32:KERNEL32.dll
 0002:00000028       __imp_DisableThreadLibraryCalls 0000000180064028     kernel32:KERNEL32.dll
 0002:00000030       __imp_RtlCaptureContext    0000000180064030     kernel32:KERNEL32.dll
 0002:00000038       __imp_RtlLookupFunctionEntry 0000000180064038     kernel32:KERNEL32.dll
 0002:00000040       __imp_RtlVirtualUnwind     0000000180064040     kernel32:KERNEL32.dll
 0002:00000048       __imp_IsDebuggerPresent    0000000180064048     kernel32:KERNEL32.dll
 0002:00000050       __imp_SetUnhandledExceptionFilter 0000000180064050     kernel32:KERNEL32.dll
 0002:00000058       __imp_UnhandledExceptionFilter 0000000180064058     kernel32:KERNEL32.dll
 0002:00000060       __imp_GetCurrentProcess    0000000180064060     kernel32:KERNEL32.dll
 0002:00000068       __imp_TerminateProcess     0000000180064068     kernel32:KERNEL32.dll
 0002:00000070       __imp_Sleep                0000000180064070     kernel32:KERNEL32.dll
 0002:00000078       __imp_DecodePointer        0000000180064078     kernel32:KERNEL32.dll
 0002:00000080       __imp_EncodePointer        0000000180064080     kernel32:KERNEL32.dll
 0002:00000088       \177KERNEL32_NULL_THUNK_DATA 0000000180064088     kernel32:KERNEL32.dll
 0002:00000090       __imp__onexit              0000000180064090     MSVCRT:MSVCR100.dll
 0002:00000098       __imp__lock                0000000180064098     MSVCRT:MSVCR100.dll
 0002:000000a0       __imp___dllonexit          00000001800640a0     MSVCRT:MSVCR100.dll
 0002:000000a8       __imp__unlock              00000001800640a8     MSVCRT:MSVCR100.dll
 0002:000000b0       __imp___clean_type_info_names_internal 00000001800640b0     MSVCRT:MSVCR100.dll
 0002:000000b8       __imp___crt_debugger_hook  00000001800640b8     MSVCRT:MSVCR100.dll
 0002:000000c0       __imp___CppXcptFilter      00000001800640c0     MSVCRT:MSVCR100.dll
 0002:000000c8       __imp___C_specific_handler 00000001800640c8     MSVCRT:MSVCR100.dll
 0002:000000d0       __imp__amsg_exit           00000001800640d0     MSVCRT:MSVCR100.dll
 0002:000000d8       __imp__encoded_null        00000001800640d8     MSVCRT:MSVCR100.dll
 0002:000000e0       __imp__initterm_e          00000001800640e0     MSVCRT:MSVCR100.dll
 0002:000000e8       __imp__initterm            00000001800640e8     MSVCRT:MSVCR100.dll
 0002:000000f0       __imp__malloc_crt          00000001800640f0     MSVCRT:MSVCR100.dll
 0002:000000f8       __imp_memcpy               00000001800640f8     MSVCRT:MSVCR100.dll
 0002:00000100       __imp_strcat               0000000180064100     MSVCRT:MSVCR100.dll
 0002:00000108       __imp_malloc               0000000180064108     MSVCRT:MSVCR100.dll
 0002:00000110       __imp_sprintf              0000000180064110     MSVCRT:MSVCR100.dll
 0002:00000118       __imp_free                 0000000180064118     MSVCRT:MSVCR100.dll
 0002:00000120       __imp_memset               0000000180064120     MSVCRT:MSVCR100.dll
 0002:00000128       __imp_strlen               0000000180064128     MSVCRT:MSVCR100.dll
 0002:00000130       __imp_strcmp               0000000180064130     MSVCRT:MSVCR100.dll
 0002:00000138       \177MSVCR100_NULL_THUNK_DATA 0000000180064138     MSVCRT:MSVCR100.dll
 0002:00000140       __imp_mexUnlock            0000000180064140     libmex:libmex.dll
 0002:00000148       __imp_mexIsLocked          0000000180064148     libmex:libmex.dll
 0002:00000150       __imp_mexWarnMsgTxt        0000000180064150     libmex:libmex.dll
 0002:00000158       __imp_mexCallMATLAB        0000000180064158     libmex:libmex.dll
 0002:00000160       __imp_mexErrMsgTxt         0000000180064160     libmex:libmex.dll
 0002:00000168       __imp_mexLock              0000000180064168     libmex:libmex.dll
 0002:00000170       __imp_mexMakeArrayPersistent 0000000180064170     libmex:libmex.dll
 0002:00000178       \177libmex_NULL_THUNK_DATA 0000000180064178     libmex:libmex.dll
 0002:00000180       __imp_muDoubleScalarSqrt   0000000180064180     libmwmathutil:libmwmathutil.dll
 0002:00000188       __imp_muDoubleScalarAbs    0000000180064188     libmwmathutil:libmwmathutil.dll
 0002:00000190       __imp_muDoubleScalarAtan   0000000180064190     libmwmathutil:libmwmathutil.dll
 0002:00000198       __imp_muDoubleScalarExp    0000000180064198     libmwmathutil:libmwmathutil.dll
 0002:000001a0       __imp_muDoubleScalarSin    00000001800641a0     libmwmathutil:libmwmathutil.dll
 0002:000001a8       __imp_muDoubleScalarCos    00000001800641a8     libmwmathutil:libmwmathutil.dll
 0002:000001b0       __imp_muDoubleScalarAtan2  00000001800641b0     libmwmathutil:libmwmathutil.dll
 0002:000001b8       \177libmwmathutil_NULL_THUNK_DATA 00000001800641b8     libmwmathutil:libmwmathutil.dll
 0002:000001c0       __imp_mxCalloc             00000001800641c0     libmx:libmx.dll
 0002:000001c8       __imp_mxGetM               00000001800641c8     libmx:libmx.dll
 0002:000001d0       __imp_mxGetN               00000001800641d0     libmx:libmx.dll
 0002:000001d8       __imp_mxIsComplex          00000001800641d8     libmx:libmx.dll
 0002:000001e0       __imp_mxIsNumeric          00000001800641e0     libmx:libmx.dll
 0002:000001e8       __imp_mxGetClassID         00000001800641e8     libmx:libmx.dll
 0002:000001f0       __imp_mxCreateCellMatrix_730 00000001800641f0     libmx:libmx.dll
 0002:000001f8       __imp_mxCreateStructMatrix_730 00000001800641f8     libmx:libmx.dll
 0002:00000200       __imp_mxCreateString       0000000180064200     libmx:libmx.dll
 0002:00000208       __imp_mxSetField_730       0000000180064208     libmx:libmx.dll
 0002:00000210       __imp_mxCreateDoubleScalar 0000000180064210     libmx:libmx.dll
 0002:00000218       __imp_mxDuplicateArray     0000000180064218     libmx:libmx.dll
 0002:00000220       __imp_mxDestroyArray       0000000180064220     libmx:libmx.dll
 0002:00000228       __imp_mxIsChar             0000000180064228     libmx:libmx.dll
 0002:00000230       __imp_mxGetScalar          0000000180064230     libmx:libmx.dll
 0002:00000238       __imp_mxGetPr              0000000180064238     libmx:libmx.dll
 0002:00000240       __imp_mxCreateDoubleMatrix_730 0000000180064240     libmx:libmx.dll
 0002:00000248       __imp_mxGetString_730      0000000180064248     libmx:libmx.dll
 0002:00000250       \177libmx_NULL_THUNK_DATA  0000000180064250     libmx:libmx.dll
 0002:00000258       __imp_utMalloc             0000000180064258     libut:libut.dll
 0002:00000260       __imp_utFree               0000000180064260     libut:libut.dll
 0002:00000268       \177libut_NULL_THUNK_DATA  0000000180064268     libut:libut.dll
 0002:00000270       __imp_call_sf_machine_global_method_dispatcher 0000000180064270     sf_runtime:sf_runtime.dll
 0002:00000278       __imp_callMdlMethodAndReportError 0000000180064278     sf_runtime:sf_runtime.dll
 0002:00000280       __imp_sf_debug_api         0000000180064280     sf_runtime:sf_runtime.dll
 0002:00000288       __imp_sf_debug_create_debug_instance_struct 0000000180064288     sf_runtime:sf_runtime.dll
 0002:00000290       __imp_sf_debug_terminate   0000000180064290     sf_runtime:sf_runtime.dll
 0002:00000298       __imp_cv_script_eval       0000000180064298     sf_runtime:sf_runtime.dll
 0002:000002a0       __imp_sf_debug_get_script_id 00000001800642a0     sf_runtime:sf_runtime.dll
 0002:000002a8       __imp_sf_debug_set_script_translation 00000001800642a8     sf_runtime:sf_runtime.dll
 0002:000002b0       __imp_cv_script_init_script 00000001800642b0     sf_runtime:sf_runtime.dll
 0002:000002b8       __imp_sf_clear_error_manager_info 00000001800642b8     sf_runtime:sf_runtime.dll
 0002:000002c0       __imp_sf_clear_rtw_identifier 00000001800642c0     sf_runtime:sf_runtime.dll
 0002:000002c8       __imp_sf_mex_call_debug    00000001800642c8     sf_runtime:sf_runtime.dll
 0002:000002d0       __imp_sf_debug_integer_check 00000001800642d0     sf_runtime:sf_runtime.dll
 0002:000002d8       __imp_sf_debug_eml_data_array_bounds_error_check 00000001800642d8     sf_runtime:sf_runtime.dll
 0002:000002e0       __imp_sf_debug_symbol_scope_push 00000001800642e0     sf_runtime:sf_runtime.dll
 0002:000002e8       __imp_sf_debug_call        00000001800642e8     sf_runtime:sf_runtime.dll
 0002:000002f0       __imp_sf_debug_data_range_wrapper 00000001800642f0     sf_runtime:sf_runtime.dll
 0002:000002f8       __imp_sf_debug_symbol_scope_push_eml 00000001800642f8     sf_runtime:sf_runtime.dll
 0002:00000300       __imp_sf_debug_symbol_scope_add_eml_importable 0000000180064300     sf_runtime:sf_runtime.dll
 0002:00000308       __imp_sf_debug_symbol_scope_add_eml 0000000180064308     sf_runtime:sf_runtime.dll
 0002:00000310       __imp_sf_mex_error_direct_call 0000000180064310     sf_runtime:sf_runtime.dll
 0002:00000318       __imp_cv_script_init_fcn   0000000180064318     sf_runtime:sf_runtime.dll
 0002:00000320       __imp_cv_eml_eval          0000000180064320     sf_runtime:sf_runtime.dll
 0002:00000328       __imp_eml_debug_line_call  0000000180064328     sf_runtime:sf_runtime.dll
 0002:00000330       __imp_sf_debug_symbol_scope_pop 0000000180064330     sf_runtime:sf_runtime.dll
 0002:00000338       __imp_sf_debug_check_for_state_inconsistency 0000000180064338     sf_runtime:sf_runtime.dll
 0002:00000340       __imp_sf_get_time          0000000180064340     sf_runtime:sf_runtime.dll
 0002:00000348       __imp_sf_debug_initialize_chart 0000000180064348     sf_runtime:sf_runtime.dll
 0002:00000350       __imp_sf_debug_set_chart_disable_implicit_casting 0000000180064350     sf_runtime:sf_runtime.dll
 0002:00000358       __imp_sf_debug_set_chart_event_thresholds 0000000180064358     sf_runtime:sf_runtime.dll
 0002:00000360       __imp_sf_debug_set_chart_data_props 0000000180064360     sf_runtime:sf_runtime.dll
 0002:00000368       __imp_sf_debug_set_chart_state_info 0000000180064368     sf_runtime:sf_runtime.dll
 0002:00000370       __imp_sf_debug_set_chart_substate_count 0000000180064370     sf_runtime:sf_runtime.dll
 0002:00000378       __imp_sf_debug_set_chart_decomposition 0000000180064378     sf_runtime:sf_runtime.dll
 0002:00000380       __imp_sf_debug_cv_init_chart 0000000180064380     sf_runtime:sf_runtime.dll
 0002:00000388       __imp_sf_debug_cv_init_state 0000000180064388     sf_runtime:sf_runtime.dll
 0002:00000390       __imp_sf_debug_cv_init_trans 0000000180064390     sf_runtime:sf_runtime.dll
 0002:00000398       __imp_cv_eml_init_script   0000000180064398     sf_runtime:sf_runtime.dll
 0002:000003a0       __imp_cv_eml_init_fcn      00000001800643a0     sf_runtime:sf_runtime.dll
 0002:000003a8       __imp_cv_eml_init_if       00000001800643a8     sf_runtime:sf_runtime.dll
 0002:000003b0       __imp_sf_debug_set_chart_data_compiled_props 00000001800643b0     sf_runtime:sf_runtime.dll
 0002:000003b8       __imp_sf_debug_set_instance_data_value_ptr 00000001800643b8     sf_runtime:sf_runtime.dll
 0002:000003c0       __imp_sf_debug_reset_current_state_configuration 00000001800643c0     sf_runtime:sf_runtime.dll
 0002:000003c8       __imp_sim_mode_is_rtw_gen  00000001800643c8     sf_runtime:sf_runtime.dll
 0002:000003d0       __imp_sim_mode_is_external 00000001800643d0     sf_runtime:sf_runtime.dll
 0002:000003d8       __imp_sf_is_chart_inlinable 00000001800643d8     sf_runtime:sf_runtime.dll
 0002:000003e0       __imp_sf_rtw_info_uint_prop 00000001800643e0     sf_runtime:sf_runtime.dll
 0002:000003e8       __imp_sf_update_buildInfo  00000001800643e8     sf_runtime:sf_runtime.dll
 0002:000003f0       __imp_sf_mark_chart_expressionable_inputs 00000001800643f0     sf_runtime:sf_runtime.dll
 0002:000003f8       __imp_sf_mark_chart_reusable_outputs 00000001800643f8     sf_runtime:sf_runtime.dll
 0002:00000400       __imp_sf_set_rtw_dwork_info 0000000180064400     sf_runtime:sf_runtime.dll
 0002:00000408       __imp_sf_mex_import        0000000180064408     sf_runtime:sf_runtime.dll
 0002:00000410       __imp_sf_mex_dup           0000000180064410     sf_runtime:sf_runtime.dll
 0002:00000418       __imp_sf_mex_getcell       0000000180064418     sf_runtime:sf_runtime.dll
 0002:00000420       __imp_sf_mex_decode_encoded_mx_struct_array 0000000180064420     sf_runtime:sf_runtime.dll
 0002:00000428       __imp_sf_mex_setcell       0000000180064428     sf_runtime:sf_runtime.dll
 0002:00000430       __imp_sf_mex_call_matlab   0000000180064430     sf_runtime:sf_runtime.dll
 0002:00000438       __imp_sf_mex_error_message 0000000180064438     sf_runtime:sf_runtime.dll
 0002:00000440       __imp_sf_mex_create        0000000180064440     sf_runtime:sf_runtime.dll
 0002:00000448       __imp_sf_mex_addfield      0000000180064448     sf_runtime:sf_runtime.dll
 0002:00000450       __imp_sf_mex_createcellmatrix 0000000180064450     sf_runtime:sf_runtime.dll
 0002:00000458       __imp_sf_mex_duplicatearraysafe 0000000180064458     sf_runtime:sf_runtime.dll
 0002:00000460       __imp_sf_mex_destroy       0000000180064460     sf_runtime:sf_runtime.dll
 0002:00000468       __imp_sf_mex_createstruct  0000000180064468     sf_runtime:sf_runtime.dll
 0002:00000470       __imp_sf_mex_assign        0000000180064470     sf_runtime:sf_runtime.dll
 0002:00000478       __imp_sf_mex_emlrtNameCapturePostProcessR2012a 0000000180064478     sf_runtime:sf_runtime.dll
 0002:00000480       __imp_sf_load_rtw_optimization_info 0000000180064480     sf_runtime:sf_runtime.dll
 0002:00000488       __imp_sf_debug_initialize_machine 0000000180064488     sf_runtime:sf_runtime.dll
 0002:00000490       __imp_sf_debug_set_machine_event_thresholds 0000000180064490     sf_runtime:sf_runtime.dll
 0002:00000498       __imp_sf_debug_set_machine_data_thresholds 0000000180064498     sf_runtime:sf_runtime.dll
 0002:000004a0       \177sf_runtime_NULL_THUNK_DATA 00000001800644a0     sf_runtime:sf_runtime.dll
 0002:000004a8       __xc_a                     00000001800644a8     MSVCRT:cinitexe.obj
 0002:000004b0       __xc_z                     00000001800644b0     MSVCRT:cinitexe.obj
 0002:000004b8       __xi_a                     00000001800644b8     MSVCRT:cinitexe.obj
 0002:000004c8       __xi_z                     00000001800644c8     MSVCRT:cinitexe.obj
 0002:000004d0       __real@41c48e386d800000    00000001800644d0     ctrl_student_sfun.obj
 0002:000004d8       __real@41e65bfa24600000    00000001800644d8     ctrl_student_sfun.obj
 0002:000004e0       __real@41cfe09620800000    00000001800644e0     ctrl_student_sfun.obj
 0002:000004e8       __real@41d78ee4b8800000    00000001800644e8     ctrl_student_sfun.obj
 0002:000004f0       __real@41c900e78a000000    00000001800644f0     ctrl_student_sfun.obj
 0002:000004f8       __real@41eda5398c800000    00000001800644f8     ctrl_student_sfun.obj
 0002:00000500       __real@41edcf5b43c00000    0000000180064500     ctrl_student_sfun.obj
 0002:00000508       __real@41e695dff8600000    0000000180064508     ctrl_student_sfun.obj
 0002:00000510       __real@41e226787f600000    0000000180064510     ctrl_student_sfun.obj
 0002:00000518       __real@41da56eb82400000    0000000180064518     ctrl_student_sfun.obj
 0002:00000520       __real@41effb0da2400000    0000000180064520     ctrl_student_sfun.obj
 0002:00000528       __real@41e59a97f8200000    0000000180064528     ctrl_student_sfun.obj
 0002:00000530       __real@41e573df6f800000    0000000180064530     ctrl_student_sfun.obj
 0002:00000538       __real@41b76e0d12000000    0000000180064538     ctrl_student_sfun.obj
 0002:00000540       __real@41e6d59e20e00000    0000000180064540     ctrl_student_sfun.obj
 0002:00000548       __real@41eb208a38200000    0000000180064548     ctrl_student_sfun.obj
 0002:00000550       __real@41b21fcbd0000000    0000000180064550     c1_ctrl_student.obj
 0002:00000558       __real@41d1268ad5800000    0000000180064558     c1_ctrl_student.obj
 0002:00000560       __real@41e008b6b9600000    0000000180064560     c1_ctrl_student.obj
 0002:00000568       __real@41e9df0b23200000    0000000180064568     c1_ctrl_student.obj
 0002:00000570       __real@4024000000000000    0000000180064570     c1_ctrl_student.obj
 0002:00000578       __real@3ff0000000000000    0000000180064578     c1_ctrl_student.obj
 0002:00000580       __real@3fd3333333333333    0000000180064580     c1_ctrl_student.obj
 0002:00000588       __real@0000000000000000    0000000180064588     c1_ctrl_student.obj
 0002:00000590       __real@4005083126e978d5    0000000180064590     c1_ctrl_student.obj
 0002:00000598       __real@3ff2a3d70a3d70a4    0000000180064598     c1_ctrl_student.obj
 0002:000005a0       __real@3fd8cccccccccccd    00000001800645a0     c1_ctrl_student.obj
 0002:000005a8       __real@bfdd47ae147ae148    00000001800645a8     c1_ctrl_student.obj
 0002:000005b0       __real@4010000000000000    00000001800645b0     c1_ctrl_student.obj
 0002:000005b8       __real@41dba2d865800000    00000001800645b8     c2_ctrl_student.obj
 0002:000005c0       __real@41d73beae0c00000    00000001800645c0     c2_ctrl_student.obj
 0002:000005c8       __real@41a40c6d32000000    00000001800645c8     c2_ctrl_student.obj
 0002:000005d0       __real@41d8ec1e65000000    00000001800645d0     c2_ctrl_student.obj
 0002:000005d8       __real@401c000000000000    00000001800645d8     c2_ctrl_student.obj
 0002:000005e0       __real@400921fb54442d18    00000001800645e0     c2_ctrl_student.obj
 0002:000005e8       __real@c00921fb54442d18    00000001800645e8     c2_ctrl_student.obj
 0002:000005f0       __real@4000000000000000    00000001800645f0     c2_ctrl_student.obj
 0002:000005f8       __real@bff0000000000000    00000001800645f8     c2_ctrl_student.obj
 0002:00000600       __real@41c36b987a000000    0000000180064600     c5_ctrl_student.obj
 0002:00000608       __real@41d6c9f908c00000    0000000180064608     c5_ctrl_student.obj
 0002:00000610       __real@41c364abf8800000    0000000180064610     c5_ctrl_student.obj
 0002:00000618       __real@41d1609b66c00000    0000000180064618     c5_ctrl_student.obj
 0002:00000620       __real@4008000000000000    0000000180064620     c5_ctrl_student.obj
 0002:00000628       __real@3fefae147ae147ae    0000000180064628     c5_ctrl_student.obj
 0002:00000630       __real@3f847ae147ae147b    0000000180064630     c5_ctrl_student.obj
 0002:00000638       __real@41eae223dc400000    0000000180064638     c12_ctrl_student.obj
 0002:00000640       __real@41e6efbcb0a00000    0000000180064640     c12_ctrl_student.obj
 0002:00000648       __real@41b119059a000000    0000000180064648     c12_ctrl_student.obj
 0002:00000650       __real@41e9e25c1e200000    0000000180064650     c12_ctrl_student.obj
 0002:00000658       __real@41ef2fa49dc00000    0000000180064658     c13_ctrl_student.obj
 0002:00000660       __real@41c47b6891000000    0000000180064660     c13_ctrl_student.obj
 0002:00000668       __real@41d7178686000000    0000000180064668     c13_ctrl_student.obj
 0002:00000670       __real@41ee8c49ee800000    0000000180064670     c13_ctrl_student.obj
 0002:00000678       __real@3ff2374bc6a7ef9e    0000000180064678     c13_ctrl_student.obj
 0002:00000680       __real@40079374bc6a7efa    0000000180064680     c13_ctrl_student.obj
 0002:00000688       __real@c02470a3d70a3d71    0000000180064688     c13_ctrl_student.obj
 0002:00000690       __real@3fd3ae147ae147ae    0000000180064690     c13_ctrl_student.obj
 0002:00000698       __real@3fe831f8a0902de0    0000000180064698     c13_ctrl_student.obj
 0002:000006a0       __real@3fc97f62b6ae7d56    00000001800646a0     c13_ctrl_student.obj
 0002:000006a8       __real@408121999999999a    00000001800646a8     c13_ctrl_student.obj
 0002:000006b0       __real@3fc8b4395810624e    00000001800646b0     c13_ctrl_student.obj
 0002:000006b8       __real@c081200000000000    00000001800646b8     c13_ctrl_student.obj
 0002:000006c0       __real@bfae353f7ced9168    00000001800646c0     c13_ctrl_student.obj
 0002:000006c8       __real@bff2189374bc6a7f    00000001800646c8     c13_ctrl_student.obj
 0002:000006d0       __real@c00674bc6a7ef9db    00000001800646d0     c13_ctrl_student.obj
 0002:000006d8       __real@3fbe0ded288ce704    00000001800646d8     c13_ctrl_student.obj
 0002:000006e0       __real@40041eb851eb851f    00000001800646e0     c13_ctrl_student.obj
 0002:000006e8       __real@3fb6809d495182aa    00000001800646e8     c13_ctrl_student.obj
 0002:000006f0       __real@41e90fba27800000    00000001800646f0     c14_ctrl_student.obj
 0002:000006f8       __real@41e1d066bd600000    00000001800646f8     c14_ctrl_student.obj
 0002:00000700       __real@41e3a55517200000    0000000180064700     c14_ctrl_student.obj
 0002:00000708       __real@41d4fc3ecd400000    0000000180064708     c14_ctrl_student.obj
 0002:00000710       __real@3ffe666666666666    0000000180064710     c14_ctrl_student.obj
 0002:00000718       __real@3fb47ae147ae147b    0000000180064718     c14_ctrl_student.obj
 0002:00000720       __real@3fe8000000000000    0000000180064720     c14_ctrl_student.obj
 0002:00000728       __real@401d000000000000    0000000180064728     c14_ctrl_student.obj
 0002:00000730       __real@3feb0a3d70a3d70a    0000000180064730     c14_ctrl_student.obj
 0002:00000738       __real@400b99999999999a    0000000180064738     c14_ctrl_student.obj
 0002:00000740       __real@3fcab9f559b3d07d    0000000180064740     c14_ctrl_student.obj
 0002:00000748       __real@bfc0a3d70a3d70a4    0000000180064748     c14_ctrl_student.obj
 0002:00000750       __real@3ff547ae147ae148    0000000180064750     c14_ctrl_student.obj
 0002:00000758       __real@40503a3d70a3d70a    0000000180064758     c14_ctrl_student.obj
 0002:00000760       __real@4006353f7ced9168    0000000180064760     c14_ctrl_student.obj
 0002:00000768       __real@3fe9c28f5c28f5c3    0000000180064768     c14_ctrl_student.obj
 0002:00000770       __real@40038b4395810625    0000000180064770     c14_ctrl_student.obj
 0002:00000778       __real@3fe4f9db22d0e560    0000000180064778     c14_ctrl_student.obj
 0002:00000780       __real@400e4bc6a7ef9db2    0000000180064780     c14_ctrl_student.obj
 0002:00000788       __real@bfd6b020c49ba5e3    0000000180064788     c14_ctrl_student.obj
 0002:00000790       __real@4198966058000000    0000000180064790     c15_ctrl_student.obj
 0002:00000798       __real@41db5da3fb400000    0000000180064798     c15_ctrl_student.obj
 0002:000007a0       __real@41df087ed4400000    00000001800647a0     c15_ctrl_student.obj
 0002:000007a8       __real@41a53debf8000000    00000001800647a8     c15_ctrl_student.obj
 0002:000007b0       __real@bfe1bf7ced916873    00000001800647b0     c15_ctrl_student.obj
 0002:000007c0       __mask@@NegDouble@         00000001800647c0     c15_ctrl_student.obj
 0002:000007d0       __real@4038ca3d70a3d70a    00000001800647d0     c15_ctrl_student.obj
 0002:000007d8       __real@3fe1bf7ced916873    00000001800647d8     c15_ctrl_student.obj
 0002:000007e0       __real@4030ca3d70a3d70a    00000001800647e0     c15_ctrl_student.obj
 0002:000007e8       __real@41d3eb1a83000000    00000001800647e8     c19_ctrl_student.obj
 0002:000007f0       __real@41e91073e7000000    00000001800647f0     c19_ctrl_student.obj
 0002:000007f8       __real@41ef156dbee00000    00000001800647f8     c19_ctrl_student.obj
 0002:00000800       __real@41ecc5e3bd200000    0000000180064800     c19_ctrl_student.obj
 0002:00000808       __real@3fd04ea4a8c154ca    0000000180064808     c19_ctrl_student.obj
 0002:00000810       __real@401445a1cac08312    0000000180064810     c19_ctrl_student.obj
 0002:00000818       __real@bf9564302b40f66a    0000000180064818     c19_ctrl_student.obj
 0002:00000820       __real@c004f9db22d0e560    0000000180064820     c19_ctrl_student.obj
 0002:00000828       __real@40139db22d0e5604    0000000180064828     c19_ctrl_student.obj
 0002:00000830       __real@3f91fddebd9018e7    0000000180064830     c19_ctrl_student.obj
 0002:00000838       __real@bfebbcd35a858794    0000000180064838     c19_ctrl_student.obj
 0002:00000840       __real@400ffdf3b645a1cb    0000000180064840     c19_ctrl_student.obj
 0002:00000848       __real@3fa8a9bcfd4bf099    0000000180064848     c19_ctrl_student.obj
 0002:00000850       __real@4007ed916872b021    0000000180064850     c19_ctrl_student.obj
 0002:00000858       __real@3fb379fa97e132b5    0000000180064858     c19_ctrl_student.obj
 0002:00000860       __real@3fa088509bf9c62a    0000000180064860     c19_ctrl_student.obj
 0002:00000868       __real@3ffff3b645a1cac1    0000000180064868     c19_ctrl_student.obj
 0002:00000870       __real@3fcb089a02752546    0000000180064870     c19_ctrl_student.obj
 0002:00000878       __real@3f906f694467381d    0000000180064878     c19_ctrl_student.obj
 0002:00000880       __real@3fe9652bd3c36113    0000000180064880     c19_ctrl_student.obj
 0002:00000888       __real@3ffbced916872b02    0000000180064888     c19_ctrl_student.obj
 0002:00000890       __real@400fb645a1cac083    0000000180064890     c19_ctrl_student.obj
 0002:00000898       __real@3fa7c30d306a2b17    0000000180064898     c19_ctrl_student.obj
 0002:000008a0       __real@bff99db22d0e5604    00000001800648a0     c19_ctrl_student.obj
 0002:000008a8       __real@4007e353f7ced917    00000001800648a8     c19_ctrl_student.obj
 0002:000008b0       __real@3fb51633482be8bc    00000001800648b0     c19_ctrl_student.obj
 0002:000008b8       __real@3ff8353f7ced9168    00000001800648b8     c19_ctrl_student.obj
 0002:000008c0       __real@3fcbe76c8b439581    00000001800648c0     c19_ctrl_student.obj
 0002:000008c8       __real@3fc4779a6b50b0f2    00000001800648c8     c19_ctrl_student.obj
 0002:000008d0       __real@3ffe2d0e56041893    00000001800648d0     c19_ctrl_student.obj
 0002:000008d8       __real@3fffe353f7ced917    00000001800648d8     c19_ctrl_student.obj
 0002:000008e0       __real@3fc3f141205bc01a    00000001800648e0     c19_ctrl_student.obj
 0002:000008e8       __real@bff995810624dd2f    00000001800648e8     c19_ctrl_student.obj
 0002:000008f0       __real@3fc1e1b089a02752    00000001800648f0     c19_ctrl_student.obj
 0002:000008f8       __real@3fd636e2eb1c432d    00000001800648f8     c19_ctrl_student.obj
 0002:00000900       __real@3ff90624dd2f1aa0    0000000180064900     c19_ctrl_student.obj
 0002:00000908       __real@3ff004189374bc6a    0000000180064908     c19_ctrl_student.obj
 0002:00000910       __real@3ff1b645a1cac083    0000000180064910     c19_ctrl_student.obj
 0002:00000918       __real@41df86a714000000    0000000180064918     c29_ctrl_student.obj
 0002:00000920       __real@41e0479733800000    0000000180064920     c29_ctrl_student.obj
 0002:00000928       __real@41a93245da000000    0000000180064928     c29_ctrl_student.obj
 0002:00000930       __real@41b33e92d8000000    0000000180064930     c29_ctrl_student.obj
 0002:00000938       __real@41eb0d0096600000    0000000180064938     c30_ctrl_student.obj
 0002:00000940       __real@41db6c6f1bc00000    0000000180064940     c30_ctrl_student.obj
 0002:00000948       __real@41e5deb2c5600000    0000000180064948     c30_ctrl_student.obj
 0002:00000950       __real@41e64c388d400000    0000000180064950     c30_ctrl_student.obj
 0002:00000958       __real@41ed6170c0000000    0000000180064958     c31_ctrl_student.obj
 0002:00000960       __real@41ce5356e2000000    0000000180064960     c31_ctrl_student.obj
 0002:00000968       __real@41e0396590200000    0000000180064968     c31_ctrl_student.obj
 0002:00000970       __real@41b7fa1c4e000000    0000000180064970     c31_ctrl_student.obj
 0002:00000978       __real@41e018fea3e00000    0000000180064978     c32_ctrl_student.obj
 0002:00000980       __real@41c74a7f78000000    0000000180064980     c32_ctrl_student.obj
 0002:00000988       __real@41e15e0b8fa00000    0000000180064988     c32_ctrl_student.obj
 0002:00000990       __real@41dcb65b1d800000    0000000180064990     c32_ctrl_student.obj
 0002:00000998       __real@41bfe450ee000000    0000000180064998     c33_ctrl_student.obj
 0002:000009a0       __real@41e60f0a72a00000    00000001800649a0     c33_ctrl_student.obj
 0002:000009a8       __real@41efdb50dc000000    00000001800649a8     c33_ctrl_student.obj
 0002:000009b0       __real@41d279436fc00000    00000001800649b0     c33_ctrl_student.obj
 0002:000009b8       __real@41e07605f2400000    00000001800649b8     c34_ctrl_student.obj
 0002:000009c0       __real@41c2f05576000000    00000001800649c0     c34_ctrl_student.obj
 0002:000009c8       __real@41ddd59b0c800000    00000001800649c8     c34_ctrl_student.obj
 0002:000009d0       __real@41ebf00f21000000    00000001800649d0     c34_ctrl_student.obj
 0002:000009d8       __real@41ec84d634800000    00000001800649d8     c35_ctrl_student.obj
 0002:000009e0       __real@41bd3f9933000000    00000001800649e0     c35_ctrl_student.obj
 0002:000009e8       __real@41df9ff7b9800000    00000001800649e8     c35_ctrl_student.obj
 0002:000009f0       __real@41dff711a2c00000    00000001800649f0     c35_ctrl_student.obj
 0002:00000a00       DYNAMIC_DIMENSION_DEF      0000000180064a00     ctrl_student_sfun_registry.obj
 0002:00000a20       _ssBadLevel2InputAccessMsg 0000000180064a20     ctrl_student_sfun_registry.obj
 0002:00000bb0       _ssBadLevel2DirectFeedMsg  0000000180064bb0     ctrl_student_sfun_registry.obj
 0002:00000cf0       _ssBadLevel2DirectFeedSolutionMsg 0000000180064cf0     ctrl_student_sfun_registry.obj
 0002:00000d60       _ssBadLevel2ZeroDirectFeedMsg 0000000180064d60     ctrl_student_sfun_registry.obj
 0002:00000ea0       _ssBadLevel2ZeroDirectFeedMsg2 0000000180064ea0     ctrl_student_sfun_registry.obj
 0002:00000f88       __real@41602cbca0000000    0000000180064f88     ctrl_student_sfun_registry.obj
 0002:00000f90       _pRawDllMain               0000000180064f90     MSVCRT:crtdll.obj
 0002:00000f90       _pDefaultRawDllMain        0000000180064f90     MSVCRT:crtdll.obj
 0002:00000fa8       ?ProcessDetach@NativeDll@<CrtImplementationDetails>@@0IB 0000000180064fa8     MSVCRT:tncleanup.obj
 0002:00000fac       ?ProcessAttach@NativeDll@<CrtImplementationDetails>@@0IB 0000000180064fac     MSVCRT:tncleanup.obj
 0002:00000fb0       ?ThreadAttach@NativeDll@<CrtImplementationDetails>@@0IB 0000000180064fb0     MSVCRT:tncleanup.obj
 0002:00000fb4       ?ThreadDetach@NativeDll@<CrtImplementationDetails>@@0IB 0000000180064fb4     MSVCRT:tncleanup.obj
 0002:00000fb8       ?ProcessVerifier@NativeDll@<CrtImplementationDetails>@@0IB 0000000180064fb8     MSVCRT:tncleanup.obj
 0002:00000fc0       __rtc_iaa                  0000000180064fc0     MSVCRT:_initsect_.obj
 0002:00000fc8       __rtc_izz                  0000000180064fc8     MSVCRT:_initsect_.obj
 0002:00000fd0       __rtc_taa                  0000000180064fd0     MSVCRT:_initsect_.obj
 0002:00000fd8       __rtc_tzz                  0000000180064fd8     MSVCRT:_initsect_.obj
 0002:00002b08       __IMPORT_DESCRIPTOR_sf_runtime 0000000180066b08     sf_runtime:sf_runtime.dll
 0002:00002b1c       __IMPORT_DESCRIPTOR_libmx  0000000180066b1c     libmx:libmx.dll
 0002:00002b30       __IMPORT_DESCRIPTOR_libmex 0000000180066b30     libmex:libmex.dll
 0002:00002b44       __IMPORT_DESCRIPTOR_libut  0000000180066b44     libut:libut.dll
 0002:00002b58       __IMPORT_DESCRIPTOR_libmwmathutil 0000000180066b58     libmwmathutil:libmwmathutil.dll
 0002:00002b6c       __IMPORT_DESCRIPTOR_MSVCR100 0000000180066b6c     MSVCRT:MSVCR100.dll
 0002:00002b80       __IMPORT_DESCRIPTOR_KERNEL32 0000000180066b80     kernel32:KERNEL32.dll
 0002:00002b94       __NULL_IMPORT_DESCRIPTOR   0000000180066b94     sf_runtime:sf_runtime.dll
 0003:00019b50       DYNAMIC_DIMENSION          0000000180081b50     ctrl_student_sfun_registry.obj
 0003:0001a758       __security_cookie          0000000180082758     MSVCRT:gs_cookie.obj
 0003:0001a760       __security_cookie_complement 0000000180082760     MSVCRT:gs_cookie.obj
 0003:0001a768       _fltused                   0000000180082768     MSVCRT:dllsupp.obj
 0003:0001a770       __native_dllmain_reason    0000000180082770     MSVCRT:natstart.obj
 0003:0001a774       __native_vcclrit_reason    0000000180082774     MSVCRT:natstart.obj
 0003:0001a9c8       sfGlobalDebugInstanceStruct 00000001800829c8     ctrl_student_sfun_registry.obj
 0003:0001af50       ?__type_info_root_node@@3U__type_info_node@@A 0000000180082f50     MSVCRT:tncleanup.obj
 0003:0001af60       _ctrl_studentMachineNumber_ 0000000180082f60     <common>
 0003:0001af64       __native_startup_state     0000000180082f64     <common>
 0003:0001af68       __native_startup_lock      0000000180082f68     <common>
 0003:0001af70       __onexitend                0000000180082f70     <common>
 0003:0001af78       __onexitbegin              0000000180082f78     <common>
 0003:0001af80       __dyn_tls_init_callback    0000000180082f80     <common>

 entry point at        0001:00061b00

 Static symbols

 0001:00001c40       c1_info_helper             0000000180002c40 f   c1_ctrl_student.obj
 0001:00006f30       c1_emlrt_marshallOut       0000000180007f30 f   c1_ctrl_student.obj
 0001:00006fc0       c1_b_emlrt_marshallOut     0000000180007fc0 f   c1_ctrl_student.obj
 0001:00007df0       get_sim_state_c1_ctrl_student 0000000180008df0 f   c1_ctrl_student.obj
 0001:000081e0       sf_get_sim_state_info_c1_ctrl_student 00000001800091e0 f   c1_ctrl_student.obj
 0001:000083b0       set_sim_state_c1_ctrl_student 00000001800093b0 f   c1_ctrl_student.obj
 0001:00008570       c1_update_debugger_state_c1_ctrl_student 0000000180009570 f   c1_ctrl_student.obj
 0001:00008580       c1_emlrt_marshallIn        0000000180009580 f   c1_ctrl_student.obj
 0001:000085f0       c1_b_emlrt_marshallIn      00000001800095f0 f   c1_ctrl_student.obj
 0001:00008680       c1_e_emlrt_marshallIn      0000000180009680 f   c1_ctrl_student.obj
 0001:000086e0       c1_f_emlrt_marshallIn      00000001800096e0 f   c1_ctrl_student.obj
 0001:000087e0       mdlProcessParameters_c1_ctrl_student 00000001800097e0 f   c1_ctrl_student.obj
 0001:000088c0       initialize_params_c1_ctrl_student 00000001800098c0 f   c1_ctrl_student.obj
 0001:000088d0       mdlSetWorkWidths_c1_ctrl_student 00000001800098d0 f   c1_ctrl_student.obj
 0001:00008e30       sf_get_instance_specialization 0000000180009e30 f   c1_ctrl_student.obj
 0001:00008e40       mdlStart_c1_ctrl_student   0000000180009e40 f   c1_ctrl_student.obj
 0001:00009070       init_dsm_address_info      000000018000a070 f   c1_ctrl_student.obj
 0001:00009080       chart_debug_initialization 000000018000a080 f   c1_ctrl_student.obj
 0001:0000a080       init_script_number_translation 000000018000b080 f   c1_ctrl_student.obj
 0001:0000a0a0       c1_sf_marshallOut          000000018000b0a0 f   c1_ctrl_student.obj
 0001:0000a150       c1_sf_marshallIn           000000018000b150 f   c1_ctrl_student.obj
 0001:0000a1f0       sf_opaque_initialize_c1_ctrl_student 000000018000b1f0 f   c1_ctrl_student.obj
 0001:0000a230       initialize_c1_ctrl_student 000000018000b230 f   c1_ctrl_student.obj
 0001:0000a280       sf_opaque_enable_c1_ctrl_student 000000018000b280 f   c1_ctrl_student.obj
 0001:0000a2a0       enable_c1_ctrl_student     000000018000b2a0 f   c1_ctrl_student.obj
 0001:0000a2d0       sf_opaque_disable_c1_ctrl_student 000000018000b2d0 f   c1_ctrl_student.obj
 0001:0000a2f0       disable_c1_ctrl_student    000000018000b2f0 f   c1_ctrl_student.obj
 0001:0000a320       sf_opaque_gateway_c1_ctrl_student 000000018000b320 f   c1_ctrl_student.obj
 0001:0000a340       sf_gateway_c1_ctrl_student 000000018000b340 f   c1_ctrl_student.obj
 0001:0000b980       c1_b_sf_marshallOut        000000018000c980 f   c1_ctrl_student.obj
 0001:0000bad0       c1_b_sf_marshallIn         000000018000cad0 f   c1_ctrl_student.obj
 0001:0000bbd0       c1_c_emlrt_marshallIn      000000018000cbd0 f   c1_ctrl_student.obj
 0001:0000bcc0       c1_c_sf_marshallOut        000000018000ccc0 f   c1_ctrl_student.obj
 0001:0000bf10       c1_mldivide                000000018000cf10 f   c1_ctrl_student.obj
 0001:0000ec80       c1_eml_warning             000000018000fc80 f   c1_ctrl_student.obj
 0001:0000edc0       c1_mpower                  000000018000fdc0 f   c1_ctrl_student.obj
 0001:0000ee30       c1_eml_scalar_eg           000000018000fe30 f   c1_ctrl_student.obj
 0001:0000ee40       c1_eml_error               000000018000fe40 f   c1_ctrl_student.obj
 0001:0000f020       sf_opaque_get_sim_state_c1_ctrl_student 0000000180010020 f   c1_ctrl_student.obj
 0001:0000f040       sf_opaque_set_sim_state_c1_ctrl_student 0000000180010040 f   c1_ctrl_student.obj
 0001:0000f070       sf_opaque_terminate_c1_ctrl_student 0000000180010070 f   c1_ctrl_student.obj
 0001:0000f110       finalize_c1_ctrl_student   0000000180010110 f   c1_ctrl_student.obj
 0001:0000f120       sf_opaque_init_subchart_simstructs 0000000180010120 f   c1_ctrl_student.obj
 0001:0000f140       initSimStructsc1_ctrl_student 0000000180010140 f   c1_ctrl_student.obj
 0001:0000f150       mdlRTW_c1_ctrl_student     0000000180010150 f   c1_ctrl_student.obj
 0001:0000f810       get_sim_state_c2_ctrl_student 0000000180010810 f   c2_ctrl_student.obj
 0001:0000f9b0       sf_get_sim_state_info_c2_ctrl_student 00000001800109b0 f   c2_ctrl_student.obj
 0001:0000fb80       set_sim_state_c2_ctrl_student 0000000180010b80 f   c2_ctrl_student.obj
 0001:0000fc50       c2_update_debugger_state_c2_ctrl_student 0000000180010c50 f   c2_ctrl_student.obj
 0001:0000fc60       c2_emlrt_marshallIn        0000000180010c60 f   c2_ctrl_student.obj
 0001:0000fcc0       c2_b_emlrt_marshallIn      0000000180010cc0 f   c2_ctrl_student.obj
 0001:0000fd50       c2_e_emlrt_marshallIn      0000000180010d50 f   c2_ctrl_student.obj
 0001:0000fdb0       c2_f_emlrt_marshallIn      0000000180010db0 f   c2_ctrl_student.obj
 0001:0000feb0       mdlProcessParameters_c2_ctrl_student 0000000180010eb0 f   c2_ctrl_student.obj
 0001:0000ff90       initialize_params_c2_ctrl_student 0000000180010f90 f   c2_ctrl_student.obj
 0001:0000ffa0       mdlSetWorkWidths_c2_ctrl_student 0000000180010fa0 f   c2_ctrl_student.obj
 0001:00010470       sf_get_instance_specialization 0000000180011470 f   c2_ctrl_student.obj
 0001:00010480       mdlStart_c2_ctrl_student   0000000180011480 f   c2_ctrl_student.obj
 0001:000106b0       init_dsm_address_info      00000001800116b0 f   c2_ctrl_student.obj
 0001:000106c0       chart_debug_initialization 00000001800116c0 f   c2_ctrl_student.obj
 0001:00010e10       init_script_number_translation 0000000180011e10 f   c2_ctrl_student.obj
 0001:00010e30       c2_sf_marshallOut          0000000180011e30 f   c2_ctrl_student.obj
 0001:00010ee0       c2_sf_marshallIn           0000000180011ee0 f   c2_ctrl_student.obj
 0001:00010f80       c2_b_sf_marshallOut        0000000180011f80 f   c2_ctrl_student.obj
 0001:000110e0       sf_opaque_initialize_c2_ctrl_student 00000001800120e0 f   c2_ctrl_student.obj
 0001:00011120       initialize_c2_ctrl_student 0000000180012120 f   c2_ctrl_student.obj
 0001:00011170       sf_opaque_enable_c2_ctrl_student 0000000180012170 f   c2_ctrl_student.obj
 0001:00011190       enable_c2_ctrl_student     0000000180012190 f   c2_ctrl_student.obj
 0001:000111c0       sf_opaque_disable_c2_ctrl_student 00000001800121c0 f   c2_ctrl_student.obj
 0001:000111e0       disable_c2_ctrl_student    00000001800121e0 f   c2_ctrl_student.obj
 0001:00011210       sf_opaque_gateway_c2_ctrl_student 0000000180012210 f   c2_ctrl_student.obj
 0001:00011230       sf_gateway_c2_ctrl_student 0000000180012230 f   c2_ctrl_student.obj
 0001:000123b0       c2_c_sf_marshallOut        00000001800133b0 f   c2_ctrl_student.obj
 0001:00012460       c2_b_sf_marshallIn         0000000180013460 f   c2_ctrl_student.obj
 0001:00012500       c2_c_emlrt_marshallIn      0000000180013500 f   c2_ctrl_student.obj
 0001:00012590       sf_opaque_get_sim_state_c2_ctrl_student 0000000180013590 f   c2_ctrl_student.obj
 0001:000125b0       sf_opaque_set_sim_state_c2_ctrl_student 00000001800135b0 f   c2_ctrl_student.obj
 0001:000125e0       sf_opaque_terminate_c2_ctrl_student 00000001800135e0 f   c2_ctrl_student.obj
 0001:00012680       finalize_c2_ctrl_student   0000000180013680 f   c2_ctrl_student.obj
 0001:00012690       sf_opaque_init_subchart_simstructs 0000000180013690 f   c2_ctrl_student.obj
 0001:000126b0       initSimStructsc2_ctrl_student 00000001800136b0 f   c2_ctrl_student.obj
 0001:000126c0       mdlRTW_c2_ctrl_student     00000001800136c0 f   c2_ctrl_student.obj
 0001:00012770       c5_info_helper             0000000180013770 f   c5_ctrl_student.obj
 0001:00013840       c5_emlrt_marshallOut       0000000180014840 f   c5_ctrl_student.obj
 0001:000138d0       c5_b_emlrt_marshallOut     00000001800148d0 f   c5_ctrl_student.obj
 0001:000141d0       get_sim_state_c5_ctrl_student 00000001800151d0 f   c5_ctrl_student.obj
 0001:000143d0       sf_get_sim_state_info_c5_ctrl_student 00000001800153d0 f   c5_ctrl_student.obj
 0001:000145a0       set_sim_state_c5_ctrl_student 00000001800155a0 f   c5_ctrl_student.obj
 0001:000146c0       c5_update_debugger_state_c5_ctrl_student 00000001800156c0 f   c5_ctrl_student.obj
 0001:000146d0       c5_emlrt_marshallIn        00000001800156d0 f   c5_ctrl_student.obj
 0001:00014740       c5_b_emlrt_marshallIn      0000000180015740 f   c5_ctrl_student.obj
 0001:00014830       c5_e_emlrt_marshallIn      0000000180015830 f   c5_ctrl_student.obj
 0001:00014890       c5_f_emlrt_marshallIn      0000000180015890 f   c5_ctrl_student.obj
 0001:00014990       mdlProcessParameters_c5_ctrl_student 0000000180015990 f   c5_ctrl_student.obj
 0001:00014a70       initialize_params_c5_ctrl_student 0000000180015a70 f   c5_ctrl_student.obj
 0001:00014a80       mdlSetWorkWidths_c5_ctrl_student 0000000180015a80 f   c5_ctrl_student.obj
 0001:00014fb0       sf_get_instance_specialization 0000000180015fb0 f   c5_ctrl_student.obj
 0001:00014fc0       mdlStart_c5_ctrl_student   0000000180015fc0 f   c5_ctrl_student.obj
 0001:000151f0       init_dsm_address_info      00000001800161f0 f   c5_ctrl_student.obj
 0001:00015200       chart_debug_initialization 0000000180016200 f   c5_ctrl_student.obj
 0001:00015c40       init_script_number_translation 0000000180016c40 f   c5_ctrl_student.obj
 0001:00015c60       c5_sf_marshallOut          0000000180016c60 f   c5_ctrl_student.obj
 0001:00015db0       c5_sf_marshallIn           0000000180016db0 f   c5_ctrl_student.obj
 0001:00015eb0       sf_opaque_initialize_c5_ctrl_student 0000000180016eb0 f   c5_ctrl_student.obj
 0001:00015ef0       initialize_c5_ctrl_student 0000000180016ef0 f   c5_ctrl_student.obj
 0001:00015f40       sf_opaque_enable_c5_ctrl_student 0000000180016f40 f   c5_ctrl_student.obj
 0001:00015f60       enable_c5_ctrl_student     0000000180016f60 f   c5_ctrl_student.obj
 0001:00015f90       sf_opaque_disable_c5_ctrl_student 0000000180016f90 f   c5_ctrl_student.obj
 0001:00015fb0       disable_c5_ctrl_student    0000000180016fb0 f   c5_ctrl_student.obj
 0001:00015fe0       sf_opaque_gateway_c5_ctrl_student 0000000180016fe0 f   c5_ctrl_student.obj
[...]
 0001:00049440       c31_c_sf_marshallOut       000000018004a440 f   c31_ctrl_student.obj
 0001:000494f0       c31_b_sf_marshallIn        000000018004a4f0 f   c31_ctrl_student.obj
 0001:00049590       c31_c_emlrt_marshallIn     000000018004a590 f   c31_ctrl_student.obj
 0001:00049620       sf_opaque_get_sim_state_c31_ctrl_student 000000018004a620 f   c31_ctrl_student.obj
 0001:00049640       sf_opaque_set_sim_state_c31_ctrl_student 000000018004a640 f   c31_ctrl_student.obj
 0001:00049670       sf_opaque_terminate_c31_ctrl_student 000000018004a670 f   c31_ctrl_student.obj
 0001:00049710       finalize_c31_ctrl_student  000000018004a710 f   c31_ctrl_student.obj
 0001:00049720       sf_opaque_init_subchart_simstructs 000000018004a720 f   c31_ctrl_student.obj
 0001:00049740       initSimStructsc31_ctrl_student 000000018004a740 f   c31_ctrl_student.obj
 0001:00049750       mdlRTW_c31_ctrl_student    000000018004a750 f   c31_ctrl_student.obj
 0001:00049800       c32_info_helper            000000018004a800 f   c32_ctrl_student.obj
 0001:00049c90       c32_emlrt_marshallOut      000000018004ac90 f   c32_ctrl_student.obj
 0001:00049d20       c32_b_emlrt_marshallOut    000000018004ad20 f   c32_ctrl_student.obj
 0001:0004a620       get_sim_state_c32_ctrl_student 000000018004b620 f   c32_ctrl_student.obj
 0001:0004a820       sf_get_sim_state_info_c32_ctrl_student 000000018004b820 f   c32_ctrl_student.obj
 0001:0004a9f0       set_sim_state_c32_ctrl_student 000000018004b9f0 f   c32_ctrl_student.obj
 0001:0004ab10       c32_update_debugger_state_c32_ctrl_student 000000018004bb10 f   c32_ctrl_student.obj
 0001:0004ab20       c32_emlrt_marshallIn       000000018004bb20 f   c32_ctrl_student.obj
 0001:0004ab90       c32_b_emlrt_marshallIn     000000018004bb90 f   c32_ctrl_student.obj
 0001:0004ac80       c32_e_emlrt_marshallIn     000000018004bc80 f   c32_ctrl_student.obj
 0001:0004ace0       c32_f_emlrt_marshallIn     000000018004bce0 f   c32_ctrl_student.obj
 0001:0004ade0       mdlProcessParameters_c32_ctrl_student 000000018004bde0 f   c32_ctrl_student.obj
 0001:0004aec0       initialize_params_c32_ctrl_student 000000018004bec0 f   c32_ctrl_student.obj
 0001:0004aed0       mdlSetWorkWidths_c32_ctrl_student 000000018004bed0 f   c32_ctrl_student.obj
 0001:0004b400       sf_get_instance_specialization 000000018004c400 f   c32_ctrl_student.obj
 0001:0004b410       mdlStart_c32_ctrl_student  000000018004c410 f   c32_ctrl_student.obj
 0001:0004b640       init_dsm_address_info      000000018004c640 f   c32_ctrl_student.obj
 0001:0004b650       chart_debug_initialization 000000018004c650 f   c32_ctrl_student.obj
 0001:0004c080       init_script_number_translation 000000018004d080 f   c32_ctrl_student.obj
 0001:0004c0a0       c32_sf_marshallOut         000000018004d0a0 f   c32_ctrl_student.obj
 0001:0004c200       c32_sf_marshallIn          000000018004d200 f   c32_ctrl_student.obj
 0001:0004c300       c32_b_sf_marshallOut       000000018004d300 f   c32_ctrl_student.obj
 0001:0004c3b0       sf_opaque_initialize_c32_ctrl_student 000000018004d3b0 f   c32_ctrl_student.obj
 0001:0004c3f0       initialize_c32_ctrl_student 000000018004d3f0 f   c32_ctrl_student.obj
 0001:0004c440       sf_opaque_enable_c32_ctrl_student 000000018004d440 f   c32_ctrl_student.obj
 0001:0004c460       enable_c32_ctrl_student    000000018004d460 f   c32_ctrl_student.obj
 0001:0004c490       sf_opaque_disable_c32_ctrl_student 000000018004d490 f   c32_ctrl_student.obj
 0001:0004c4b0       disable_c32_ctrl_student   000000018004d4b0 f   c32_ctrl_student.obj
 0001:0004c4e0       sf_opaque_gateway_c32_ctrl_student 000000018004d4e0 f   c32_ctrl_student.obj
 0001:0004c500       sf_gateway_c32_ctrl_student 000000018004d500 f   c32_ctrl_student.obj
 0001:0004ceb0       c32_b_sf_marshallIn        000000018004deb0 f   c32_ctrl_student.obj
 0001:0004cf50       c32_c_emlrt_marshallIn     000000018004df50 f   c32_ctrl_student.obj
 0001:0004cfe0       sf_opaque_get_sim_state_c32_ctrl_student 000000018004dfe0 f   c32_ctrl_student.obj
 0001:0004d000       sf_opaque_set_sim_state_c32_ctrl_student 000000018004e000 f   c32_ctrl_student.obj
 0001:0004d030       sf_opaque_terminate_c32_ctrl_student 000000018004e030 f   c32_ctrl_student.obj
 0001:0004d0d0       finalize_c32_ctrl_student  000000018004e0d0 f   c32_ctrl_student.obj
 0001:0004d0e0       sf_opaque_init_subchart_simstructs 000000018004e0e0 f   c32_ctrl_student.obj
 0001:0004d100       initSimStructsc32_ctrl_student 000000018004e100 f   c32_ctrl_student.obj
 0001:0004d110       mdlRTW_c32_ctrl_student    000000018004e110 f   c32_ctrl_student.obj
 0001:0004d1c0       c33_info_helper            000000018004e1c0 f   c33_ctrl_student.obj
 0001:0004ddb0       c33_emlrt_marshallOut      000000018004edb0 f   c33_ctrl_student.obj
 0001:0004de40       c33_b_emlrt_marshallOut    000000018004ee40 f   c33_ctrl_student.obj
 0001:0004e740       get_sim_state_c33_ctrl_student 000000018004f740 f   c33_ctrl_student.obj
 0001:0004e930       sf_get_sim_state_info_c33_ctrl_student 000000018004f930 f   c33_ctrl_student.obj
 0001:0004eb00       set_sim_state_c33_ctrl_student 000000018004fb00 f   c33_ctrl_student.obj
 0001:0004ec20       c33_update_debugger_state_c33_ctrl_student 000000018004fc20 f   c33_ctrl_student.obj
 0001:0004ec30       c33_emlrt_marshallIn       000000018004fc30 f   c33_ctrl_student.obj
 0001:0004eca0       c33_b_emlrt_marshallIn     000000018004fca0 f   c33_ctrl_student.obj
 0001:0004ed90       c33_e_emlrt_marshallIn     000000018004fd90 f   c33_ctrl_student.obj
 0001:0004edf0       c33_f_emlrt_marshallIn     000000018004fdf0 f   c33_ctrl_student.obj
 0001:0004eef0       mdlProcessParameters_c33_ctrl_student 000000018004fef0 f   c33_ctrl_student.obj
 0001:0004efd0       initialize_params_c33_ctrl_student 000000018004ffd0 f   c33_ctrl_student.obj
 0001:0004efe0       mdlSetWorkWidths_c33_ctrl_student 000000018004ffe0 f   c33_ctrl_student.obj
 0001:0004f510       sf_get_instance_specialization 0000000180050510 f   c33_ctrl_student.obj
 0001:0004f520       mdlStart_c33_ctrl_student  0000000180050520 f   c33_ctrl_student.obj
 0001:0004f750       init_dsm_address_info      0000000180050750 f   c33_ctrl_student.obj
 0001:0004f760       chart_debug_initialization 0000000180050760 f   c33_ctrl_student.obj
 0001:00050190       init_script_number_translation 0000000180051190 f   c33_ctrl_student.obj
 0001:000501b0       c33_sf_marshallOut         00000001800511b0 f   c33_ctrl_student.obj
 0001:00050310       c33_sf_marshallIn          0000000180051310 f   c33_ctrl_student.obj
 0001:00050410       c33_b_sf_marshallOut       0000000180051410 f   c33_ctrl_student.obj
 0001:000504c0       sf_opaque_initialize_c33_ctrl_student 00000001800514c0 f   c33_ctrl_student.obj
 0001:00050500       initialize_c33_ctrl_student 0000000180051500 f   c33_ctrl_student.obj
 0001:00050550       sf_opaque_enable_c33_ctrl_student 0000000180051550 f   c33_ctrl_student.obj
 0001:00050570       enable_c33_ctrl_student    0000000180051570 f   c33_ctrl_student.obj
 0001:000505a0       sf_opaque_disable_c33_ctrl_student 00000001800515a0 f   c33_ctrl_student.obj
 0001:000505c0       disable_c33_ctrl_student   00000001800515c0 f   c33_ctrl_student.obj
 0001:000505f0       sf_opaque_gateway_c33_ctrl_student 00000001800515f0 f   c33_ctrl_student.obj
 0001:00050610       sf_gateway_c33_ctrl_student 0000000180051610 f   c33_ctrl_student.obj
 0001:00050ed0       c33_b_sf_marshallIn        0000000180051ed0 f   c33_ctrl_student.obj
 0001:00050f70       c33_c_emlrt_marshallIn     0000000180051f70 f   c33_ctrl_student.obj
 0001:00051000       sf_opaque_get_sim_state_c33_ctrl_student 0000000180052000 f   c33_ctrl_student.obj
 0001:00051020       sf_opaque_set_sim_state_c33_ctrl_student 0000000180052020 f   c33_ctrl_student.obj
 0001:00051050       sf_opaque_terminate_c33_ctrl_student 0000000180052050 f   c33_ctrl_student.obj
 0001:000510f0       finalize_c33_ctrl_student  00000001800520f0 f   c33_ctrl_student.obj
 0001:00051100       sf_opaque_init_subchart_simstructs 0000000180052100 f   c33_ctrl_student.obj
 0001:00051120       initSimStructsc33_ctrl_student 0000000180052120 f   c33_ctrl_student.obj
 0001:00051130       mdlRTW_c33_ctrl_student    0000000180052130 f   c33_ctrl_student.obj
 0001:000511e0       c34_info_helper            00000001800521e0 f   c34_ctrl_student.obj
 0001:00051670       c34_emlrt_marshallOut      0000000180052670 f   c34_ctrl_student.obj
 0001:00051700       c34_b_emlrt_marshallOut    0000000180052700 f   c34_ctrl_student.obj
 0001:00052000       get_sim_state_c34_ctrl_student 0000000180053000 f   c34_ctrl_student.obj
 0001:000521f0       sf_get_sim_state_info_c34_ctrl_student 00000001800531f0 f   c34_ctrl_student.obj
 0001:000523c0       set_sim_state_c34_ctrl_student 00000001800533c0 f   c34_ctrl_student.obj
 0001:000524e0       c34_update_debugger_state_c34_ctrl_student 00000001800534e0 f   c34_ctrl_student.obj
 0001:000524f0       c34_emlrt_marshallIn       00000001800534f0 f   c34_ctrl_student.obj
 0001:00052560       c34_b_emlrt_marshallIn     0000000180053560 f   c34_ctrl_student.obj
 0001:00052650       c34_e_emlrt_marshallIn     0000000180053650 f   c34_ctrl_student.obj
 0001:000526b0       c34_f_emlrt_marshallIn     00000001800536b0 f   c34_ctrl_student.obj
 0001:000527b0       mdlProcessParameters_c34_ctrl_student 00000001800537b0 f   c34_ctrl_student.obj
 0001:00052890       initialize_params_c34_ctrl_student 0000000180053890 f   c34_ctrl_student.obj
 0001:000528a0       mdlSetWorkWidths_c34_ctrl_student 00000001800538a0 f   c34_ctrl_student.obj
 0001:00052dd0       sf_get_instance_specialization 0000000180053dd0 f   c34_ctrl_student.obj
 0001:00052de0       mdlStart_c34_ctrl_student  0000000180053de0 f   c34_ctrl_student.obj
 0001:00053010       init_dsm_address_info      0000000180054010 f   c34_ctrl_student.obj
 0001:00053020       chart_debug_initialization 0000000180054020 f   c34_ctrl_student.obj
 0001:00053a50       init_script_number_translation 0000000180054a50 f   c34_ctrl_student.obj
 0001:00053a70       c34_sf_marshallOut         0000000180054a70 f   c34_ctrl_student.obj
 0001:00053bd0       c34_sf_marshallIn          0000000180054bd0 f   c34_ctrl_student.obj
 0001:00053cd0       c34_b_sf_marshallOut       0000000180054cd0 f   c34_ctrl_student.obj
 0001:00053d80       sf_opaque_initialize_c34_ctrl_student 0000000180054d80 f   c34_ctrl_student.obj
 0001:00053dc0       initialize_c34_ctrl_student 0000000180054dc0 f   c34_ctrl_student.obj
 0001:00053e10       sf_opaque_enable_c34_ctrl_student 0000000180054e10 f   c34_ctrl_student.obj
 0001:00053e30       enable_c34_ctrl_student    0000000180054e30 f   c34_ctrl_student.obj
 0001:00053e60       sf_opaque_disable_c34_ctrl_student 0000000180054e60 f   c34_ctrl_student.obj
 0001:00053e80       disable_c34_ctrl_student   0000000180054e80 f   c34_ctrl_student.obj
 0001:00053eb0       sf_opaque_gateway_c34_ctrl_student 0000000180054eb0 f   c34_ctrl_student.obj
 0001:00053ed0       sf_gateway_c34_ctrl_student 0000000180054ed0 f   c34_ctrl_student.obj
 0001:00054880       c34_b_sf_marshallIn        0000000180055880 f   c34_ctrl_student.obj
 0001:00054920       c34_c_emlrt_marshallIn     0000000180055920 f   c34_ctrl_student.obj
 0001:000549b0       sf_opaque_get_sim_state_c34_ctrl_student 00000001800559b0 f   c34_ctrl_student.obj
 0001:000549d0       sf_opaque_set_sim_state_c34_ctrl_student 00000001800559d0 f   c34_ctrl_student.obj
 0001:00054a00       sf_opaque_terminate_c34_ctrl_student 0000000180055a00 f   c34_ctrl_student.obj
 0001:00054aa0       finalize_c34_ctrl_student  0000000180055aa0 f   c34_ctrl_student.obj
 0001:00054ab0       sf_opaque_init_subchart_simstructs 0000000180055ab0 f   c34_ctrl_student.obj
 0001:00054ad0       initSimStructsc34_ctrl_student 0000000180055ad0 f   c34_ctrl_student.obj
 0001:00054ae0       mdlRTW_c34_ctrl_student    0000000180055ae0 f   c34_ctrl_student.obj
 0001:00054b90       c35_info_helper            0000000180055b90 f   c35_ctrl_student.obj
 0001:000574e0       c35_emlrt_marshallOut      00000001800584e0 f   c35_ctrl_student.obj
 0001:00057570       c35_b_emlrt_marshallOut    0000000180058570 f   c35_ctrl_student.obj
 0001:00057d30       get_sim_state_c35_ctrl_student 0000000180058d30 f   c35_ctrl_student.obj
 0001:00057f40       sf_get_sim_state_info_c35_ctrl_student 0000000180058f40 f   c35_ctrl_student.obj
 0001:00058110       set_sim_state_c35_ctrl_student 0000000180059110 f   c35_ctrl_student.obj
 0001:00058230       c35_update_debugger_state_c35_ctrl_student 0000000180059230 f   c35_ctrl_student.obj
 0001:00058240       c35_emlrt_marshallIn       0000000180059240 f   c35_ctrl_student.obj
 0001:000582b0       c35_b_emlrt_marshallIn     00000001800592b0 f   c35_ctrl_student.obj
 0001:000583a0       c35_f_emlrt_marshallIn     00000001800593a0 f   c35_ctrl_student.obj
 0001:00058400       c35_g_emlrt_marshallIn     0000000180059400 f   c35_ctrl_student.obj
 0001:00058500       mdlProcessParameters_c35_ctrl_student 0000000180059500 f   c35_ctrl_student.obj
 0001:000585e0       initialize_params_c35_ctrl_student 00000001800595e0 f   c35_ctrl_student.obj
 0001:000585f0       mdlSetWorkWidths_c35_ctrl_student 00000001800595f0 f   c35_ctrl_student.obj
 0001:00058af0       sf_get_instance_specialization 0000000180059af0 f   c35_ctrl_student.obj
 0001:00058b00       mdlStart_c35_ctrl_student  0000000180059b00 f   c35_ctrl_student.obj
 0001:00058d30       init_dsm_address_info      0000000180059d30 f   c35_ctrl_student.obj
 0001:00058d40       chart_debug_initialization 0000000180059d40 f   c35_ctrl_student.obj
 0001:00059600       init_script_number_translation 000000018005a600 f   c35_ctrl_student.obj
 0001:00059620       c35_sf_marshallOut         000000018005a620 f   c35_ctrl_student.obj
 0001:00059780       c35_sf_marshallIn          000000018005a780 f   c35_ctrl_student.obj
 0001:00059880       c35_b_sf_marshallOut       000000018005a880 f   c35_ctrl_student.obj
 0001:00059930       sf_opaque_initialize_c35_ctrl_student 000000018005a930 f   c35_ctrl_student.obj
 0001:00059970       initialize_c35_ctrl_student 000000018005a970 f   c35_ctrl_student.obj
 0001:000599c0       sf_opaque_enable_c35_ctrl_student 000000018005a9c0 f   c35_ctrl_student.obj
 0001:000599e0       enable_c35_ctrl_student    000000018005a9e0 f   c35_ctrl_student.obj
 0001:00059a10       sf_opaque_disable_c35_ctrl_student 000000018005aa10 f   c35_ctrl_student.obj
 0001:00059a30       disable_c35_ctrl_student   000000018005aa30 f   c35_ctrl_student.obj
 0001:00059a60       sf_opaque_gateway_c35_ctrl_student 000000018005aa60 f   c35_ctrl_student.obj
 0001:00059a80       sf_gateway_c35_ctrl_student 000000018005aa80 f   c35_ctrl_student.obj
 0001:0005a640       c35_b_sf_marshallIn        000000018005b640 f   c35_ctrl_student.obj
 0001:0005a6e0       c35_c_emlrt_marshallIn     000000018005b6e0 f   c35_ctrl_student.obj
 0001:0005a770       c35_c_sf_marshallOut       000000018005b770 f   c35_ctrl_student.obj
 0001:0005a9c0       c35_c_sf_marshallIn        000000018005b9c0 f   c35_ctrl_student.obj
 0001:0005ab50       c35_d_emlrt_marshallIn     000000018005bb50 f   c35_ctrl_student.obj
 0001:0005ac60       c35_eml_scalar_eg          000000018005bc60 f   c35_ctrl_student.obj
 0001:0005ac70       c35_b_eml_xgemm            000000018005bc70 f   c35_ctrl_student.obj
 0001:0005ad50       sf_opaque_get_sim_state_c35_ctrl_student 000000018005bd50 f   c35_ctrl_student.obj
 0001:0005ad70       sf_opaque_set_sim_state_c35_ctrl_student 000000018005bd70 f   c35_ctrl_student.obj
 0001:0005ada0       sf_opaque_terminate_c35_ctrl_student 000000018005bda0 f   c35_ctrl_student.obj
 0001:0005ae40       finalize_c35_ctrl_student  000000018005be40 f   c35_ctrl_student.obj
 0001:0005ae50       sf_opaque_init_subchart_simstructs 000000018005be50 f   c35_ctrl_student.obj
 0001:0005ae70       initSimStructsc35_ctrl_student 000000018005be70 f   c35_ctrl_student.obj
 0001:0005ae80       mdlRTW_c35_ctrl_student    000000018005be80 f   c35_ctrl_student.obj
 0001:0005b7f0       getChartInfoFromSimStruct  000000018005c7f0 f   ctrl_student_sfun_registry.obj
 0001:0005ce90       _ssFatalError              000000018005de90 f   ctrl_student_sfun_registry.obj
 0001:0005ff40       ProcessMexSfunctionCmdLineCall 0000000180060f40 f   ctrl_student_sfun_registry.obj
 0001:00060070       sf_debug_api_wrapper       0000000180061070 f   ctrl_student_sfun_registry.obj
 0001:000600c0       mdlStart                   00000001800610c0 f   ctrl_student_sfun_registry.obj
 0001:000600f0       mdl_start_processing       00000001800610f0 f   ctrl_student_sfun_registry.obj
 0001:00060180       mdlTerminate               0000000180061180 f   ctrl_student_sfun_registry.obj
 0001:000601b0       mdl_terminate_processing   00000001800611b0 f   ctrl_student_sfun_registry.obj
 0001:00060230       mdlInitializeSampleTimes   0000000180061230 f   ctrl_student_sfun_registry.obj
 0001:00060260       mdlZeroCrossings           0000000180061260 f   ctrl_student_sfun_registry.obj
 0001:00060290       mdl_zeroCrossings_processing 0000000180061290 f   ctrl_student_sfun_registry.obj
 0001:000602d0       mdlDerivatives             00000001800612d0 f   ctrl_student_sfun_registry.obj
 0001:00060300       mdl_derivatives_processing 0000000180061300 f   ctrl_student_sfun_registry.obj
 0001:00060350       mdlInitializeConditions    0000000180061350 f   ctrl_student_sfun_registry.obj
 0001:00060380       mdl_initialize_conditions_processing 0000000180061380 f   ctrl_student_sfun_registry.obj
 0001:000603d0       mdlEnable                  00000001800613d0 f   ctrl_student_sfun_registry.obj
 0001:00060400       mdl_enable_processing      0000000180061400 f   ctrl_student_sfun_registry.obj
 0001:00060440       mdlDisable                 0000000180061440 f   ctrl_student_sfun_registry.obj
 0001:00060470       mdl_disable_processing     0000000180061470 f   ctrl_student_sfun_registry.obj
 0001:000604b0       mdlOutputs                 00000001800614b0 f   ctrl_student_sfun_registry.obj
 0001:000604e0       mdl_outputs_processing     00000001800614e0 f   ctrl_student_sfun_registry.obj
 0001:000605c0       mdl_outputs_continuous_legacy 00000001800615c0 f   ctrl_student_sfun_registry.obj
 0001:000606b0       mdlGetTimeOfNextVarHit     00000001800616b0 f   ctrl_student_sfun_registry.obj
 0001:00060700       _ProcessMexSfunctionCmdLineCall 0000000180061700 f   ctrl_student_sfun_registry.obj
 0001:00060e50       mdlSetWorkWidths           0000000180061e50 f   ctrl_student_sfun_registry.obj
 0001:00060e80       mdlProcessParameters       0000000180061e80 f   ctrl_student_sfun_registry.obj
 0001:00060eb0       mdlInitializeSizes         0000000180061eb0 f   ctrl_student_sfun_registry.obj
 0001:00060ee0       mdlExtModeExec             0000000180061ee0 f   ctrl_student_sfun_registry.obj
 0001:00060f10       mdl_ext_mode_exec_processing 0000000180061f10 f   ctrl_student_sfun_registry.obj
 0001:00060f50       mdlRTW                     0000000180061f50 f   ctrl_student_sfun_registry.obj
 0001:00060f90       _CreateSimStruct           0000000180061f90 f   ctrl_student_sfun_registry.obj
 0001:00061120       _RegNumInputPortsCB        0000000180062120 f   ctrl_student_sfun_registry.obj
 0001:000611a0       _RegNumOutputPortsCB       00000001800621a0 f   ctrl_student_sfun_registry.obj
 0001:00061708       pre_c_init                 0000000180062708 f   MSVCRT:crtdll.obj
 0001:000619c4       __DllMainCRTStartup        00000001800629c4 f   MSVCRT:crtdll.obj
 0001:00062030       __DllMainCRTStartup$filt$0 0000000180063030 f   MSVCRT:crtdll.obj
 0001:00062060       __DllMainCRTStartup$fin$1  0000000180063060 f   MSVCRT:crtdll.obj
 0001:0006207a       _onexit$fin$0              000000018006307a f   MSVCRT:atonexit.obj
 0001:000620a0       _IsNonwritableInCurrentImage$filt$0 00000001800630a0 f   MSVCRT:pesect.obj
