 Model_justmodel_sfun

 Timestamp is 5344fc35 (Wed Apr 09 09:52:21 2014)

 Preferred load address is 0000000180000000

 Start         Length     Name                   Class
 0001:00000000 0009c6c4H .text                   CODE
 0001:0009c6d0 00000092H .text$x                 CODE
 0002:00000000 000004c8H .idata$5                DATA
 0002:000004c8 00000008H .CRT$XCA                DATA
 0002:000004d0 00000008H .CRT$XCZ                DATA
 0002:000004d8 00000008H .CRT$XIA                DATA
 0002:000004e0 00000008H .CRT$XIAA               DATA
 0002:000004e8 00000008H .CRT$XIZ                DATA
 0002:000004f0 00004ddcH .rdata                  DATA
 0002:000052d0 00000008H .rtc$IAA                DATA
 0002:000052d8 00000008H .rtc$IZZ                DATA
 0002:000052e0 00000008H .rtc$TAA                DATA
 0002:000052e8 00000008H .rtc$TZZ                DATA
 0002:000052f0 000059ecH .xdata                  DATA
 0002:0000acdc 000000a0H .idata$2                DATA
 0002:0000ad7c 00000014H .idata$3                DATA
 0002:0000ad90 000004c8H .idata$4                DATA
 0002:0000b258 00000b44H .idata$6                DATA
 0002:0000bda0 0000005aH .edata                  DATA
 0003:00000000 00012df8H .data                   DATA
 0003:00012e00 00002478H .bss                    DATA
 0004:00000000 00004f50H .pdata                  DATA

  Address         Publics by Value              Rva+Base               Lib:Object

 0000:00000000       ___safe_se_handler_table   0000000000000000     <absolute>
 0000:00000000       ___safe_se_handler_count   0000000000000000     <absolute>
 0000:00000000       __ImageBase                0000000180000000     <linker-defined>
 0001:00000000       sf_c1_Model_justmodel_get_eml_resolved_functions_info 0000000180001000 f   c1_Model_justmodel.obj
 0001:00001400       sf_c1_Model_justmodel_get_check_sum 0000000180002400 f   c1_Model_justmodel.obj
 0001:00001480       sf_c1_Model_justmodel_get_autoinheritance_info 0000000180002480 f   c1_Model_justmodel.obj
 0001:000026d0       sf_c1_Model_justmodel_third_party_uses_info 00000001800036d0 f   c1_Model_justmodel.obj
 0001:00002700       sf_internal_get_sim_state_c1_Model_justmodel 0000000180003700 f   c1_Model_justmodel.obj
 0001:00002ef0       sf_internal_set_sim_state_c1_Model_justmodel 0000000180003ef0 f   c1_Model_justmodel.obj
 0001:000034c0       c1_Model_justmodel_method_dispatcher 00000001800044c0 f   c1_Model_justmodel.obj
 0001:0000bd40       sf_c2_Model_justmodel_get_eml_resolved_functions_info 000000018000cd40 f   c2_Model_justmodel.obj
 0001:0000c430       sf_c2_Model_justmodel_get_check_sum 000000018000d430 f   c2_Model_justmodel.obj
 0001:0000c4b0       sf_c2_Model_justmodel_get_autoinheritance_info 000000018000d4b0 f   c2_Model_justmodel.obj
 0001:0000c8d0       sf_c2_Model_justmodel_third_party_uses_info 000000018000d8d0 f   c2_Model_justmodel.obj
 0001:0000c900       sf_internal_get_sim_state_c2_Model_justmodel 000000018000d900 f   c2_Model_justmodel.obj
 0001:0000ccc0       sf_internal_set_sim_state_c2_Model_justmodel 000000018000dcc0 f   c2_Model_justmodel.obj
 0001:0000d1a0       c2_Model_justmodel_method_dispatcher 000000018000e1a0 f   c2_Model_justmodel.obj
 0001:0000f650       sf_c3_Model_justmodel_get_eml_resolved_functions_info 0000000180010650 f   c3_Model_justmodel.obj
 0001:00010540       sf_c3_Model_justmodel_get_check_sum 0000000180011540 f   c3_Model_justmodel.obj
 0001:000105c0       sf_c3_Model_justmodel_get_autoinheritance_info 00000001800115c0 f   c3_Model_justmodel.obj
 0001:00010dc0       sf_c3_Model_justmodel_third_party_uses_info 0000000180011dc0 f   c3_Model_justmodel.obj
 0001:00010df0       sf_internal_get_sim_state_c3_Model_justmodel 0000000180011df0 f   c3_Model_justmodel.obj
 0001:00011240       sf_internal_set_sim_state_c3_Model_justmodel 0000000180012240 f   c3_Model_justmodel.obj
 0001:00011800       c3_Model_justmodel_method_dispatcher 0000000180012800 f   c3_Model_justmodel.obj
 0001:000150f0       sf_c4_Model_justmodel_get_eml_resolved_functions_info 00000001800160f0 f   c4_Model_justmodel.obj
 0001:00015a40       sf_c4_Model_justmodel_get_check_sum 0000000180016a40 f   c4_Model_justmodel.obj
 0001:00015ac0       sf_c4_Model_justmodel_get_autoinheritance_info 0000000180016ac0 f   c4_Model_justmodel.obj
 0001:00016170       sf_c4_Model_justmodel_third_party_uses_info 0000000180017170 f   c4_Model_justmodel.obj
 0001:000161a0       sf_internal_get_sim_state_c4_Model_justmodel 00000001800171a0 f   c4_Model_justmodel.obj
 0001:00016560       sf_internal_set_sim_state_c4_Model_justmodel 0000000180017560 f   c4_Model_justmodel.obj
 0001:00016a00       c4_Model_justmodel_method_dispatcher 0000000180017a00 f   c4_Model_justmodel.obj
 0001:0001a590       sf_c5_Model_justmodel_get_eml_resolved_functions_info 000000018001b590 f   c5_Model_justmodel.obj
 0001:0001b0e0       sf_c5_Model_justmodel_get_check_sum 000000018001c0e0 f   c5_Model_justmodel.obj
 0001:0001b160       sf_c5_Model_justmodel_get_autoinheritance_info 000000018001c160 f   c5_Model_justmodel.obj
 0001:0001baa0       sf_c5_Model_justmodel_third_party_uses_info 000000018001caa0 f   c5_Model_justmodel.obj
 0001:0001bad0       sf_internal_get_sim_state_c5_Model_justmodel 000000018001cad0 f   c5_Model_justmodel.obj
 0001:0001bfa0       sf_internal_set_sim_state_c5_Model_justmodel 000000018001cfa0 f   c5_Model_justmodel.obj
 0001:0001c4f0       c5_Model_justmodel_method_dispatcher 000000018001d4f0 f   c5_Model_justmodel.obj
 0001:0001ff80       sf_c6_Model_justmodel_get_eml_resolved_functions_info 0000000180020f80 f   c6_Model_justmodel.obj
 0001:00020b00       sf_c6_Model_justmodel_get_check_sum 0000000180021b00 f   c6_Model_justmodel.obj
 0001:00020b80       sf_c6_Model_justmodel_get_autoinheritance_info 0000000180021b80 f   c6_Model_justmodel.obj
 0001:000219c0       sf_c6_Model_justmodel_third_party_uses_info 00000001800229c0 f   c6_Model_justmodel.obj
 0001:000219f0       sf_internal_get_sim_state_c6_Model_justmodel 00000001800229f0 f   c6_Model_justmodel.obj
 0001:00021da0       sf_internal_set_sim_state_c6_Model_justmodel 0000000180022da0 f   c6_Model_justmodel.obj
 0001:00022240       c6_Model_justmodel_method_dispatcher 0000000180023240 f   c6_Model_justmodel.obj
 0001:00027e60       sf_c7_Model_justmodel_get_eml_resolved_functions_info 0000000180028e60 f   c7_Model_justmodel.obj
 0001:00028a00       sf_c7_Model_justmodel_get_check_sum 0000000180029a00 f   c7_Model_justmodel.obj
 0001:00028a80       sf_c7_Model_justmodel_get_autoinheritance_info 0000000180029a80 f   c7_Model_justmodel.obj
 0001:000293b0       sf_c7_Model_justmodel_third_party_uses_info 000000018002a3b0 f   c7_Model_justmodel.obj
 0001:000293e0       sf_internal_get_sim_state_c7_Model_justmodel 000000018002a3e0 f   c7_Model_justmodel.obj
 0001:00029790       sf_internal_set_sim_state_c7_Model_justmodel 000000018002a790 f   c7_Model_justmodel.obj
 0001:00029c30       c7_Model_justmodel_method_dispatcher 000000018002ac30 f   c7_Model_justmodel.obj
 0001:0002db10       sf_c8_Model_justmodel_get_eml_resolved_functions_info 000000018002eb10 f   c8_Model_justmodel.obj
 0001:0002e6e0       sf_c8_Model_justmodel_get_check_sum 000000018002f6e0 f   c8_Model_justmodel.obj
 0001:0002e760       sf_c8_Model_justmodel_get_autoinheritance_info 000000018002f760 f   c8_Model_justmodel.obj
 0001:0002fc30       sf_c8_Model_justmodel_third_party_uses_info 0000000180030c30 f   c8_Model_justmodel.obj
 0001:0002fc60       sf_internal_get_sim_state_c8_Model_justmodel 0000000180030c60 f   c8_Model_justmodel.obj
 0001:000304a0       sf_internal_set_sim_state_c8_Model_justmodel 00000001800314a0 f   c8_Model_justmodel.obj
 0001:00030cb0       c8_Model_justmodel_method_dispatcher 0000000180031cb0 f   c8_Model_justmodel.obj
 0001:00036b20       sf_c9_Model_justmodel_get_eml_resolved_functions_info 0000000180037b20 f   c9_Model_justmodel.obj
 0001:00037020       sf_c9_Model_justmodel_get_check_sum 0000000180038020 f   c9_Model_justmodel.obj
 0001:000370a0       sf_c9_Model_justmodel_get_autoinheritance_info 00000001800380a0 f   c9_Model_justmodel.obj
 0001:00037610       sf_c9_Model_justmodel_third_party_uses_info 0000000180038610 f   c9_Model_justmodel.obj
 0001:00037640       sf_internal_get_sim_state_c9_Model_justmodel 0000000180038640 f   c9_Model_justmodel.obj
 0001:000379f0       sf_internal_set_sim_state_c9_Model_justmodel 00000001800389f0 f   c9_Model_justmodel.obj
 0001:00037e90       c9_Model_justmodel_method_dispatcher 0000000180038e90 f   c9_Model_justmodel.obj
 0001:0003a140       sf_c10_Model_justmodel_get_eml_resolved_functions_info 000000018003b140 f   c10_Model_justmodel.obj
 0001:0003ac60       sf_c10_Model_justmodel_get_check_sum 000000018003bc60 f   c10_Model_justmodel.obj
 0001:0003ace0       sf_c10_Model_justmodel_get_autoinheritance_info 000000018003bce0 f   c10_Model_justmodel.obj
 0001:0003b4d0       sf_c10_Model_justmodel_third_party_uses_info 000000018003c4d0 f   c10_Model_justmodel.obj
 0001:0003b500       sf_internal_get_sim_state_c10_Model_justmodel 000000018003c500 f   c10_Model_justmodel.obj
 0001:0003b8b0       sf_internal_set_sim_state_c10_Model_justmodel 000000018003c8b0 f   c10_Model_justmodel.obj
 0001:0003bd50       c10_Model_justmodel_method_dispatcher 000000018003cd50 f   c10_Model_justmodel.obj
 0001:0003ecb0       sf_c11_Model_justmodel_get_eml_resolved_functions_info 000000018003fcb0 f   c11_Model_justmodel.obj
 0001:0003f2e0       sf_c11_Model_justmodel_get_check_sum 00000001800402e0 f   c11_Model_justmodel.obj
 0001:0003f360       sf_c11_Model_justmodel_get_autoinheritance_info 0000000180040360 f   c11_Model_justmodel.obj
 0001:0003f780       sf_c11_Model_justmodel_third_party_uses_info 0000000180040780 f   c11_Model_justmodel.obj
 0001:0003f7b0       sf_internal_get_sim_state_c11_Model_justmodel 00000001800407b0 f   c11_Model_justmodel.obj
 0001:0003fb60       sf_internal_set_sim_state_c11_Model_justmodel 0000000180040b60 f   c11_Model_justmodel.obj
 0001:00040040       c11_Model_justmodel_method_dispatcher 0000000180041040 f   c11_Model_justmodel.obj
 0001:00042170       sf_c12_Model_justmodel_get_eml_resolved_functions_info 0000000180043170 f   c12_Model_justmodel.obj
 0001:000433e0       sf_c12_Model_justmodel_get_check_sum 00000001800443e0 f   c12_Model_justmodel.obj
 0001:00043460       sf_c12_Model_justmodel_get_autoinheritance_info 0000000180044460 f   c12_Model_justmodel.obj
 0001:00044170       sf_c12_Model_justmodel_third_party_uses_info 0000000180045170 f   c12_Model_justmodel.obj
 0001:000441a0       sf_internal_get_sim_state_c12_Model_justmodel 00000001800451a0 f   c12_Model_justmodel.obj
 0001:00044b90       sf_internal_set_sim_state_c12_Model_justmodel 0000000180045b90 f   c12_Model_justmodel.obj
 0001:00045a20       c12_Model_justmodel_method_dispatcher 0000000180046a20 f   c12_Model_justmodel.obj
 0001:0004a960       sf_c13_Model_justmodel_get_eml_resolved_functions_info 000000018004b960 f   c13_Model_justmodel.obj
 0001:0004b0d0       sf_c13_Model_justmodel_get_check_sum 000000018004c0d0 f   c13_Model_justmodel.obj
 0001:0004b150       sf_c13_Model_justmodel_get_autoinheritance_info 000000018004c150 f   c13_Model_justmodel.obj
 0001:0004b6c0       sf_c13_Model_justmodel_third_party_uses_info 000000018004c6c0 f   c13_Model_justmodel.obj
 0001:0004b6f0       sf_internal_get_sim_state_c13_Model_justmodel 000000018004c6f0 f   c13_Model_justmodel.obj
 0001:0004ba40       sf_internal_set_sim_state_c13_Model_justmodel 000000018004ca40 f   c13_Model_justmodel.obj
 0001:0004be40       c13_Model_justmodel_method_dispatcher 000000018004ce40 f   c13_Model_justmodel.obj
 0001:0004de90       sf_c14_Model_justmodel_get_eml_resolved_functions_info 000000018004ee90 f   c14_Model_justmodel.obj
 0001:0004e530       sf_c14_Model_justmodel_get_check_sum 000000018004f530 f   c14_Model_justmodel.obj
 0001:0004e5b0       sf_c14_Model_justmodel_get_autoinheritance_info 000000018004f5b0 f   c14_Model_justmodel.obj
 0001:0004eb20       sf_c14_Model_justmodel_third_party_uses_info 000000018004fb20 f   c14_Model_justmodel.obj
 0001:0004eb50       sf_internal_get_sim_state_c14_Model_justmodel 000000018004fb50 f   c14_Model_justmodel.obj
 0001:0004f010       sf_internal_set_sim_state_c14_Model_justmodel 0000000180050010 f   c14_Model_justmodel.obj
 0001:0004f5a0       c14_Model_justmodel_method_dispatcher 00000001800505a0 f   c14_Model_justmodel.obj
 0001:000520f0       sf_c15_Model_justmodel_get_eml_resolved_functions_info 00000001800530f0 f   c15_Model_justmodel.obj
 0001:00052170       sf_c15_Model_justmodel_get_check_sum 0000000180053170 f   c15_Model_justmodel.obj
 0001:000521f0       sf_c15_Model_justmodel_get_autoinheritance_info 00000001800531f0 f   c15_Model_justmodel.obj
 0001:000529f0       sf_c15_Model_justmodel_third_party_uses_info 00000001800539f0 f   c15_Model_justmodel.obj
 0001:00052a20       sf_internal_get_sim_state_c15_Model_justmodel 0000000180053a20 f   c15_Model_justmodel.obj
 0001:00052ea0       sf_internal_set_sim_state_c15_Model_justmodel 0000000180053ea0 f   c15_Model_justmodel.obj
 0001:000533f0       c15_Model_justmodel_method_dispatcher 00000001800543f0 f   c15_Model_justmodel.obj
 0001:00055cf0       sf_c25_Model_justmodel_get_eml_resolved_functions_info 0000000180056cf0 f   c25_Model_justmodel.obj
 0001:00056450       sf_c25_Model_justmodel_get_check_sum 0000000180057450 f   c25_Model_justmodel.obj
 0001:000564d0       sf_c25_Model_justmodel_get_autoinheritance_info 00000001800574d0 f   c25_Model_justmodel.obj
 0001:00056cd0       sf_c25_Model_justmodel_third_party_uses_info 0000000180057cd0 f   c25_Model_justmodel.obj
 0001:00056d00       sf_internal_get_sim_state_c25_Model_justmodel 0000000180057d00 f   c25_Model_justmodel.obj
 0001:000571c0       sf_internal_set_sim_state_c25_Model_justmodel 00000001800581c0 f   c25_Model_justmodel.obj
 0001:00057710       c25_Model_justmodel_method_dispatcher 0000000180058710 f   c25_Model_justmodel.obj
 0001:0005a3d0       sf_c26_Model_justmodel_get_eml_resolved_functions_info 000000018005b3d0 f   c26_Model_justmodel.obj
 0001:0005afc0       sf_c26_Model_justmodel_get_check_sum 000000018005bfc0 f   c26_Model_justmodel.obj
 0001:0005b040       sf_c26_Model_justmodel_get_autoinheritance_info 000000018005c040 f   c26_Model_justmodel.obj
 0001:0005b5b0       sf_c26_Model_justmodel_third_party_uses_info 000000018005c5b0 f   c26_Model_justmodel.obj
 0001:0005b5e0       sf_internal_get_sim_state_c26_Model_justmodel 000000018005c5e0 f   c26_Model_justmodel.obj
 0001:0005b990       sf_internal_set_sim_state_c26_Model_justmodel 000000018005c990 f   c26_Model_justmodel.obj
 0001:0005be30       c26_Model_justmodel_method_dispatcher 000000018005ce30 f   c26_Model_justmodel.obj
 0001:0005ee40       sf_c27_Model_justmodel_get_eml_resolved_functions_info 000000018005fe40 f   c27_Model_justmodel.obj
 0001:0005f5b0       sf_c27_Model_justmodel_get_check_sum 00000001800605b0 f   c27_Model_justmodel.obj
 0001:0005f630       sf_c27_Model_justmodel_get_autoinheritance_info 0000000180060630 f   c27_Model_justmodel.obj
 0001:0005fe30       sf_c27_Model_justmodel_third_party_uses_info 0000000180060e30 f   c27_Model_justmodel.obj
 0001:0005fe60       sf_internal_get_sim_state_c27_Model_justmodel 0000000180060e60 f   c27_Model_justmodel.obj
 0001:00060270       sf_internal_set_sim_state_c27_Model_justmodel 0000000180061270 f   c27_Model_justmodel.obj
 0001:000606b0       c27_Model_justmodel_method_dispatcher 00000001800616b0 f   c27_Model_justmodel.obj
 0001:00062b70       sf_c28_Model_justmodel_get_eml_resolved_functions_info 0000000180063b70 f   c28_Model_justmodel.obj
 0001:00063310       sf_c28_Model_justmodel_get_check_sum 0000000180064310 f   c28_Model_justmodel.obj
 0001:00063390       sf_c28_Model_justmodel_get_autoinheritance_info 0000000180064390 f   c28_Model_justmodel.obj
 0001:00064320       sf_c28_Model_justmodel_third_party_uses_info 0000000180065320 f   c28_Model_justmodel.obj
 0001:00064350       sf_internal_get_sim_state_c28_Model_justmodel 0000000180065350 f   c28_Model_justmodel.obj
 0001:000647f0       sf_internal_set_sim_state_c28_Model_justmodel 00000001800657f0 f   c28_Model_justmodel.obj
 0001:00064d40       c28_Model_justmodel_method_dispatcher 0000000180065d40 f   c28_Model_justmodel.obj
 0001:00069390       sf_process_check_sum_call  000000018006a390 f   Model_justmodel_sfun_registry.obj
 0001:000693e0       sf_process_autoinheritance_call 000000018006a3e0 f   Model_justmodel_sfun_registry.obj
 0001:00069580       sf_process_get_third_party_uses_info_call 000000018006a580 f   Model_justmodel_sfun_registry.obj
 0001:00069720       sf_process_get_eml_resolved_functions_info_call 000000018006a720 f   Model_justmodel_sfun_registry.obj
 0001:000698a0       sf_mex_unlock_call         000000018006a8a0 f   Model_justmodel_sfun_registry.obj
 0001:00069950       sf_machine_global_initializer_called 000000018006a950 f   Model_justmodel_sfun_registry.obj
 0001:00069980       sf_machine_global_method_dispatcher 000000018006a980 f   Model_justmodel_sfun_registry.obj
 0001:000699e0       sf_machine_global_terminator 000000018006a9e0 f   Model_justmodel_sfun_registry.obj
 0001:00069a30       sf_register_machine_exported_symbols 000000018006aa30 f   Model_justmodel_sfun_registry.obj
 0001:00069a50       callCustomFcn              000000018006aa50 f   Model_justmodel_sfun_registry.obj
 0001:00069a60       sf_machine_global_initializer 000000018006aa60 f   Model_justmodel_sfun_registry.obj
 0001:00069ae0       _ssSetStateAbsTol          000000018006aae0 f   Model_justmodel_sfun_registry.obj
 0001:00069bc0       _ssGetAbsTol               000000018006abc0 f   Model_justmodel_sfun_registry.obj
 0001:00069c30       _ssSetInputPortMatrixDimensions 000000018006ac30 f   Model_justmodel_sfun_registry.obj
 0001:00069d40       _ssSetOutputPortMatrixDimensions 000000018006ad40 f   Model_justmodel_sfun_registry.obj
 0001:00069e50       _ssSetInputPortVectorDimension 000000018006ae50 f   Model_justmodel_sfun_registry.obj
 0001:00069f20       _ssSetOutputPortVectorDimension 000000018006af20 f   Model_justmodel_sfun_registry.obj
 0001:00069ff0       ssIsRunTimeParamTunable    000000018006aff0 f   Model_justmodel_sfun_registry.obj
 0001:0006a060       ssGetSFuncBlockHandle      000000018006b060 f   Model_justmodel_sfun_registry.obj
 0001:0006a0d0       _ssGetCurrentInputPortWidth 000000018006b0d0 f   Model_justmodel_sfun_registry.obj
 0001:0006a1f0       _ssGetCurrentOutputPortWidth 000000018006b1f0 f   Model_justmodel_sfun_registry.obj
 0001:0006a310       _ssGetCallSystemNumFcnCallDestinations 000000018006b310 f   Model_justmodel_sfun_registry.obj
 0001:0006a380       ssWarning                  000000018006b380 f   Model_justmodel_sfun_registry.obj
 0001:0006a490       ssGetIsZeroCrossControlDisabled 000000018006b490 f   Model_justmodel_sfun_registry.obj
 0001:0006a500       ssSetIsInputPortUsedForContZcSignal 000000018006b500 f   Model_justmodel_sfun_registry.obj
 0001:0006a570       ssSetZcSignalIsZcElementDisc 000000018006b570 f   Model_justmodel_sfun_registry.obj
 0001:0006a620       ssSetZcSignalName          000000018006b620 f   Model_justmodel_sfun_registry.obj
 0001:0006a690       ssSetZcSignalWidth         000000018006b690 f   Model_justmodel_sfun_registry.obj
 0001:0006a700       ssSetZcSignalZcEventType   000000018006b700 f   Model_justmodel_sfun_registry.obj
 0001:0006a770       ssSetZcSignalType          000000018006b770 f   Model_justmodel_sfun_registry.obj
 0001:0006a7e0       ssSetZcSignalZcTol         000000018006b7e0 f   Model_justmodel_sfun_registry.obj
 0001:0006a850       ssSetZcSignalNeedsEventNotification 000000018006b850 f   Model_justmodel_sfun_registry.obj
 0001:0006a8c0       ssCreateAndAddZcSignalInfo 000000018006b8c0 f   Model_justmodel_sfun_registry.obj
 0001:0006a930       ssCloneAndAddZcSignalInfo  000000018006b930 f   Model_justmodel_sfun_registry.obj
 0001:0006a9a0       ssGetNumZcSignals          000000018006b9a0 f   Model_justmodel_sfun_registry.obj
 0001:0006aa10       ssGetZcSignalVector        000000018006ba10 f   Model_justmodel_sfun_registry.obj
 0001:0006aa80       ssGetZcSignalZcEvents      000000018006ba80 f   Model_justmodel_sfun_registry.obj
 0001:0006aaf0       ssGetZcSignalName          000000018006baf0 f   Model_justmodel_sfun_registry.obj
 0001:0006ab60       ssGetZcSignalWidth         000000018006bb60 f   Model_justmodel_sfun_registry.obj
 0001:0006abd0       ssGetZcSignalZcEventType   000000018006bbd0 f   Model_justmodel_sfun_registry.obj
 0001:0006ac40       ssGetZcSignalType          000000018006bc40 f   Model_justmodel_sfun_registry.obj
 0001:0006acb0       ssGetZcSignalZcTol         000000018006bcb0 f   Model_justmodel_sfun_registry.obj
 0001:0006ad30       ssGetZcSignalNeedsEventNotification 000000018006bd30 f   Model_justmodel_sfun_registry.obj
 0001:0006ada0       ssGetZcSignalIsZcElementDisc 000000018006bda0 f   Model_justmodel_sfun_registry.obj
 0001:0006ae40       ssGetIsInputPortElementContinuous 000000018006be40 f   Model_justmodel_sfun_registry.obj
 0001:0006aee0       _ssGetInputPortSignalPtrsFcn 000000018006bee0 f   Model_justmodel_sfun_registry.obj
 0001:0006b1a0       _ssGetInputPortSignalFcn   000000018006c1a0 f   Model_justmodel_sfun_registry.obj
 0001:0006b3c0       _ssSetInputPortDirectFeedThroughFcn 000000018006c3c0 f   Model_justmodel_sfun_registry.obj
 0001:0006b520       _ssSetInputPortReusableFcn 000000018006c520 f   Model_justmodel_sfun_registry.obj
 0001:0006b610       _ssSetOutputPortReusableFcn 000000018006c610 f   Model_justmodel_sfun_registry.obj
 0001:0006b6f0       ssGetDTypeIdFromMxArray    000000018006c6f0 f   Model_justmodel_sfun_registry.obj
 0001:0006b810       ssWriteRTWStr              000000018006c810 f   Model_justmodel_sfun_registry.obj
 0001:0006b870       ssWriteRTWMxVectParam      000000018006c870 f   Model_justmodel_sfun_registry.obj
 0001:0006b8d0       ssWriteRTWMx2dMatParam     000000018006c8d0 f   Model_justmodel_sfun_registry.obj
 0001:0006b950       ssWriteRTWNameValuePair    000000018006c950 f   Model_justmodel_sfun_registry.obj
 0001:0006be40       ssWriteRTWParameters       000000018006ce40 f   Model_justmodel_sfun_registry.obj
 0001:0006c440       ssWriteRTWParamSettings    000000018006d440 f   Model_justmodel_sfun_registry.obj
 0001:0006cb10       ssWriteRTWWorkVect         000000018006db10 f   Model_justmodel_sfun_registry.obj
 0001:0006d010       mexFunction                000000018006e010 f   Model_justmodel_sfun_registry.obj
 0001:0006ed40       ProcessMexSfunctionEveryCall 000000018006fd40 f   Model_justmodel_sfun_registry.obj
 0001:0006eeb0       Model_justmodel_initializer 000000018006feb0 f   Model_justmodel_sfun.obj
 0001:0006eec0       Model_justmodel_terminator 000000018006fec0 f   Model_justmodel_sfun.obj
 0001:0006eed0       sf_Model_justmodel_method_dispatcher 000000018006fed0 f   Model_justmodel_sfun.obj
 0001:0006f1a0       sf_Model_justmodel_process_check_sum_call 00000001800701a0 f   Model_justmodel_sfun.obj
 0001:0006f750       sf_Model_justmodel_autoinheritance_info 0000000180070750 f   Model_justmodel_sfun.obj
 0001:0006fe40       sf_Model_justmodel_get_eml_resolved_functions_info 0000000180070e40 f   Model_justmodel_sfun.obj
 0001:000703e0       sf_Model_justmodel_third_party_uses_info 00000001800713e0 f   Model_justmodel_sfun.obj
 0001:000708c0       Model_justmodel_debug_initialize 00000001800718c0 f   Model_justmodel_sfun.obj
 0001:00070940       Model_justmodel_register_exported_symbols 0000000180071940 f   Model_justmodel_sfun.obj
 0001:00070950       load_Model_justmodel_optimization_info 0000000180071950 f   Model_justmodel_sfun.obj
 0001:000709a0       unload_Model_justmodel_optimization_info 00000001800719a0 f   Model_justmodel_sfun.obj
 0001:00070ac0       sf_mex_mx_is_numeric       0000000180071ac0 f   sfc_mex:sfc_mex.obj
 0001:00070b00       strcmp_ignore_ws           0000000180071b00 f   sfc_mex:sfc_mex.obj
 0001:00070c40       sf_mex_duplicatearraysafe  0000000180071c40 f   sfc_mex:sfc_mex.obj
 0001:00070da0       sf_set_error_debugger_context_message_fcn 0000000180071da0 f   sfc_mex:sfc_mex.obj
 0001:00070db0       sf_set_debugger_matlab_error_fcn 0000000180071db0 f   sfc_mex:sfc_mex.obj
 0001:00070df0       sf_set_error_prefix_string 0000000180071df0 f   sfc_mex:sfc_mex.obj
 0001:00070e20       sf_get_error_prefix_string 0000000180071e20 f   sfc_mex:sfc_mex.obj
 0001:00070e30       sf_mex_enter_parallel_region 0000000180071e30 f   sfc_mex:sfc_mex.obj
 0001:00070e40       sf_mex_exit_parallel_region 0000000180071e40 f   sfc_mex:sfc_mex.obj
 0001:00070e50       sf_get_current_jmp_buf_ptr 0000000180071e50 f   sfc_mex:sfc_mex.obj
 0001:00070e60       sf_set_current_jmp_buf_ptr 0000000180071e60 f   sfc_mex:sfc_mex.obj
 0001:00070e70       sf_mex_set_halt_simulation 0000000180071e70 f   sfc_mex:sfc_mex.obj
 0001:00070e80       sf_mex_get_halt_simulation 0000000180071e80 f   sfc_mex:sfc_mex.obj
 0001:00070e90       sf_mex_clear_error_message 0000000180071e90 f   sfc_mex:sfc_mex.obj
 0001:00070eb0       sf_mex_get_error_message_for_read 0000000180071eb0 f   sfc_mex:sfc_mex.obj
 0001:00070ec0       sf_mex_get_error_message_buffer_length 0000000180071ec0 f   sfc_mex:sfc_mex.obj
 0001:00070fa0       sf_mex_warning_message     0000000180071fa0 f   sfc_mex:sfc_mex.obj
 0001:00071010       sf_mex_v_errbuf_createf    0000000180072010 f   sfc_mex:sfc_mex.obj
 0001:00071020       sf_mex_errbuf_createf      0000000180072020 f   sfc_mex:sfc_mex.obj
 0001:00071050       sf_mex_v_errbuf_catf       0000000180072050 f   sfc_mex:sfc_mex.obj
 0001:00071090       sf_mex_errbuf_catf         0000000180072090 f   sfc_mex:sfc_mex.obj
 0001:000710e0       sf_mex_errbuf_copy         00000001800720e0 f   sfc_mex:sfc_mex.obj
 0001:000710f0       sf_mex_errbuf_clear        00000001800720f0 f   sfc_mex:sfc_mex.obj
 0001:00071100       sf_mex_errbuf_isempty      0000000180072100 f   sfc_mex:sfc_mex.obj
 0001:00071200       sf_mex_set_error_status    0000000180072200 f   sfc_mex:sfc_mex.obj
 0001:00071250       sf_mex_error_direct_call   0000000180072250 f   sfc_mex:sfc_mex.obj
 0001:00071270       sf_mex_error_message_no_long_jump 0000000180072270 f   sfc_mex:sfc_mex.obj
 0001:00071290       sf_mex_long_jump_on_error  0000000180072290 f   sfc_mex:sfc_mex.obj
 0001:000712c0       sf_mex_call_matlab         00000001800722c0 f   sfc_mex:sfc_mex.obj
 0001:000713e0       sf_mex_check_builtin       00000001800723e0 f   sfc_mex:sfc_mex.obj
 0001:00071480       sf_mex_check_builtin_vs    0000000180072480 f   sfc_mex:sfc_mex.obj
 0001:00071540       sf_mex_check_enum          0000000180072540 f   sfc_mex:sfc_mex.obj
 0001:000715c0       sf_mex_create_enum         00000001800725c0 f   sfc_mex:sfc_mex.obj
 0001:00071630       sf_mex_get_enum_element    0000000180072630 f   sfc_mex:sfc_mex.obj
 0001:00071640       sf_mex_createcellarray     0000000180072640 f   sfc_mex:sfc_mex.obj
 0001:00071650       sf_mex_setcell             0000000180072650 f   sfc_mex:sfc_mex.obj
 0001:00071660       sf_mex_getcell             0000000180072660 f   sfc_mex:sfc_mex.obj
 0001:00071670       sf_mex_dup                 0000000180072670 f   sfc_mex:sfc_mex.obj
 0001:00071690       sf_mex_assign              0000000180072690 f   sfc_mex:sfc_mex.obj
 0001:00071710       sf_mex_destroy             0000000180072710 f   sfc_mex:sfc_mex.obj
 0001:00071740       mx_array_has_fi_type       0000000180072740 f   sfc_mex:sfc_mex.obj
 0001:00071770       sf_mex_convert_from_fi     0000000180072770 f   sfc_mex:sfc_mex.obj
 0001:000718a0       sf_mex_convert_to_double   00000001800728a0 f   sfc_mex:sfc_mex.obj
 0001:000719c0       sf_mex_import_fi_vs        00000001800729c0 f   sfc_mex:sfc_mex.obj
 0001:00071bf0       sf_matrix_matrix_index_ok  0000000180072bf0 f   sfc_mex:sfc_mex.obj
 0001:00071c80       sf_vector_vector_index_ok  0000000180072c80 f   sfc_mex:sfc_mex.obj
 0001:00071cb0       ssGetCurrentInputPortDimensions_wrapper 0000000180072cb0 f   sfc_mex:sfc_mex.obj
 0001:00071cd0       ssGetCurrentOutputPortDimensions_wrapper 0000000180072cd0 f   sfc_mex:sfc_mex.obj
 0001:00071cf0       sf_mex_emlrt_context_is_debug_mode 0000000180072cf0 f   sfc_mex:sfc_mex.obj
 0001:00071d00       sf_mex_emlrt_context_set_debug_mode 0000000180072d00 f   sfc_mex:sfc_mex.obj
 0001:00071d10       sf_mex_emlrtNameCapturePostProcessR2012a 0000000180072d10 f   sfc_mex:sfc_mex.obj
 0001:00071d80       sf_clear_error_manager_info 0000000180072d80 f   sfc_mex:sfc_mex.obj
 0001:00071de0       sf_mex_stop_simulation_abruptly_wo_error 0000000180072de0 f   sfc_mex:sfc_mex.obj
 0001:00071e20       sf_mex_error_message       0000000180072e20 f   sfc_mex:sfc_mex.obj
 0001:00071e90       sf_react_to_error_in_matlab_call 0000000180072e90 f   sfc_mex:sfc_mex.obj
 0001:00071ec0       sf_mex_addfield            0000000180072ec0 f   sfc_mex:sfc_mex.obj
 0001:00071f60       sf_mex_getfield            0000000180072f60 f   sfc_mex:sfc_mex.obj
 0001:00072260       sf_mex_check_class         0000000180073260 f   sfc_mex:sfc_mex.obj
 0001:00072300       sf_mex_is_real             0000000180073300 f   sfc_mex:sfc_mex.obj
 0001:00072770       sf_mex_decode_encoded_mx_struct_array 0000000180073770 f   sfc_mex:sfc_mex.obj
 0001:00072a60       sf_mex_lw_bounds_check     0000000180073a60 f   sfc_mex:sfc_mex.obj
 0001:00072a90       sf_mex_lw_size_eq_check_1d 0000000180073a90 f   sfc_mex:sfc_mex.obj
 0001:00072ab0       sf_mex_lw_size_eq_check_nd 0000000180073ab0 f   sfc_mex:sfc_mex.obj
 0001:00072c90       sf_mex_lw_dim_size_eq_check 0000000180073c90 f   sfc_mex:sfc_mex.obj
 0001:00072cc0       sf_mex_lw_dim_size_geq_check 0000000180073cc0 f   sfc_mex:sfc_mex.obj
 0001:00072cf0       sf_mex_lw_sub_assign_size_check_nd 0000000180073cf0 f   sfc_mex:sfc_mex.obj
 0001:00072ec0       sf_mex_lw_runtime_error_msgid 0000000180073ec0 f   sfc_mex:sfc_mex.obj
 0001:00072fb0       sf_mex_lw_matrix_matrix_index_check 0000000180073fb0 f   sfc_mex:sfc_mex.obj
 0001:00072fd0       sf_mex_lw_vector_vector_index_check 0000000180073fd0 f   sfc_mex:sfc_mex.obj
 0001:00073010       sf_mex_lw_for_loop_vector_check 0000000180074010 f   sfc_mex:sfc_mex.obj
 0001:000730a0       sf_mex_lw_non_negative_check 00000001800740a0 f   sfc_mex:sfc_mex.obj
 0001:000730e0       sf_mex_overflow_error      00000001800740e0 f   sfc_mex:sfc_mex.obj
 0001:000730f0       sf_mex_dividebyzero_error  00000001800740f0 f   sfc_mex:sfc_mex.obj
 0001:00073100       sf_mex_unsafe_enum_error   0000000180074100 f   sfc_mex:sfc_mex.obj
 0001:00073110       sf_emlrtErrHandler         0000000180074110 f   sfc_mex:sfc_mex.obj
 0001:000731f0       sf_mex_size_one_check      00000001800741f0 f   sfc_mex:sfc_mex.obj
 0001:00073210       sf_mex_printf              0000000180074210 f   sfc_mex:sfc_mex.obj
 0001:000733e0       sf_mex_check_size          00000001800743e0 f   sfc_mex:sfc_mex.obj
 0001:00073680       sf_mex_check_struct        0000000180074680 f   sfc_mex:sfc_mex.obj
 0001:000738e0       sf_mex_check_struct_vs     00000001800748e0 f   sfc_mex:sfc_mex.obj
 0001:00073970       sf_mex_check_fi            0000000180074970 f   sfc_mex:sfc_mex.obj
 0001:00073a70       sf_mex_check_fi_vs         0000000180074a70 f   sfc_mex:sfc_mex.obj
 0001:00073b10       sf_echo_expression         0000000180074b10 f   sfc_mex:sfc_mex.obj
 0001:00073b70       sf_assertion_failed        0000000180074b70 f   sfc_mex:sfc_mex.obj
 0001:00073e50       sf_mex_evalin              0000000180074e50 f   sfc_mex:sfc_mex.obj
 0001:000740c0       sf_mex_export              00000001800750c0 f   sfc_mex:sfc_mex.obj
 0001:00074180       sf_mex_get_ml_var_no_error 0000000180075180 f   sfc_mex:sfc_mex.obj
 0001:00074320       sf_mex_get_ml_var          0000000180075320 f   sfc_mex:sfc_mex.obj
 0001:000747b0       ml_set_element_value_in_array 00000001800757b0 f   sfc_mex:sfc_mex.obj
 0001:00075870       sf_mex_call_impl           0000000180076870 f   sfc_mex:sfc_mex.obj
 0001:00075c90       sf_mex_call_debug          0000000180076c90 f   sfc_mex:sfc_mex.obj
 0001:00075cc0       sf_mex_call                0000000180076cc0 f   sfc_mex:sfc_mex.obj
 0001:00076310       sf_mex_createstruct        0000000180077310 f   sfc_mex:sfc_mex.obj
 0001:00076420       sf_mex_createstructarray   0000000180077420 f   sfc_mex:sfc_mex.obj
 0001:000764a0       sf_mex_get_mx_datatype_from_sf_datatype 00000001800774a0 f   sfc_mex:sfc_mex.obj
 0001:000767b0       sf_mex_ml_var_sub          00000001800777b0 f   sfc_mex:sfc_mex.obj
 0001:00076990       sf_mex_ml_var_subsasgn     0000000180077990 f   sfc_mex:sfc_mex.obj
 0001:00076d90       sf_mex_sub                 0000000180077d90 f   sfc_mex:sfc_mex.obj
 0001:00076fa0       sf_mex_subsasgn            0000000180077fa0 f   sfc_mex:sfc_mex.obj
 0001:000774b0       sf_mex_create              00000001800784b0 f   sfc_mex:sfc_mex.obj
 0001:00077e50       sf_mex_import_named        0000000180078e50 f   sfc_mex:sfc_mex.obj
 0001:00077eb0       sf_mex_import              0000000180078eb0 f   sfc_mex:sfc_mex.obj
 0001:00077f00       sf_mex_import_vs           0000000180078f00 f   sfc_mex:sfc_mex.obj
 0001:00078010       sf_mex_lower_fixpt_mx_array 0000000180079010 f   sfc_mex:sfc_mex.obj
 0001:00078310       sf_send_message_wrapper    0000000180079310 f   sfc_mex:sfc_sf.obj
 0001:00078340       sf_receive_message_wrapper 0000000180079340 f   sfc_mex:sfc_sf.obj
 0001:00078380       sf_check_out_message_wrapper 0000000180079380 f   sfc_mex:sfc_sf.obj
 0001:000783c0       sf_check_in_message_wrapper 00000001800793c0 f   sfc_mex:sfc_sf.obj
 0001:00078400       sf_no_message_wrapper      0000000180079400 f   sfc_mex:sfc_sf.obj
 0001:00078790       sim_mode_is_rtw_gen        0000000180079790 f   sfc_mex:sfc_sf.obj
 0001:000787c0       sim_mode_is_external       00000001800797c0 f   sfc_mex:sfc_sf.obj
 0001:000787d0       sim_mode_is_modelref_sim   00000001800797d0 f   sfc_mex:sfc_sf.obj
 0001:000787f0       mdlInitializeSizes         00000001800797f0 f   sfc_mex:sfc_sf.obj
 0001:00078810       mdlInitializeSampleTimes   0000000180079810 f   sfc_mex:sfc_sf.obj
 0001:00078850       mdlZeroCrossings           0000000180079850 f   sfc_mex:sfc_sf.obj
 0001:00078940       mdlDerivatives             0000000180079940 f   sfc_mex:sfc_sf.obj
 0001:00078a00       mdl_initialize_conditions_processing 0000000180079a00 f   sfc_mex:sfc_sf.obj
 0001:00078a30       mdlInitializeConditions    0000000180079a30 f   sfc_mex:sfc_sf.obj
 0001:00078af0       mdlGetSimState             0000000180079af0 f   sfc_mex:sfc_sf.obj
 0001:00078b00       mdlSetSimState             0000000180079b00 f   sfc_mex:sfc_sf.obj
 0001:00078b10       mdl_ext_mode_exec_processing 0000000180079b10 f   sfc_mex:sfc_sf.obj
 0001:00078b30       mdlExtModeExec             0000000180079b30 f   sfc_mex:sfc_sf.obj
 0001:00078cd0       mdlTerminate               0000000180079cd0 f   sfc_mex:sfc_sf.obj
 0001:00078d40       mdlRTW                     0000000180079d40 f   sfc_mex:sfc_sf.obj
 0001:00078d70       mdlSetWorkWidths           0000000180079d70 f   sfc_mex:sfc_sf.obj
 0001:00078d80       mdlProcessParameters       0000000180079d80 f   sfc_mex:sfc_sf.obj
 0001:00078d90       mdl_start_processing       0000000180079d90 f   sfc_mex:sfc_sf.obj
 0001:00078df0       mdlStart                   0000000180079df0 f   sfc_mex:sfc_sf.obj
 0001:00078f00       mdlEnable                  0000000180079f00 f   sfc_mex:sfc_sf.obj
 0001:00078fe0       mdlDisable                 0000000180079fe0 f   sfc_mex:sfc_sf.obj
 0001:000790a0       sf_get_chart_instance_ptr  000000018007a0a0 f   sfc_mex:sfc_sf.obj
 0001:000790c0       sf_load_rtw_optimization_info 000000018007a0c0 f   sfc_mex:sfc_sf.obj
 0001:00079190       sf_update_buildInfo        000000018007a190 f   sfc_mex:sfc_sf.obj
 0001:00079290       sf_rtw_info_uint_prop      000000018007a290 f   sfc_mex:sfc_sf.obj
 0001:000793d0       sf_is_chart_inlinable      000000018007a3d0 f   sfc_mex:sfc_sf.obj
 0001:000793f0       sf_mark_output_events_with_multiple_callers 000000018007a3f0 f   sfc_mex:sfc_sf.obj
 0001:00079580       sf_mark_chart_reusable_outputs 000000018007a580 f   sfc_mex:sfc_sf.obj
 0001:000797e0       sf_mark_chart_expressionable_inputs 000000018007a7e0 f   sfc_mex:sfc_sf.obj
 0001:00079a40       sf_get_subchart_simstruct  000000018007aa40 f   sfc_mex:sfc_sf.obj
 0001:00079a90       sf_get_fixpt_data_type_id  000000018007aa90 f   sfc_mex:sfc_sf.obj
 0001:00079ad0       sf_get_enum_data_type_id   000000018007aad0 f   sfc_mex:sfc_sf.obj
 0001:00079b10       sf_get_param_data_type_id  000000018007ab10 f   sfc_mex:sfc_sf.obj
 0001:00079b40       sf_mex_listen_for_ctrl_c_force 000000018007ab40 f   sfc_mex:sfc_sf.obj
 0001:00079c50       sf_mex_draw_now            000000018007ac50 f   sfc_mex:sfc_sf.obj
 0001:00079c90       sf_mex_set_debugger_sim_status_listener_fcn 000000018007ac90 f   sfc_mex:sfc_sf.obj
 0001:00079ca0       sf_mex_listen_for_ctrl_c   000000018007aca0 f   sfc_mex:sfc_sf.obj
 0001:00079d40       sf_mex_get_sfun_param      000000018007ad40 f   sfc_mex:sfc_sf.obj
 0001:00079d90       sf_get_runtime_param_data  000000018007ad90 f   sfc_mex:sfc_sf.obj
 0001:00079dd0       sf_call_output_fcn_call    000000018007add0 f   sfc_mex:sfc_sf.obj
 0001:00079f10       sf_call_output_fcn_enable  000000018007af10 f   sfc_mex:sfc_sf.obj
 0001:00079fa0       sf_call_output_fcn_disable 000000018007afa0 f   sfc_mex:sfc_sf.obj
 0001:0007a030       sf_clear_rtw_identifier    000000018007b030 f   sfc_mex:sfc_sf.obj
 0001:0007a850       sf_set_encoded_dwork_info  000000018007b850 f   sfc_mex:sfc_sf.obj
 0001:0007a8a0       sf_get_dwork_info_from_mat_file 000000018007b8a0 f   sfc_mex:sfc_sf.obj
 0001:0007aa60       sf_set_rtw_dwork_info      000000018007ba60 f   sfc_mex:sfc_sf.obj
 0001:0007abd0       mdlOutputs                 000000018007bbd0 f   sfc_mex:sfc_sf.obj
 0001:0007acf0       sf_debug_chart_instance_initialized_quick 000000018007bcf0 f   sfc_debug:sfcdebug.obj
 0001:0007ad70       sf_debug_disp              000000018007bd70 f   sfc_debug:sfcdebug.obj
 0001:0007b040       sf_debug_data_runtime_size_mismatch_error_check 000000018007c040 f   sfc_debug:sfcdebug.obj
 0001:0007b0f0       sf_debug_try_loading_machine 000000018007c0f0 f   sfc_debug:sfcdebug.obj
 0001:0007b1f0       sf_debug_reset_current_state_configuration 000000018007c1f0 f   sfc_debug:sfcdebug.obj
 0001:0007b270       sf_debug_store_current_state_configuration 000000018007c270 f   sfc_debug:sfcdebug.obj
 0001:0007b2f0       sf_debug_restore_previous_state_configuration 000000018007c2f0 f   sfc_debug:sfcdebug.obj
 0001:0007b370       sf_debug_restore_previous_state_configuration2 000000018007c370 f   sfc_debug:sfcdebug.obj
 0001:0007b3f0       sf_debug_get_event_scope   000000018007c3f0 f   sfc_debug:sfcdebug.obj
 0001:0007b560       use_debugger_step_animation 000000018007c560 f   sfc_debug:sfcdebug.obj
 0001:0007b580       sf_debug_get_script_id     000000018007c580 f   sfc_debug:sfcdebug.obj
 0001:0007b610       sf_debug_set_script_translation 000000018007c610 f   sfc_debug:sfcdebug.obj
 0001:0007b790       sf_debug_extract_message_post_receive_info 000000018007c790 f   sfc_debug:sfcdebug.obj
 0001:0007b950       sf_debug_get_current_machine_id 000000018007c950 f   sfc_debug:sfcdebug.obj
 0001:0007b970       sf_debug_get_current_optional_integer 000000018007c970 f   sfc_debug:sfcdebug.obj
 0001:0007b980       sf_debug_get_current_machine_number 000000018007c980 f   sfc_debug:sfcdebug.obj
 0001:0007b9a0       sf_debug_get_current_machine_name 000000018007c9a0 f   sfc_debug:sfcdebug.obj
 0001:0007b9c0       sf_debug_get_current_chart_id 000000018007c9c0 f   sfc_debug:sfcdebug.obj
 0001:0007ba00       sf_debug_get_current_chart_number 000000018007ca00 f   sfc_debug:sfcdebug.obj
 0001:0007ba10       sf_debug_get_current_instance_number 000000018007ca10 f   sfc_debug:sfcdebug.obj
 0001:0007ba20       sf_debug_get_current_is_minor_time_step 000000018007ca20 f   sfc_debug:sfcdebug.obj
 0001:0007baa0       sf_debug_get_current_object_type 000000018007caa0 f   sfc_debug:sfcdebug.obj
 0001:0007bab0       sf_debug_get_current_instance_handle 000000018007cab0 f   sfc_debug:sfcdebug.obj
 0001:0007bb10       sf_debug_get_current_event_type 000000018007cb10 f   sfc_debug:sfcdebug.obj
 0001:0007bb20       sf_debug_get_current_object_id 000000018007cb20 f   sfc_debug:sfcdebug.obj
 0001:0007bb60       sf_debug_get_current_active_event_type 000000018007cb60 f   sfc_debug:sfcdebug.obj
 0001:0007bb70       sf_debug_get_current_active_event_id 000000018007cb70 f   sfc_debug:sfcdebug.obj
 0001:0007bbb0       sf_debug_get_current_tag_type 000000018007cbb0 f   sfc_debug:sfcdebug.obj
 0001:0007bbc0       sf_debug_get_current_simulation_time 000000018007cbc0 f   sfc_debug:sfcdebug.obj
 0001:0007bbd0       sf_debug_get_current_coverage_percentage 000000018007cbd0 f   sfc_debug:sfcdebug.obj
 0001:0007bbe0       sf_debug_current_statement_context 000000018007cbe0 f   sfc_debug:sfcdebug.obj
 0001:0007bc60       sf_debug_get_current_statement_info 000000018007cc60 f   sfc_debug:sfcdebug.obj
 0001:0007be00       sf_debug_terminate_instance 000000018007ce00 f   sfc_debug:sfcdebug.obj
 0001:0007c120       sf_debug_assertion_failed  000000018007d120 f   sfc_debug:sfcdebug.obj
 0001:0007c2f0       sf_debug_create_debug_instance_struct 000000018007d2f0 f   sfc_debug:sfcdebug.obj
 0001:0007c340       sf_debug_set_number_of_data_with_change_event_for_machine 000000018007d340 f   sfc_debug:sfcdebug.obj
 0001:0007c390       sf_debug_set_machine_event_thresholds 000000018007d390 f   sfc_debug:sfcdebug.obj
 0001:0007c3b0       sf_debug_set_machine_event_scope 000000018007d3b0 f   sfc_debug:sfcdebug.obj
 0001:0007c400       sf_debug_set_machine_data_thresholds 000000018007d400 f   sfc_debug:sfcdebug.obj
 0001:0007c450       sf_debug_set_machine_data_scope 000000018007d450 f   sfc_debug:sfcdebug.obj
 0001:0007c4f0       sf_debug_set_machine_data_name 000000018007d4f0 f   sfc_debug:sfcdebug.obj
 0001:0007c5a0       sf_debug_set_machine_data_size 000000018007d5a0 f   sfc_debug:sfcdebug.obj
 0001:0007c6f0       sf_debug_set_machine_data_type 000000018007d6f0 f   sfc_debug:sfcdebug.obj
 0001:0007c860       sf_debug_get_chart_data_number 000000018007d860 f   sfc_debug:sfcdebug.obj
 0001:0007c880       sf_debug_get_chart_event_number 000000018007d880 f   sfc_debug:sfcdebug.obj
 0001:0007c8a0       sf_debug_set_chart_state_info 000000018007d8a0 f   sfc_debug:sfcdebug.obj
 0001:0007c930       sf_debug_set_chart_decomposition 000000018007d930 f   sfc_debug:sfcdebug.obj
 0001:0007c9a0       sf_debug_set_chart_substate_count 000000018007d9a0 f   sfc_debug:sfcdebug.obj
 0001:0007ca80       sf_debug_set_chart_substate_index 000000018007da80 f   sfc_debug:sfcdebug.obj
 0001:0007cb00       sf_debug_set_chart_state_substate_count 000000018007db00 f   sfc_debug:sfcdebug.obj
 0001:0007cc20       sf_debug_set_chart_state_substate_index 000000018007dc20 f   sfc_debug:sfcdebug.obj
 0001:0007ccb0       sf_debug_set_number_of_data_with_change_event_for_chart 000000018007dcb0 f   sfc_debug:sfcdebug.obj
 0001:0007cd40       sf_debug_set_number_of_states_with_entry_event_for_chart 000000018007dd40 f   sfc_debug:sfcdebug.obj
 0001:0007cdc0       sf_debug_set_number_of_states_with_exit_event_for_chart 000000018007ddc0 f   sfc_debug:sfcdebug.obj
 0001:0007ce40       sf_debug_set_chart_disable_implicit_casting 000000018007de40 f   sfc_debug:sfcdebug.obj
 0001:0007ceb0       sf_debug_set_chart_event_thresholds 000000018007deb0 f   sfc_debug:sfcdebug.obj
 0001:0007cf30       sf_debug_set_chart_data_compiled_props 000000018007df30 f   sfc_debug:sfcdebug.obj
 0001:0007d270       sf_debug_set_chart_data_props 000000018007e270 f   sfc_debug:sfcdebug.obj
 0001:0007d590       sf_debug_check_fi_license  000000018007e590 f   sfc_debug:sfcdebug.obj
 0001:0007d750       sf_debug_symbol_scope_push 000000018007e750 f   sfc_debug:sfcdebug.obj
 0001:0007d790       sf_debug_symbol_scope_push_eml 000000018007e790 f   sfc_debug:sfcdebug.obj
 0001:0007d7e0       sf_debug_symbol_scope_pop  000000018007e7e0 f   sfc_debug:sfcdebug.obj
 0001:0007d820       sf_debug_symbol_scope_add_importable 000000018007e820 f   sfc_debug:sfcdebug.obj
 0001:0007d8a0       sf_debug_symbol_scope_add  000000018007e8a0 f   sfc_debug:sfcdebug.obj
 0001:0007d920       sf_debug_symbol_scope_add_dyn_importable 000000018007e920 f   sfc_debug:sfcdebug.obj
 0001:0007d9e0       sf_debug_symbol_scope_add_dyn 000000018007e9e0 f   sfc_debug:sfcdebug.obj
 0001:0007da20       sf_debug_symbol_scope_add_eml_importable 000000018007ea20 f   sfc_debug:sfcdebug.obj
 0001:0007da60       sf_debug_symbol_scope_add_eml 000000018007ea60 f   sfc_debug:sfcdebug.obj
 0001:0007daa0       sf_debug_symbol_scope_add_eml_dyn_importable 000000018007eaa0 f   sfc_debug:sfcdebug.obj
 0001:0007db00       sf_debug_symbol_scope_add_eml_dyn 000000018007eb00 f   sfc_debug:sfcdebug.obj
 0001:0007db60       sf_debug_symbol_switch     000000018007eb60 f   sfc_debug:sfcdebug.obj
 0001:0007db80       sf_debug_symbol_scope_add_verbose 000000018007eb80 f   sfc_debug:sfcdebug.obj
 0001:0007dc50       sf_debug_set_machine_data_value_ptr 000000018007ec50 f   sfc_debug:sfcdebug.obj
 0001:0007dc90       sf_debug_set_instance_data_value_ptr 000000018007ec90 f   sfc_debug:sfcdebug.obj
 0001:0007dd60       sf_debug_unset_instance_data_value_ptr 000000018007ed60 f   sfc_debug:sfcdebug.obj
 0001:0007de10       sf_debug_set_chart_event_scope 000000018007ee10 f   sfc_debug:sfcdebug.obj
 0001:0007de90       sf_debug_set_chart_transition_coverage_maps 000000018007ee90 f   sfc_debug:sfcdebug.obj
 0001:0007df90       sf_debug_set_chart_state_coverage_maps 000000018007ef90 f   sfc_debug:sfcdebug.obj
 0001:0007e060       sf_debug_set_instance_transition_coverage_weights 000000018007f060 f   sfc_debug:sfcdebug.obj
 0001:0007e0f0       sf_debug_set_instance_state_coverage_weights 000000018007f0f0 f   sfc_debug:sfcdebug.obj
 0001:0007e340       sf_debug_unload_machine    000000018007f340 f   sfc_debug:sfcdebug.obj
 0001:0007e390       sf_debug_load_machine      000000018007f390 f   sfc_debug:sfcdebug.obj
 0001:0007e4a0       sf_debug_set_active_instance_in_data_dictionary 000000018007f4a0 f   sfc_debug:sfcdebug.obj
 0001:0007e680       sf_debug_set_active_instance 000000018007f680 f   sfc_debug:sfcdebug.obj
 0001:0007e7e0       sf_debug_chart_visiblity_change 000000018007f7e0 f   sfc_debug:sfcdebug.obj
 0001:0007e8d0       sf_debug_select_chart      000000018007f8d0 f   sfc_debug:sfcdebug.obj
 0001:0007ea30       sf_debug_set_instance_cv_ids 000000018007fa30 f   sfc_debug:sfcdebug.obj
 0001:0007ed60       sf_debug_select_charts     000000018007fd60 f   sfc_debug:sfcdebug.obj
 0001:0007ef10       sf_debug_initialized       000000018007ff10 f   sfc_debug:sfcdebug.obj
 0001:0007ef30       sf_debug_is_uninterruptible 000000018007ff30 f   sfc_debug:sfcdebug.obj
 0001:0007ef60       sf_debug_initialize_debugger_gui 000000018007ff60 f   sfc_debug:sfcdebug.obj
 0001:0007f340       sf_debug_resume            0000000180080340 f   sfc_debug:sfcdebug.obj
 0001:0007f360       sf_debug_go                0000000180080360 f   sfc_debug:sfcdebug.obj
 0001:0007f370       sf_debug_break             0000000180080370 f   sfc_debug:sfcdebug.obj
 0001:0007f380       sf_debug_step_over         0000000180080380 f   sfc_debug:sfcdebug.obj
 0001:0007f390       sf_debug_step_out          0000000180080390 f   sfc_debug:sfcdebug.obj
 0001:0007f3a0       sf_debug_set_disable_all_breakpoints 00000001800803a0 f   sfc_debug:sfcdebug.obj
 0001:0007f3b0       sf_debug_disable_all_breakpoints_and_go 00000001800803b0 f   sfc_debug:sfcdebug.obj
 0001:0007f3c0       sf_debug_break_on_chart_entry 00000001800803c0 f   sfc_debug:sfcdebug.obj
 0001:0007f3d0       sf_debug_break_on_event_broadcast 00000001800803d0 f   sfc_debug:sfcdebug.obj
 0001:0007f3e0       sf_debug_break_on_state_entry 00000001800803e0 f   sfc_debug:sfcdebug.obj
 0001:0007f3f0       sf_debug_break_between_times 00000001800803f0 f   sfc_debug:sfcdebug.obj
 0001:0007f410       sf_debug_browse_data       0000000180080410 f   sfc_debug:sfcdebug.obj
 0001:0007f420       sf_debug_watch_data        0000000180080420 f   sfc_debug:sfcdebug.obj
 0001:0007f450       sf_debug_assign_data       0000000180080450 f   sfc_debug:sfcdebug.obj
 0001:0007f460       sf_debug_whos              0000000180080460 f   sfc_debug:sfcdebug.obj
 0001:0007f480       sf_debug_get_consistency_info 0000000180080480 f   sfc_debug:sfcdebug.obj
 0001:0007f490       sf_debug_browse_trace      0000000180080490 f   sfc_debug:sfcdebug.obj
 0001:0007f4a0       sf_debug_set_breakpoints   00000001800804a0 f   sfc_debug:sfcdebug.obj
 0001:0007f610       sf_debug_set_eml_breakpoints 0000000180080610 f   sfc_debug:sfcdebug.obj
 0001:0007f770       sf_debug_set_script_breakpoints 0000000180080770 f   sfc_debug:sfcdebug.obj
 0001:0007f7f0       sf_debug_add_script_breakpoints 00000001800807f0 f   sfc_debug:sfcdebug.obj
 0001:0007f860       sf_debug_clear_script_breakpoints 0000000180080860 f   sfc_debug:sfcdebug.obj
 0001:0007f8d0       sf_debug_query_script_breakpoints 00000001800808d0 f   sfc_debug:sfcdebug.obj
 0001:0007f980       sf_debug_get_eml_script_id 0000000180080980 f   sfc_debug:sfcdebug.obj
 0001:0007f9d0       sf_debug_set_watch         00000001800809d0 f   sfc_debug:sfcdebug.obj
 0001:0007fbf0       sf_debug_get_instance_handle 0000000180080bf0 f   sfc_debug:sfcdebug.obj
 0001:0007fc80       sf_debug_get_active_states 0000000180080c80 f   sfc_debug:sfcdebug.obj
 0001:0007fc90       sf_debug_set_honor_breakpoints 0000000180080c90 f   sfc_debug:sfcdebug.obj
 0001:0007fca0       sf_debug_get_animation     0000000180080ca0 f   sfc_debug:sfcdebug.obj
 0001:0007fcb0       sf_debug_set_animation     0000000180080cb0 f   sfc_debug:sfcdebug.obj
 0001:0007fcc0       sf_debug_animate           0000000180080cc0 f   sfc_debug:sfcdebug.obj
 0001:0007fce0       sf_debug_cycle_detection_check 0000000180080ce0 f   sfc_debug:sfcdebug.obj
 0001:0007fcf0       sf_debug_data_range_check  0000000180080cf0 f   sfc_debug:sfcdebug.obj
 0001:0007fd00       sf_debug_transition_conflict_check 0000000180080d00 f   sfc_debug:sfcdebug.obj
 0001:0007fd10       sf_debug_state_consistency_check 0000000180080d10 f   sfc_debug:sfcdebug.obj
 0001:0007fd20       sf_debug_data_range_check_enabled 0000000180080d20 f   sfc_debug:sfcdebug.obj
 0001:0007fd40       sf_debug_transition_conflict_check_enabled 0000000180080d40 f   sfc_debug:sfcdebug.obj
 0001:0007fd60       sf_debug_transition_conflict_check_begin 0000000180080d60 f   sfc_debug:sfcdebug.obj
 0001:0007fd80       sf_debug_transition_conflict_check_end 0000000180080d80 f   sfc_debug:sfcdebug.obj
 0001:0007fda0       sf_debug_stop_debugging    0000000180080da0 f   sfc_debug:sfcdebug.obj
 0001:0007fdd0       sf_debug_is_cycle_detected 0000000180080dd0 f   sfc_debug:sfcdebug.obj
 0001:0007fde0       sf_debug_is_array_bounds_detected 0000000180080de0 f   sfc_debug:sfcdebug.obj
 0001:0007fdf0       sf_debug_get_state_vectors_data_size 0000000180080df0 f   sfc_debug:sfcdebug.obj
 0001:0007fe30       sf_debug_get_state_vectors_data 0000000180080e30 f   sfc_debug:sfcdebug.obj
 0001:0007ff40       sf_debug_set_state_vectors_data 0000000180080f40 f   sfc_debug:sfcdebug.obj
 0001:000801d0       sf_debug_get_script_index  00000001800811d0 f   sfc_debug:sfcdebug.obj
 0001:00080360       sf_debug_add_script        0000000180081360 f   sfc_debug:sfcdebug.obj
 0001:000804f0       cv_eval_point              00000001800814f0 f   sfc_debug:sfcdebug.obj
 0001:00080660       cv_eval_testobjective      0000000180081660 f   sfc_debug:sfcdebug.obj
 0001:00080770       sf_debug_cv_init_state     0000000180081770 f   sfc_debug:sfcdebug.obj
 0001:000808a0       sf_debug_cv_init_chart     00000001800818a0 f   sfc_debug:sfcdebug.obj
 0001:00080990       sf_debug_cv_init_trans     0000000180081990 f   sfc_debug:sfcdebug.obj
 0001:00080aa0       sf_debug_cv_init_saturation 0000000180081aa0 f   sfc_debug:sfcdebug.obj
 0001:00080ba0       sf_debug_cv_init_testobjectives 0000000180081ba0 f   sfc_debug:sfcdebug.obj
 0001:00080d80       cv_eml_init_script         0000000180081d80 f   sfc_debug:sfcdebug.obj
 0001:00080ea0       cv_eml_init_fcn            0000000180081ea0 f   sfc_debug:sfcdebug.obj
 0001:00080fb0       cv_eml_init_testobjective  0000000180081fb0 f   sfc_debug:sfcdebug.obj
 0001:00081090       cv_eml_init_saturation     0000000180082090 f   sfc_debug:sfcdebug.obj
 0001:00081160       cv_eml_init_if             0000000180082160 f   sfc_debug:sfcdebug.obj
 0001:00081240       cv_eml_init_for            0000000180082240 f   sfc_debug:sfcdebug.obj
 0001:00081310       cv_eml_init_while          0000000180082310 f   sfc_debug:sfcdebug.obj
 0001:000813e0       cv_eml_init_mcdc           00000001800823e0 f   sfc_debug:sfcdebug.obj
 0001:00081500       cv_eml_init_switch         0000000180082500 f   sfc_debug:sfcdebug.obj
 0001:00081600       cv_eml_eval                0000000180082600 f   sfc_debug:sfcdebug.obj
 0001:000816f0       sf_debug_bm_is_a_eml_breakpoint 00000001800826f0 f   sfc_debug:sfcdebug.obj
 0001:00081840       sf_debug_temporal_threshold 0000000180082840 f   sfc_debug:sfcdebug.obj
 0001:00081bb0       sf_debug_transition_conflict_error 0000000180082bb0 f   sfc_debug:sfcdebug.obj
 0001:00081f10       sf_debug_state_inconsistency_error 0000000180082f10 f   sfc_debug:sfcdebug.obj
 0001:00082030       sf_debug_check_for_state_inconsistency 0000000180083030 f   sfc_debug:sfcdebug.obj
 0001:00082070       sf_debug_cycle_detecton_error 0000000180083070 f   sfc_debug:sfcdebug.obj
 0001:000827c0       sf_debug_size_eq_check_1d  00000001800837c0 f   sfc_debug:sfcdebug.obj
 0001:000827e0       sf_debug_size_eq_check_nd  00000001800837e0 f   sfc_debug:sfcdebug.obj
 0001:000829e0       sf_debug_dim_size_eq_check 00000001800839e0 f   sfc_debug:sfcdebug.obj
 0001:00082a10       sf_debug_dim_size_geq_check 0000000180083a10 f   sfc_debug:sfcdebug.obj
 0001:00082a40       sf_debug_sub_assign_size_check_nd 0000000180083a40 f   sfc_debug:sfcdebug.obj
 0001:00082c20       sf_debug_matrix_matrix_index_check 0000000180083c20 f   sfc_debug:sfcdebug.obj
 0001:00082c70       sf_debug_vector_vector_index_check 0000000180083c70 f   sfc_debug:sfcdebug.obj
 0001:00082cc0       sf_debug_for_loop_vector_check 0000000180083cc0 f   sfc_debug:sfcdebug.obj
 0001:00082d60       sf_debug_runtime_error_msgid 0000000180083d60 f   sfc_debug:sfcdebug.obj
 0001:00082e00       sf_debug_data_array_bounds_error_check 0000000180083e00 f   sfc_debug:sfcdebug.obj
 0001:00082f10       sf_debug_eml_data_array_bounds_error_check 0000000180083f10 f   sfc_debug:sfcdebug.obj
 0001:000833d0       sf_debug_integer_check     00000001800843d0 f   sfc_debug:sfcdebug.obj
 0001:000834c0       sf_debug_not_nan_check     00000001800844c0 f   sfc_debug:sfcdebug.obj
 0001:00083590       sf_debug_non_negative_check 0000000180084590 f   sfc_debug:sfcdebug.obj
 0001:00083660       sf_debug_overflow_detection 0000000180084660 f   sfc_debug:sfcdebug.obj
 0001:00083cc0       sf_debug_cast_to_real32_T  0000000180084cc0 f   sfc_debug:sfcdebug.obj
 0001:00083d90       sf_debug_cast_to_int8_T    0000000180084d90 f   sfc_debug:sfcdebug.obj
 0001:00083e60       sf_debug_cast_to_uint8_T   0000000180084e60 f   sfc_debug:sfcdebug.obj
 0001:00083f30       sf_debug_cast_to_int16_T   0000000180084f30 f   sfc_debug:sfcdebug.obj
 0001:00084000       sf_debug_cast_to_uint16_T  0000000180085000 f   sfc_debug:sfcdebug.obj
 0001:000840d0       sf_debug_cast_to_int32_T   00000001800850d0 f   sfc_debug:sfcdebug.obj
 0001:000841a0       sf_debug_cast_to_uint32_T  00000001800851a0 f   sfc_debug:sfcdebug.obj
 0001:00084270       sf_debug_data_range_error  0000000180085270 f   sfc_debug:sfcdebug.obj
 0001:00084580       sf_debug_read_before_write_check 0000000180085580 f   sfc_debug:sfcdebug.obj
 0001:000849b0       sf_debug_data_range_error_wrapper_min_max 00000001800859b0 f   sfc_debug:sfcdebug.obj
 0001:00084ad0       sf_debug_data_range_error_wrapper_min 0000000180085ad0 f   sfc_debug:sfcdebug.obj
 0001:00084be0       sf_debug_data_range_error_wrapper_max 0000000180085be0 f   sfc_debug:sfcdebug.obj
 0001:00084cf0       sf_debug_data_range_wrapper 0000000180085cf0 f   sfc_debug:sfcdebug.obj
 0001:00084db0       sf_debug_set_current_status_info 0000000180085db0 f   sfc_debug:sfcdebug.obj
 0001:00085150       sf_debug_register_message_post_receive_info 0000000180086150 f   sfc_debug:sfcdebug.obj
 0001:000853a0       sf_debug_call              00000001800863a0 f   sfc_debug:sfcdebug.obj
 0001:00085d00       sf_debug_initialize_machine 0000000180086d00 f   sfc_debug:sfcdebug.obj
 0001:00085fb0       sf_debug_initialize_chart  0000000180086fb0 f   sfc_debug:sfcdebug.obj
 0001:00086400       sf_debug_ensure_script     0000000180087400 f   sfc_debug:sfcdebug.obj
 0001:000864b0       cv_eval_saturation         00000001800874b0 f   sfc_debug:sfcdebug.obj
 0001:00086630       cv_saturation_accum        0000000180087630 f   sfc_debug:sfcdebug.obj
 0001:00086770       cv_script_init_script      0000000180087770 f   sfc_debug:sfcdebug.obj
 0001:00086860       cv_script_init_fcn         0000000180087860 f   sfc_debug:sfcdebug.obj
 0001:00086920       cv_script_init_testobjective 0000000180087920 f   sfc_debug:sfcdebug.obj
 0001:000869e0       cv_script_init_saturation  00000001800879e0 f   sfc_debug:sfcdebug.obj
 0001:00086a90       cv_script_init_if          0000000180087a90 f   sfc_debug:sfcdebug.obj
 0001:00086b50       cv_script_init_for         0000000180087b50 f   sfc_debug:sfcdebug.obj
 0001:00086c00       cv_script_init_while       0000000180087c00 f   sfc_debug:sfcdebug.obj
 0001:00086cb0       cv_script_init_mcdc        0000000180087cb0 f   sfc_debug:sfcdebug.obj
 0001:00086db0       cv_script_init_switch      0000000180087db0 f   sfc_debug:sfcdebug.obj
 0001:00086e90       cv_script_eval             0000000180087e90 f   sfc_debug:sfcdebug.obj
 0001:00086f60       eml_debug_line_call        0000000180087f60 f   sfc_debug:sfcdebug.obj
 0001:00087130       sf_debug_terminate         0000000180088130 f   sfc_debug:sfcdebug.obj
 0001:00087340       sf_debug_set_script_cv_ids 0000000180088340 f   sfc_debug:sfcdebug.obj
 0001:00087470       sf_debug_api               0000000180088470 f   sfc_debug:sfc_api.obj
 0001:00088d60       sf_debug_sm_terminate      0000000180089d60 f   sfc_debug:sfdb_animation.obj
 0001:00088f10       sf_debug_reset_path_objects 0000000180089f10 f   sfc_debug:sfdb_animation.obj
 0001:00088f90       sf_debug_sm_reset_object_selection_status 0000000180089f90 f   sfc_debug:sfdb_animation.obj
 0001:00089030       sf_debug_sm_reset_state_buffer 000000018008a030 f   sfc_debug:sfdb_animation.obj
 0001:00089100       sf_debug_sm_store_state_buffer 000000018008a100 f   sfc_debug:sfdb_animation.obj
 0001:00089180       sf_debug_sm_restore_state_buffer1 000000018008a180 f   sfc_debug:sfdb_animation.obj
 0001:000891f0       sf_debug_sm_restore_state_buffer2 000000018008a1f0 f   sfc_debug:sfdb_animation.obj
 0001:00089260       sf_debug_sm_chart_active   000000018008a260 f   sfc_debug:sfdb_animation.obj
 0001:000892b0       sf_debug_sm_select_active_objects 000000018008a2b0 f   sfc_debug:sfdb_animation.obj
 0001:00089780       sf_debug_sm_is_chart_active 000000018008a780 f   sfc_debug:sfdb_animation.obj
 0001:000897c0       sf_debug_sm_is_state_active 000000018008a7c0 f   sfc_debug:sfdb_animation.obj
 0001:00089a00       sf_debug_sm_get_active_states 000000018008aa00 f   sfc_debug:sfdb_animation.obj
 0001:00089fb0       sf_debug_sm_initialize_instance 000000018008afb0 f   sfc_debug:sfdb_animation.obj
 0001:0008a1c0       sf_debug_sm_change_object_selection_status 000000018008b1c0 f   sfc_debug:sfdb_animation.obj
 0001:0008a490       cv_create_interface        000000018008b490 f   sfc_debug:cv_sfinterface.obj
 0001:0008a7a0       cv_init_trans              000000018008b7a0 f   sfc_debug:cv_sfinterface.obj
 0001:0008a7f0       cv_init_saturation         000000018008b7f0 f   sfc_debug:cv_sfinterface.obj
 0001:0008a830       cv_init_testobjective      000000018008b830 f   sfc_debug:cv_sfinterface.obj
 0001:0008a870       cv_init_state              000000018008b870 f   sfc_debug:cv_sfinterface.obj
 0001:0008a8e0       cv_init_chart              000000018008b8e0 f   sfc_debug:cv_sfinterface.obj
 0001:0008a930       cv_dec_update_call         000000018008b930 f   sfc_debug:cv_sfinterface.obj
 0001:0008a970       cv_cond_update_call        000000018008b970 f   sfc_debug:cv_sfinterface.obj
 0001:0008a9b0       cv_saturation_update_call  000000018008b9b0 f   sfc_debug:cv_sfinterface.obj
 0001:0008a9f0       cv_saturation_update_accum 000000018008b9f0 f   sfc_debug:cv_sfinterface.obj
 0001:0008aa30       cv_testobjective_update_call 000000018008ba30 f   sfc_debug:cv_sfinterface.obj
 0001:0008aa70       cv_sigrange_update         000000018008ba70 f   sfc_debug:cv_sfinterface.obj
 0001:0008aab0       cvsf_eml_eval              000000018008bab0 f   sfc_debug:cv_sfinterface.obj
 0001:0008ab90       cvsf_eml_init_script       000000018008bb90 f   sfc_debug:cv_sfinterface.obj
 0001:0008ac20       cvsf_eml_init_fcn          000000018008bc20 f   sfc_debug:cv_sfinterface.obj
 0001:0008ac80       cvsf_eml_init_testobjective 000000018008bc80 f   sfc_debug:cv_sfinterface.obj
 0001:0008ace0       cvsf_eml_init_saturation   000000018008bce0 f   sfc_debug:cv_sfinterface.obj
 0001:0008ad30       cvsf_eml_init_if           000000018008bd30 f   sfc_debug:cv_sfinterface.obj
 0001:0008ad90       cvsf_eml_init_for          000000018008bd90 f   sfc_debug:cv_sfinterface.obj
 0001:0008ade0       cvsf_eml_init_while        000000018008bde0 f   sfc_debug:cv_sfinterface.obj
 0001:0008ae30       cvsf_eml_init_mcdc         000000018008be30 f   sfc_debug:cv_sfinterface.obj
 0001:0008aec0       cvsf_eml_init_switch       000000018008bec0 f   sfc_debug:cv_sfinterface.obj
 0001:0008af30       cvsf_script_eval           000000018008bf30 f   sfc_debug:cv_sfinterface.obj
 0001:0008b010       cvsf_script_init_script    000000018008c010 f   sfc_debug:cv_sfinterface.obj
 0001:0008b0a0       cvsf_script_init_fcn       000000018008c0a0 f   sfc_debug:cv_sfinterface.obj
 0001:0008b100       cvsf_script_init_testobjective 000000018008c100 f   sfc_debug:cv_sfinterface.obj
 0001:0008b160       cvsf_script_init_saturation 000000018008c160 f   sfc_debug:cv_sfinterface.obj
 0001:0008b1b0       cvsf_script_init_if        000000018008c1b0 f   sfc_debug:cv_sfinterface.obj
 0001:0008b210       cvsf_script_init_for       000000018008c210 f   sfc_debug:cv_sfinterface.obj
 0001:0008b260       cvsf_script_init_while     000000018008c260 f   sfc_debug:cv_sfinterface.obj
 0001:0008b2b0       cvsf_script_init_mcdc      000000018008c2b0 f   sfc_debug:cv_sfinterface.obj
 0001:0008b340       cvsf_script_init_switch    000000018008c340 f   sfc_debug:cv_sfinterface.obj
 0001:0008b3b0       cv_destroy_interface       000000018008c3b0 f   sfc_debug:cv_sfinterface.obj
 0001:0008b3d0       cv_create_instance_objects 000000018008c3d0 f   sfc_debug:cv_sfinterface.obj
 0001:0008b840       cv_is_enabled              000000018008c840 f   sfc_debug:cv_sfinterface.obj
 0001:0008b850       sf_debug_cv_initialize_script 000000018008c850 f   sfc_debug:cv_sfinterface.obj
 0001:0008b9e0       sf_debug_cv_initialize_instance 000000018008c9e0 f   sfc_debug:cv_sfinterface.obj
 0001:0008bd70       sf_debug_cv_terminate_chart 000000018008cd70 f   sfc_debug:cv_sfinterface.obj
 0001:0008be90       cv_call_trans_test         000000018008ce90 f   sfc_debug:cv_sfinterface.obj
 0001:0008bea0       cv_call_sub_cond_test      000000018008cea0 f   sfc_debug:cv_sfinterface.obj
 0001:0008bee0       sf_debug_st_initialize_machine 000000018008cee0 f   sfc_debug:sfdb_data_browse.obj
 0001:0008bf90       sf_debug_st_initialize_instance 000000018008cf90 f   sfc_debug:sfdb_data_browse.obj
 0001:0008c1a0       sf_debug_st_terminate      000000018008d1a0 f   sfc_debug:sfdb_data_browse.obj
 0001:0008c540       sf_debug_st_set_data_value_ptr_in_machine 000000018008d540 f   sfc_debug:sfdb_data_browse.obj
 0001:0008c5d0       sf_debug_st_set_data_value_ptr_in_instance 000000018008d5d0 f   sfc_debug:sfdb_data_browse.obj
 0001:0008c6b0       sf_debug_st_unset_data_value_ptr_in_machine 000000018008d6b0 f   sfc_debug:sfdb_data_browse.obj
 0001:0008c720       sf_debug_st_unset_data_value_ptr_in_instance 000000018008d720 f   sfc_debug:sfdb_data_browse.obj
 0001:0008c9e0       sf_debug_mx_value          000000018008d9e0 f   sfc_debug:sfdb_data_browse.obj
 0001:0008ca40       sf_debug_mx_packed_vector  000000018008da40 f   sfc_debug:sfdb_data_browse.obj
 0001:0008cb20       sf_debug_mx_uint_vector    000000018008db20 f   sfc_debug:sfdb_data_browse.obj
 0001:0008cbd0       sf_debug_st_get_double_value_from_void_ptr_vector 000000018008dbd0 f   sfc_debug:sfdb_data_browse.obj
 0001:0008d6b0       sf_debug_st_browse_data    000000018008e6b0 f   sfc_debug:sfdb_data_browse.obj
 0001:0008def0       sf_debug_hm_initialize_instance 000000018008eef0 f   sfc_debug:sfdb_handle_management.obj
 0001:0008e3d0       sf_debug_hm_get_object_id  000000018008f3d0 f   sfc_debug:sfdb_handle_management.obj
 0001:0008ef80       sf_debug_hm_update_chart_visibility 000000018008ff80 f   sfc_debug:sfdb_handle_management.obj
 0001:00090170       sf_debug_object_is_eml_function 0000000180091170 f   sfc_debug:sfdb_handle_management.obj
 0001:000901e0       sf_debug_hm_initialize_ids_in_machine 00000001800911e0 f   sfc_debug:sfdb_handle_management.obj
 0001:00090350       sf_debug_hm_initialize_ids_in_chart 0000000180091350 f   sfc_debug:sfdb_handle_management.obj
 0001:00090450       sf_debug_hm_initialize_chart 0000000180091450 f   sfc_debug:sfdb_handle_management.obj
 0001:00090b50       sf_debug_hm_terminate      0000000180091b50 f   sfc_debug:sfdb_handle_management.obj
 0001:00090bb0       sf_debug_hm_initialize_machine 0000000180091bb0 f   sfc_debug:sfdb_handle_management.obj
 0001:000912d0       sf_debug_ss_initialize     00000001800922d0 f   sfc_debug:sfdb_symbol_scope.obj
 0001:000912f0       sf_debug_ss_terminate      00000001800922f0 f   sfc_debug:sfdb_symbol_scope.obj
 0001:00091380       sf_debug_ss_push_symbol_scope 0000000180092380 f   sfc_debug:sfdb_symbol_scope.obj
 0001:00091480       sf_debug_ss_push_symbol_scope_eml 0000000180092480 f   sfc_debug:sfdb_symbol_scope.obj
 0001:000914e0       sf_debug_ss_pop_symbol_scope 00000001800924e0 f   sfc_debug:sfdb_symbol_scope.obj
 0001:00091590       sf_debug_ss_add_symbol     0000000180092590 f   sfc_debug:sfdb_symbol_scope.obj
 0001:00091700       sf_debug_ss_add_symbol_eml 0000000180092700 f   sfc_debug:sfdb_symbol_scope.obj
 0001:00092600       sf_debug_ss_set_data_value 0000000180093600 f   sfc_debug:sfdb_symbol_scope.obj
 0001:00092a50       getInstanceNumber          0000000180093a50 f   sfc_debug:sfdb_symbol_scope.obj
 0001:00092b20       sf_debug_ss_watch_data     0000000180093b20 f   sfc_debug:sfdb_symbol_scope.obj
 0001:00092d10       sf_debug_ss_assign_data    0000000180093d10 f   sfc_debug:sfdb_symbol_scope.obj
 0001:00093720       get_data_entry_name        0000000180094720 f   sfc_debug:sfdb_symbol_scope.obj
 0001:00093770       sf_debug_ss_whos           0000000180094770 f   sfc_debug:sfdb_symbol_scope.obj
 0001:00093dc0       sf_debug_cc_initialize_chart 0000000180094dc0 f   sfc_debug:sfdb_coverage.obj
 0001:000947b0       sf_debug_cc_initialize_instance 00000001800957b0 f   sfc_debug:sfdb_coverage.obj
 0001:000954f0       sf_debug_cc_terminate      00000001800964f0 f   sfc_debug:sfdb_coverage.obj
 0001:000955e0       sf_debug_cc_set_transition_maps 00000001800965e0 f   sfc_debug:sfdb_coverage.obj
 0001:00095710       sf_debug_cc_set_state_maps 0000000180096710 f   sfc_debug:sfdb_coverage.obj
 0001:000957f0       sf_debug_cc_set_transition_weights 00000001800967f0 f   sfc_debug:sfdb_coverage.obj
 0001:00095ab0       sf_debug_cc_set_state_weights 0000000180096ab0 f   sfc_debug:sfdb_coverage.obj
 0001:00095d80       sf_debug_cc_mark_transition_guard 0000000180096d80 f   sfc_debug:sfdb_coverage.obj
 0001:00095e10       sf_debug_cc_mark_transition_trigger 0000000180096e10 f   sfc_debug:sfdb_coverage.obj
 0001:00095ea0       sf_debug_cc_mark_transition_decision 0000000180096ea0 f   sfc_debug:sfdb_coverage.obj
 0001:00095f10       sf_debug_cc_mark_transition_condition_action 0000000180096f10 f   sfc_debug:sfdb_coverage.obj
 0001:00095f60       sf_debug_cc_mark_transition_transition_action 0000000180096f60 f   sfc_debug:sfdb_coverage.obj
 0001:00095fb0       sf_debug_cc_mark_state_entry 0000000180096fb0 f   sfc_debug:sfdb_coverage.obj
 0001:00096000       sf_debug_cc_mark_state_during 0000000180097000 f   sfc_debug:sfdb_coverage.obj
 0001:00096050       sf_debug_cc_mark_state_exit 0000000180097050 f   sfc_debug:sfdb_coverage.obj
 0001:000960a0       sf_debug_bm_clear_script_breakpoints 00000001800970a0 f   sfc_debug:sfdb_breakpoints.obj
 0001:000960d0       sf_debug_bm_set_script_breakpoint 00000001800970d0 f   sfc_debug:sfdb_breakpoints.obj
 0001:00096150       sf_debug_bm_clear_single_script_breakpoint 0000000180097150 f   sfc_debug:sfdb_breakpoints.obj
 0001:000961d0       sf_debug_bm_query_script_breakpoint 00000001800971d0 f   sfc_debug:sfdb_breakpoints.obj
 0001:00096220       sf_debug_bm_initialize_scripts 0000000180097220 f   sfc_debug:sfdb_breakpoints.obj
 0001:000968b0       sf_debug_bm_terminate      00000001800978b0 f   sfc_debug:sfdb_breakpoints.obj
 0001:00096b90       sf_debug_bm_remove_all_breakpoints_in_machine 0000000180097b90 f   sfc_debug:sfdb_breakpoints.obj
 0001:00096bf0       sf_debug_bm_remove_all_breakpoints_in_chart 0000000180097bf0 f   sfc_debug:sfdb_breakpoints.obj
 0001:00096d40       sf_debug_bm_initialize_global_breakpoints 0000000180097d40 f   sfc_debug:sfdb_breakpoints.obj
 0001:00096ec0       sf_debug_bm_set_breakpoint 0000000180097ec0 f   sfc_debug:sfdb_breakpoints.obj
 0001:00097480       sf_debug_bm_set_eml_breakpoint 0000000180098480 f   sfc_debug:sfdb_breakpoints.obj
 0001:00097510       sf_debug_bm_initialize_machine_breakpoint_map 0000000180098510 f   sfc_debug:sfdb_breakpoints.obj
 0001:00097930       sf_debug_bm_is_a_breakpoint 0000000180098930 f   sfc_debug:sfdb_breakpoints.obj
 0001:00097e50       sf_debug_bm_get_all_breakpoints_in_machine 0000000180098e50 f   sfc_debug:sfdb_breakpoints.obj
 0001:00098150       sf_debug_bm_get_all_breakpoints_in_chart 0000000180099150 f   sfc_debug:sfdb_breakpoints.obj
 0001:00098ce0       sf_debug_bm_initialize_machine 0000000180099ce0 f   sfc_debug:sfdb_breakpoints.obj
 0001:00098db0       sf_debug_bm_initialize_chart 0000000180099db0 f   sfc_debug:sfdb_breakpoints.obj
 0001:000991a0       sf_debug_sc_terminate      000000018009a1a0 f   sfc_debug:sfdb_state_consistency.obj
 0001:000994c0       sf_debug_sc_is_chart_consistent 000000018009a4c0 f   sfc_debug:sfdb_state_consistency.obj
 0001:00099770       sf_debug_sc_get_consistency_error_info 000000018009a770 f   sfc_debug:sfdb_state_consistency.obj
 0001:00099b80       sf_debug_tm_terminate      000000018009ab80 f   sfc_debug:sfdb_call_stack.obj
 0001:00099c30       sf_debug_tm_push_chart_instance 000000018009ac30 f   sfc_debug:sfdb_call_stack.obj
 0001:00099d70       sf_debug_tm_pop_chart_instance 000000018009ad70 f   sfc_debug:sfdb_call_stack.obj
 0001:00099dd0       sf_debug_tm_push_trace_node 000000018009add0 f   sfc_debug:sfdb_call_stack.obj
 0001:00099f50       sf_debug_tm_pop_trace_node 000000018009af50 f   sfc_debug:sfdb_call_stack.obj
 0001:00099fd0       sf_debug_tm_get_current_global_trace_index 000000018009afd0 f   sfc_debug:sfdb_call_stack.obj
 0001:00099fe0       sf_debug_tm_get_current_local_trace_index 000000018009afe0 f   sfc_debug:sfdb_call_stack.obj
 0001:0009a010       sf_debug_tm_set_cycle_detected_flag 000000018009b010 f   sfc_debug:sfdb_call_stack.obj
 0001:0009a050       sf_debug_tm_set_cycle_started_flag 000000018009b050 f   sfc_debug:sfdb_call_stack.obj
 0001:0009a090       sf_debug_tm_get_chart_number_from_stack 000000018009b090 f   sfc_debug:sfdb_call_stack.obj
 0001:0009a290       sf_debug_tm_browse_trace   000000018009b290 f   sfc_debug:sfdb_call_stack.obj
 0001:0009a5a0       sf_debug_cd_initialize_instance 000000018009b5a0 f   sfc_debug:sfdb_cycle_detection.obj
 0001:0009a850       sf_debug_cd_mark_processed_transition_in_instance 000000018009b850 f   sfc_debug:sfdb_cycle_detection.obj
 0001:0009a8f0       sf_debug_cd_checksum_push  000000018009b8f0 f   sfc_debug:sfdb_cycle_detection.obj
 0001:0009aba0       sf_debug_cd_checksum_pop   000000018009bba0 f   sfc_debug:sfdb_cycle_detection.obj
 0001:0009ac10       sf_debug_cd_turn_off_cycle_detection 000000018009bc10 f   sfc_debug:sfdb_cycle_detection.obj
 0001:0009ac60       sf_debug_cd_terminate      000000018009bc60 f   sfc_debug:sfdb_cycle_detection.obj
 0001:0009ae90       md5_initialize_state       000000018009be90 f   sfc_debug:ckmd5.obj
 0001:0009b920       md5_update_state           000000018009c920 f   sfc_debug:ckmd5.obj
 0001:0009b940       md5_get_hash               000000018009c940 f   sfc_debug:ckmd5.obj
 0001:0009b970       md5_get_hash_for_a_single_string 000000018009c970 f   sfc_debug:ckmd5.obj
 0001:0009b9d0       mxGetPr                    000000018009c9d0 f   libmx:libmx.dll
 0001:0009b9d6       mxCreateDoubleScalar       000000018009c9d6 f   libmx:libmx.dll
 0001:0009b9dc       mxCreateDoubleMatrix_730   000000018009c9dc f   libmx:libmx.dll
 0001:0009b9e2       mxSetField_730             000000018009c9e2 f   libmx:libmx.dll
 0001:0009b9e8       mxCreateString             000000018009c9e8 f   libmx:libmx.dll
 0001:0009b9ee       mxCreateStructMatrix_730   000000018009c9ee f   libmx:libmx.dll
 0001:0009b9f4       mxCreateCellMatrix_730     000000018009c9f4 f   libmx:libmx.dll
 0001:0009b9fa       mxDestroyArray             000000018009c9fa f   libmx:libmx.dll
 0001:0009ba00       mxDuplicateArray           000000018009ca00 f   libmx:libmx.dll
 0001:0009ba06       mxIsEmpty                  000000018009ca06 f   libmx:libmx.dll
 0001:0009ba0c       mxGetString_730            000000018009ca0c f   libmx:libmx.dll
 0001:0009ba12       mxIsChar                   000000018009ca12 f   libmx:libmx.dll
 0001:0009ba18       mxGetClassID               000000018009ca18 f   libmx:libmx.dll
 0001:0009ba1e       mxIsNumeric                000000018009ca1e f   libmx:libmx.dll
 0001:0009ba24       mxIsComplex                000000018009ca24 f   libmx:libmx.dll
 0001:0009ba2a       mxGetN                     000000018009ca2a f   libmx:libmx.dll
 0001:0009ba30       mxGetM                     000000018009ca30 f   libmx:libmx.dll
 0001:0009ba36       mxCalloc                   000000018009ca36 f   libmx:libmx.dll
 0001:0009ba3c       mxGetScalar                000000018009ca3c f   libmx:libmx.dll
 0001:0009ba42       mxIsLogical                000000018009ca42 f   libmx:libmx.dll
 0001:0009ba48       mxCreateDoubleMatrix_700   000000018009ca48 f   libmx:libmx.dll
 0001:0009ba4e       mxFree                     000000018009ca4e f   libmx:libmx.dll
 0001:0009ba54       mxArrayToString            000000018009ca54 f   libmx:libmx.dll
 0001:0009ba5a       mxCreateCellMatrix_700     000000018009ca5a f   libmx:libmx.dll
 0001:0009ba60       mxSetCell_700              000000018009ca60 f   libmx:libmx.dll
 0001:0009ba66       mxGetCell_700              000000018009ca66 f   libmx:libmx.dll
 0001:0009ba6c       mxGetClassName             000000018009ca6c f   libmx:libmx.dll
 0001:0009ba72       mxSetField_700             000000018009ca72 f   libmx:libmx.dll
 0001:0009ba78       mxAddField                 000000018009ca78 f   libmx:libmx.dll
 0001:0009ba7e       mxGetField_700             000000018009ca7e f   libmx:libmx.dll
 0001:0009ba84       mxGetNumberOfElements      000000018009ca84 f   libmx:libmx.dll
 0001:0009ba8a       mxIsStruct                 000000018009ca8a f   libmx:libmx.dll
 0001:0009ba90       mxIsA                      000000018009ca90 f   libmx:libmx.dll
 0001:0009ba96       mxIsClass                  000000018009ca96 f   libmx:libmx.dll
 0001:0009ba9c       mxGetLogicals              000000018009ca9c f   libmx:libmx.dll
 0001:0009baa2       mxIsSparse                 000000018009caa2 f   libmx:libmx.dll
 0001:0009baa8       mxSetFieldByNumber_700     000000018009caa8 f   libmx:libmx.dll
 0001:0009baae       mxGetFieldByNumber_700     000000018009caae f   libmx:libmx.dll
 0001:0009bab4       mxGetFieldNameByNumber     000000018009cab4 f   libmx:libmx.dll
 0001:0009baba       mxGetNumberOfFields        000000018009caba f   libmx:libmx.dll
 0001:0009bac0       mxCreateStructMatrix_700   000000018009cac0 f   libmx:libmx.dll
 0001:0009bac6       mxGetFieldNumber           000000018009cac6 f   libmx:libmx.dll
 0001:0009bacc       mxIsNaN                    000000018009cacc f   libmx:libmx.dll
 0001:0009bad2       mxGetData                  000000018009cad2 f   libmx:libmx.dll
 0001:0009bad8       mxGetImagData              000000018009cad8 f   libmx:libmx.dll
 0001:0009bade       mxArrayClassIDName         000000018009cade f   libmx:libmx.dll
 0001:0009bae4       mxCreateNumericMatrix_700  000000018009cae4 f   libmx:libmx.dll
 0001:0009baea       mxCreateStructArray_700    000000018009caea f   libmx:libmx.dll
 0001:0009baf0       mxCalcSingleSubscript_700  000000018009caf0 f   libmx:libmx.dll
 0001:0009baf6       mxGetDimensions_700        000000018009caf6 f   libmx:libmx.dll
 0001:0009bafc       mxGetNumberOfDimensions_700 000000018009cafc f   libmx:libmx.dll
 0001:0009bb02       mxCreateNumericArray_700   000000018009cb02 f   libmx:libmx.dll
 0001:0009bb08       mxGetElementSize           000000018009cb08 f   libmx:libmx.dll
 0001:0009bb0e       mxCreateStringFromNChars_700 000000018009cb0e f   libmx:libmx.dll
 0001:0009bb14       mxGetString_700            000000018009cb14 f   libmx:libmx.dll
 0001:0009bb1a       mxIsLogicalScalarTrue      000000018009cb1a f   libmx:libmx.dll
 0001:0009bb20       mxCreateLogicalScalar      000000018009cb20 f   libmx:libmx.dll
 0001:0009bb26       mexUnlock                  000000018009cb26 f   libmex:libmex.dll
 0001:0009bb2c       mexIsLocked                000000018009cb2c f   libmex:libmex.dll
 0001:0009bb32       mexWarnMsgTxt              000000018009cb32 f   libmex:libmex.dll
 0001:0009bb38       mexCallMATLAB              000000018009cb38 f   libmex:libmex.dll
 0001:0009bb3e       mexErrMsgTxt               000000018009cb3e f   libmex:libmex.dll
 0001:0009bb44       mexMakeArrayPersistent     000000018009cb44 f   libmex:libmex.dll
 0001:0009bb4a       mexSetTrapFlag             000000018009cb4a f   libmex:libmex.dll
 0001:0009bb50       mexPutVariable             000000018009cb50 f   libmex:libmex.dll
 0001:0009bb56       mexGetVariable             000000018009cb56 f   libmex:libmex.dll
 0001:0009bb5c       mexLock                    000000018009cb5c f   libmex:libmex.dll
 0001:0009bb62       mexMakeMemoryPersistent    000000018009cb62 f   libmex:libmex.dll
 0001:0009bb68       mexFunctionName            000000018009cb68 f   libmex:libmex.dll
 0001:0009bb6e       ssRegisterDataTypeFxpFSlopeFixExpBias 000000018009cb6e f   libfixedpoint:libfixedpoint.dll
 0001:0009bb74       ssRegisterDataTypeFxpScaledDouble 000000018009cb74 f   libfixedpoint:libfixedpoint.dll
 0001:0009bb7a       utMalloc                   000000018009cb7a f   libut:libut.dll
 0001:0009bb80       utFree                     000000018009cb80 f   libut:libut.dll
 0001:0009bb86       utVSNprintf                000000018009cb86 f   libut:libut.dll
 0001:0009bb8c       utCPUtime                  000000018009cb8c f   libut:libut.dll
 0001:0009bb92       utCalloc                   000000018009cb92 f   libut:libut.dll
[...]
 0001:00072360       sf_mex_check_complex       0000000180073360 f   sfc_mex:sfc_mex.obj
 0001:000723f0       sf_mex_check_sparse        00000001800733f0 f   sfc_mex:sfc_mex.obj
 0001:00072450       sf_mex_check_numerictype   0000000180073450 f   sfc_mex:sfc_mex.obj
 0001:000725e0       sf_mex_check_fimath        00000001800735e0 f   sfc_mex:sfc_mex.obj
 0001:00073140       size_mismatch_error        0000000180074140 f   sfc_mex:sfc_mex.obj
 0001:00073bb0       check_array_dimensions     0000000180074bb0 f   sfc_mex:sfc_mex.obj
 0001:00073c20       check_input_mxarray        0000000180074c20 f   sfc_mex:sfc_mex.obj
 0001:00074360       sf_numeric_value_to_double 0000000180075360 f   sfc_mex:sfc_mex.obj
 0001:000743b0       ml_generic_out_of_bounds_check 00000001800753b0 f   sfc_mex:sfc_mex.obj
 0001:00074570       ml_get_element_value_from_array 0000000180075570 f   sfc_mex:sfc_mex.obj
 0001:00074910       _ml_generic_castability_check 0000000180075910 f   sfc_mex:sfc_mex.obj
 0001:00075060       ml_generic_castability_check 0000000180076060 f   sfc_mex:sfc_mex.obj
 0001:00075100       ml_check_mx_array_for_single_castability 0000000180076100 f   sfc_mex:sfc_mex.obj
 0001:000751a0       ml_check_mx_array_for_logical_castability 00000001800761a0 f   sfc_mex:sfc_mex.obj
 0001:00075240       ml_check_mx_array_for_int8_castability 0000000180076240 f   sfc_mex:sfc_mex.obj
 0001:000752f0       ml_check_mx_array_for_uint8_castability 00000001800762f0 f   sfc_mex:sfc_mex.obj
 0001:00075350       ml_check_mx_array_for_int16_castability 0000000180076350 f   sfc_mex:sfc_mex.obj
 0001:000753b0       ml_check_mx_array_for_uint16_castability 00000001800763b0 f   sfc_mex:sfc_mex.obj
 0001:00075410       ml_check_mx_array_for_int32_castability 0000000180076410 f   sfc_mex:sfc_mex.obj
 0001:00075470       ml_check_mx_array_for_uint32_castability 0000000180076470 f   sfc_mex:sfc_mex.obj
 0001:000754d0       ml_check_mx_array_for_castability 00000001800764d0 f   sfc_mex:sfc_mex.obj
 0001:00075cf0       set_data_value             0000000180076cf0 f   sfc_mex:sfc_mex.obj
 0001:00076060       get_data_value             0000000180077060 f   sfc_mex:sfc_mex.obj
 0001:00076170       get_next_element_address   0000000180077170 f   sfc_mex:sfc_mex.obj
 0001:00076240       sf_normalize_index         0000000180077240 f   sfc_mex:sfc_mex.obj
 0001:000765f0       ml_array_index_bound_check 00000001800775f0 f   sfc_mex:sfc_mex.obj
 0001:00077170       mx_value                   0000000180078170 f   sfc_mex:sfc_mex.obj
 0001:000771c0       sf_create_numeric_array    00000001800781c0 f   sfc_mex:sfc_mex.obj
 0001:00077260       sf_mex_assign_to_mx_array  0000000180078260 f   sfc_mex:sfc_mex.obj
 0001:000775d0       assign_from_mx_array       00000001800785d0 f   sfc_mex:sfc_mex.obj
 0001:00077d30       sf_mex_import_v            0000000180078d30 f   sfc_mex:sfc_mex.obj
 0001:00078440       get_machine_and_chart_file_number 0000000180079440 f   sfc_mex:sfc_sf.obj
 0001:00078530       get_sfun_block_specialization 0000000180079530 f   sfc_mex:sfc_sf.obj
 0001:000785e0       call_sf_machine_global_method_dispatcher 00000001800795e0 f   sfc_mex:sfc_sf.obj
 0001:00078830       mdl_zeroCrossings_processing 0000000180079830 f   sfc_mex:sfc_sf.obj
 0001:00078910       mdl_derivatives_processing 0000000180079910 f   sfc_mex:sfc_sf.obj
 0001:00078bf0       mdl_outputs_continuous_legacy 0000000180079bf0 f   sfc_mex:sfc_sf.obj
 0001:00078c70       mdl_outputs_processing     0000000180079c70 f   sfc_mex:sfc_sf.obj
 0001:00078ee0       mdl_enable_processing      0000000180079ee0 f   sfc_mex:sfc_sf.obj
 0001:00078fc0       mdl_disable_processing     0000000180079fc0 f   sfc_mex:sfc_sf.obj
 0001:00079e50       sf_call_output_fcn_enable_disable 000000018007ae50 f   sfc_mex:sfc_sf.obj
 0001:0007a0d0       set_dwork_information_from_mx_array 000000018007b0d0 f   sfc_mex:sfc_sf.obj
 0001:0007a9c0       ptr2mxStruct               000000018007b9c0 f   sfc_mex:sfc_sf.obj
 0001:0007acd0       SNPRINTF_WRAPPER           000000018007bcd0 f   sfc_debug:sfcdebug.obj
 0001:0007ad00       sf_debug_chart_instance_initialized 000000018007bd00 f   sfc_debug:sfcdebug.obj
 0001:0007aea0       sfrtAddSize                000000018007bea0 f   sfc_debug:sfcdebug.obj
 0001:0007af60       sfrtGenSizeString          000000018007bf60 f   sfc_debug:sfcdebug.obj
 0001:0007b6b0       fill_single_message_info   000000018007c6b0 f   sfc_debug:sfcdebug.obj
 0001:0007b930       sf_debug_sim_status_listener 000000018007c930 f   sfc_debug:sfcdebug.obj
 0001:0007bec0       sf_debug_form_mask_bits    000000018007cec0 f   sfc_debug:sfcdebug.obj
 0001:0007bee0       sf_debug_form_sf_data_type_offsets 000000018007cee0 f   sfc_debug:sfcdebug.obj
 0001:0007bfa0       sf_debug_free_all          000000018007cfa0 f   sfc_debug:sfcdebug.obj
 0001:0007c130       sf_debug_append_debugger_context 000000018007d130 f   sfc_debug:sfcdebug.obj
 0001:0007c4a0       local_strdup               000000018007d4a0 f   sfc_debug:sfcdebug.obj
 0001:0007d420       sf_debug_em_terminate      000000018007e420 f   sfc_debug:sfcdebug.obj
 0001:0007d460       sf_debug_push_eml_function 000000018007e460 f   sfc_debug:sfcdebug.obj
 0001:0007d500       sf_debug_pop_eml_function  000000018007e500 f   sfc_debug:sfcdebug.obj
 0001:0007e1a0       sf_debug_get_machine_number_from_id_or_name 000000018007f1a0 f   sfc_debug:sfcdebug.obj
 0001:0007e2f0       sf_debug_get_chart_number_from_id 000000018007f2f0 f   sfc_debug:sfcdebug.obj
 0001:0007f0d0       sf_debug_transfer_control_to_debugger_GUI 00000001800800d0 f   sfc_debug:sfcdebug.obj
 0001:00080040       sf_debug_scripts_rehash    0000000180081040 f   sfc_debug:sfcdebug.obj
 0001:00080250       sf_debug_get_script_line_count 0000000180081250 f   sfc_debug:sfcdebug.obj
 0001:00080ca0       cv_eml_state_cvId          0000000180081ca0 f   sfc_debug:sfcdebug.obj
 0001:00080d10       cv_eml_trans_cvId          0000000180081d10 f   sfc_debug:sfcdebug.obj
 0001:00082190       sf_debug_data_array_bounds_error 0000000180083190 f   sfc_debug:sfcdebug.obj
 0001:00082540       eml_debug_runtime_error_doclink 0000000180083540 f   sfc_debug:sfcdebug.obj
 0001:000826b0       sf_debug_runtime_error     00000001800836b0 f   sfc_debug:sfcdebug.obj
 0001:00082720       sf_debug_matlab_error      0000000180083720 f   sfc_debug:sfcdebug.obj
 0001:00083090       sf_debug_data_value_error  0000000180084090 f   sfc_debug:sfcdebug.obj
 0001:00083960       sf_debug_data_loss_error   0000000180084960 f   sfc_debug:sfcdebug.obj
 0001:00084880       call_cv_range_check        0000000180085880 f   sfc_debug:sfcdebug.obj
 0001:000850e0       sf_debug_invoke_cycle_detection_code 00000001800860e0 f   sfc_debug:sfcdebug.obj
 0001:00085c50       sf_reset_debug_info_struct 0000000180086c50 f   sfc_debug:sfcdebug.obj
 0001:00086440       cv_script_cvId             0000000180087440 f   sfc_debug:sfcdebug.obj
 0001:00087600       sfc_api_chart_visible      0000000180088600 f   sfc_debug:sfc_api.obj
 0001:00087690       sfc_api_active_instance    0000000180088690 f   sfc_debug:sfc_api.obj
 0001:00087720       sfc_api_machine_load       0000000180088720 f   sfc_debug:sfc_api.obj
 0001:00087810       sfc_api_debugger_alive     0000000180088810 f   sfc_debug:sfc_api.obj
 0001:00087820       sfc_api_go                 0000000180088820 f   sfc_debug:sfc_api.obj
 0001:00087830       sfc_api_step_over          0000000180088830 f   sfc_debug:sfc_api.obj
 0001:00087840       sfc_api_step_out           0000000180088840 f   sfc_debug:sfc_api.obj
 0001:00087850       sfc_api_resume             0000000180088850 f   sfc_debug:sfc_api.obj
 0001:00087860       sfc_api_break              0000000180088860 f   sfc_debug:sfc_api.obj
 0001:00087870       sfc_api_stop_debugging     0000000180088870 f   sfc_debug:sfc_api.obj
 0001:000878d0       sfc_api_is_cycle_detected  00000001800888d0 f   sfc_debug:sfc_api.obj
 0001:00087930       sfc_api_is_array_bounds_detected 0000000180088930 f   sfc_debug:sfc_api.obj
 0001:00087990       sfc_api_set_disable_all_breakpoints 0000000180088990 f   sfc_debug:sfc_api.obj
 0001:00087a10       sfc_api_disable_all_breakpoints_and_go 0000000180088a10 f   sfc_debug:sfc_api.obj
 0001:00087a20       sfc_api_close              0000000180088a20 f   sfc_debug:sfc_api.obj
 0001:00087a30       sfc_api_browse_data        0000000180088a30 f   sfc_debug:sfc_api.obj
 0001:00087ab0       sfc_api_watch_data         0000000180088ab0 f   sfc_debug:sfc_api.obj
 0001:00087bc0       sfc_api_extract_message_post_receive_info 0000000180088bc0 f   sfc_debug:sfc_api.obj
 0001:00087be0       sfc_api_assign_data        0000000180088be0 f   sfc_debug:sfc_api.obj
 0001:00087c90       sfc_api_whos               0000000180088c90 f   sfc_debug:sfc_api.obj
 0001:00087d20       sfc_api_get_consistency_info 0000000180088d20 f   sfc_debug:sfc_api.obj
 0001:00087d30       sfc_api_browse_trace       0000000180088d30 f   sfc_debug:sfc_api.obj
 0001:00087d40       sfc_api_break_on_chart_entry 0000000180088d40 f   sfc_debug:sfc_api.obj
 0001:00087d70       sfc_api_break_on_event_broadcast 0000000180088d70 f   sfc_debug:sfc_api.obj
 0001:00087da0       sfc_api_break_on_state_entry 0000000180088da0 f   sfc_debug:sfc_api.obj
 0001:00087dd0       sfc_api_set_watch          0000000180088dd0 f   sfc_debug:sfc_api.obj
 0001:00087e80       sfc_api_set_breakpoints    0000000180088e80 f   sfc_debug:sfc_api.obj
 0001:00087f40       sfc_api_set_eml_breakpoints 0000000180088f40 f   sfc_debug:sfc_api.obj
 0001:00087fe0       sfc_api_set_script_breakpoints 0000000180088fe0 f   sfc_debug:sfc_api.obj
 0001:00088040       sfc_api_add_script_breakpoints 0000000180089040 f   sfc_debug:sfc_api.obj
 0001:000880a0       sfc_api_clear_script_breakpoints 00000001800890a0 f   sfc_debug:sfc_api.obj
 0001:00088100       sfc_api_query_script_breakpoints 0000000180089100 f   sfc_debug:sfc_api.obj
 0001:00088170       sfc_api_get_script_id      0000000180089170 f   sfc_debug:sfc_api.obj
 0001:00088230       sfc_api_get_active_states  0000000180089230 f   sfc_debug:sfc_api.obj
 0001:000882c0       sfc_api_break_between_times 00000001800892c0 f   sfc_debug:sfc_api.obj
 0001:00088330       sfc_api_get_instance_handle 0000000180089330 f   sfc_debug:sfc_api.obj
 0001:00088400       sfc_api_set_animation      0000000180089400 f   sfc_debug:sfc_api.obj
 0001:00088450       sfc_api_select_chart       0000000180089450 f   sfc_debug:sfc_api.obj
 0001:000884c0       sfc_api_select_charts      00000001800894c0 f   sfc_debug:sfc_api.obj
 0001:000884f0       sfc_api_cycle_detection_check 00000001800894f0 f   sfc_debug:sfc_api.obj
 0001:00088540       sfc_api_data_range_check   0000000180089540 f   sfc_debug:sfc_api.obj
 0001:00088590       sfc_api_transition_conflict_check 0000000180089590 f   sfc_debug:sfc_api.obj
 0001:000885e0       sfc_api_state_consistency_check 00000001800895e0 f   sfc_debug:sfc_api.obj
 0001:00088630       sfc_api_set_instance_cv_ids 0000000180089630 f   sfc_debug:sfc_api.obj
 0001:00088760       sfc_api_set_script_cv_ids  0000000180089760 f   sfc_debug:sfc_api.obj
 0001:00088830       sfc_api_get_current_machine_id 0000000180089830 f   sfc_debug:sfc_api.obj
 0001:00088860       sfc_api_get_current_machine_number 0000000180089860 f   sfc_debug:sfc_api.obj
 0001:00088890       sfc_api_get_current_chart_number 0000000180089890 f   sfc_debug:sfc_api.obj
 0001:000888c0       sfc_api_get_current_instance_number 00000001800898c0 f   sfc_debug:sfc_api.obj
 0001:000888f0       sfc_api_get_current_instance_handle 00000001800898f0 f   sfc_debug:sfc_api.obj
 0001:00088910       sfc_api_get_current_is_minor_time_step 0000000180089910 f   sfc_debug:sfc_api.obj
 0001:00088940       sfc_api_get_current_machine_name 0000000180089940 f   sfc_debug:sfc_api.obj
 0001:00088960       sfc_api_get_current_chart_id 0000000180089960 f   sfc_debug:sfc_api.obj
 0001:00088990       sfc_api_get_current_object_type 0000000180089990 f   sfc_debug:sfc_api.obj
 0001:000889c0       sfc_api_get_current_event_type 00000001800899c0 f   sfc_debug:sfc_api.obj
 0001:000889f0       sfc_api_get_current_object_id 00000001800899f0 f   sfc_debug:sfc_api.obj
 0001:00088a20       sfc_get_current_active_event_type 0000000180089a20 f   sfc_debug:sfc_api.obj
 0001:00088a50       sfc_api_get_current_active_event_id 0000000180089a50 f   sfc_debug:sfc_api.obj
 0001:00088a80       sfc_api_get_current_simulation_time 0000000180089a80 f   sfc_debug:sfc_api.obj
 0001:00088aa0       sfc_get_current_tag_type   0000000180089aa0 f   sfc_debug:sfc_api.obj
 0001:00088ad0       sfc_get_current_coverage_percentage 0000000180089ad0 f   sfc_debug:sfc_api.obj
 0001:00088af0       sfc_get_current_statement_context 0000000180089af0 f   sfc_debug:sfc_api.obj
 0001:00088b10       sfc_get_current_optional_integer 0000000180089b10 f   sfc_debug:sfc_api.obj
 0001:00088b40       sfc_get_current_statement_info 0000000180089b40 f   sfc_debug:sfc_api.obj
 0001:00088be0       sfc_api_get                0000000180089be0 f   sfc_debug:sfc_api.obj
 0001:00089840       sf_debug_sm_fill_state_activity_data 000000018008a840 f   sfc_debug:sfdb_animation.obj
 0001:0008c080       void_ptr_stack_vector_free_total 000000018008d080 f   sfc_debug:sfdb_data_browse.obj
 0001:0008c100       sf_debug_st_terminate_machine 000000018008d100 f   sfc_debug:sfdb_data_browse.obj
 0001:0008c140       sf_debug_st_terminate_instance 000000018008d140 f   sfc_debug:sfdb_data_browse.obj
 0001:0008c4f0       push_on_to_void_ptr_stack  000000018008d4f0 f   sfc_debug:sfdb_data_browse.obj
 0001:0008c680       pop_from_void_ptr_stack    000000018008d680 f   sfc_debug:sfdb_data_browse.obj
 0001:0008c7b0       sf_debug_st_get_data_value 000000018008d7b0 f   sfc_debug:sfdb_data_browse.obj
 0001:0008cce0       mx_value                   000000018008dce0 f   sfc_debug:sfdb_data_browse.obj
 0001:0008cd20       sf_debug_st_fill_data_struct 000000018008dd20 f   sfc_debug:sfdb_data_browse.obj
 0001:0008d060       data_type_format_strings   000000018008e060 f   sfc_debug:sfdb_data_browse.obj
 0001:0008d110       sf_debug_st_fill_data      000000018008e110 f   sfc_debug:sfdb_data_browse.obj
 0001:0008de00       sf_debug_hm_get_simulink_handle 000000018008ee00 f   sfc_debug:sfdb_handle_management.obj
 0001:0008e8b0       sf_debug_hm_initialize_globals 000000018008f8b0 f   sfc_debug:sfdb_handle_management.obj
 0001:0008e9b0       sf_debug_hm_get_machine_debug_flag 000000018008f9b0 f   sfc_debug:sfdb_handle_management.obj
 0001:0008eb20       sf_debug_hm_get_machine_id 000000018008fb20 f   sfc_debug:sfdb_handle_management.obj
 0001:0008ec40       sf_debug_hm_get_chart_id   000000018008fc40 f   sfc_debug:sfdb_handle_management.obj
 0001:0008ede0       sf_debug_hm_register_executing_SFunction 000000018008fde0 f   sfc_debug:sfdb_handle_management.obj
 0001:0008f170       sf_debug_hm_form_object_boolean_properties 0000000180090170 f   sfc_debug:sfdb_handle_management.obj
 0001:0008f440       sf_debug_hm_form_object_properties 0000000180090440 f   sfc_debug:sfdb_handle_management.obj
 0001:0008f680       sf_debug_hm_terminate_charts 0000000180090680 f   sfc_debug:sfdb_handle_management.obj
 0001:0008fd60       sf_debug_hm_terminate_machines 0000000180090d60 f   sfc_debug:sfdb_handle_management.obj
 0001:000917d0       sf_debug_ss_copy_dimension 00000001800927d0 f   sfc_debug:sfdb_symbol_scope.obj
 0001:00091890       sf_debug_ss_get_number_elements 0000000180092890 f   sfc_debug:sfdb_symbol_scope.obj
 0001:000918b0       sf_debug_ss_fill_data_struct 00000001800928b0 f   sfc_debug:sfdb_symbol_scope.obj
 0001:00091c00       sf_debug_ss_reset_data_info 0000000180092c00 f   sfc_debug:sfdb_symbol_scope.obj
 0001:00091c60       sf_debug_fill_data_info_by_symbol_scope_entry 0000000180092c60 f   sfc_debug:sfdb_symbol_scope.obj
 0001:00091d20       sf_debug_fill_data_info_by_data_vector 0000000180092d20 f   sfc_debug:sfdb_symbol_scope.obj
 0001:00091f70       get_data_info_helper       0000000180092f70 f   sfc_debug:sfdb_symbol_scope.obj
 0001:00092260       sf_debug_ss_get_data_info  0000000180093260 f   sfc_debug:sfdb_symbol_scope.obj
 0001:00092480       sf_debug_select_mex_function 0000000180093480 f   sfc_debug:sfdb_symbol_scope.obj
 0001:000924b0       sf_debug_is_dyn_matrix_initialized 00000001800934b0 f   sfc_debug:sfdb_symbol_scope.obj
 0001:000924d0       sf_debug_ss_set_data_value_try 00000001800934d0 f   sfc_debug:sfdb_symbol_scope.obj
 0001:000926c0       sf_debug_ss_get_data_value 00000001800936c0 f   sfc_debug:sfdb_symbol_scope.obj
 0001:00092e20       sf_debug_ss_data_bytes_string 0000000180093e20 f   sfc_debug:sfdb_symbol_scope.obj
 0001:00092eb0       sf_debug_ss_data_class_string 0000000180093eb0 f   sfc_debug:sfdb_symbol_scope.obj
 0001:00093230       sf_debug_ss_data_size_string 0000000180094230 f   sfc_debug:sfdb_symbol_scope.obj
 0001:00093310       sf_debug_ss_data_create_data_info_struct 0000000180094310 f   sfc_debug:sfdb_symbol_scope.obj
 0001:000935c0       sf_debug_ss_data_create_name_value_pair 00000001800945c0 f   sfc_debug:sfdb_symbol_scope.obj
 0001:00093660       sf_debug_ss_data_get_whos_info 0000000180094660 f   sfc_debug:sfdb_symbol_scope.obj
 0001:00093670       same_named_data_in_data_array 0000000180094670 f   sfc_debug:sfdb_symbol_scope.obj
 0001:00094e00       sf_debug_cc_terminate_chart 0000000180095e00 f   sfc_debug:sfdb_coverage.obj
 0001:00095110       sf_debug_cc_terminate_instance 0000000180096110 f   sfc_debug:sfdb_coverage.obj
 0001:00095ce0       sf_debug_cc_mark_object_if_needed 0000000180096ce0 f   sfc_debug:sfdb_coverage.obj
 0001:00096560       sf_debug_bm_initialize_eml 0000000180097560 f   sfc_debug:sfdb_breakpoints.obj
 0001:00097620       sf_debug_bm_map_debug_tag_to_breakpoint_tag 0000000180098620 f   sfc_debug:sfdb_breakpoints.obj
 0001:00097700       sf_debug_bm_is_a_eml_breakpoint_impl 0000000180098700 f   sfc_debug:sfdb_breakpoints.obj
 0001:00099030       sf_debug_sc_push_on_error_stack 000000018009a030 f   sfc_debug:sfdb_state_consistency.obj
 0001:00099150       sf_debug_sc_reset_error_stack 000000018009a150 f   sfc_debug:sfdb_state_consistency.obj
 0001:000992e0       sf_debug_sc_is_state_inconsistent 000000018009a2e0 f   sfc_debug:sfdb_state_consistency.obj
 0001:000995d0       sf_debug_sc_fill_consistency_info 000000018009a5d0 f   sfc_debug:sfdb_state_consistency.obj
 0001:00099b70       void_assertion_fcn         000000018009ab70 f   sfc_debug:sfdb_call_stack.obj
 0001:0009a0c0       sf_debug_tm_fill_local_trace 000000018009b0c0 f   sfc_debug:sfdb_call_stack.obj
 0001:0009a660       sf_debug_cd_terminate_instance 000000018009b660 f   sfc_debug:sfdb_cycle_detection.obj
 0001:0009a6c0       sf_debug_cd_free_checksum_stack 000000018009b6c0 f   sfc_debug:sfdb_cycle_detection.obj
 0001:0009a710       sf_debug_cd_reset_pack_strings 000000018009b710 f   sfc_debug:sfdb_cycle_detection.obj
 0001:0009adb0       md5file_clear              000000018009bdb0 f   sfc_debug:ckmd5.obj
 0001:0009ade0       Encode                     000000018009bde0 f   sfc_debug:ckmd5.obj
 0001:0009ae30       Decode                     000000018009be30 f   sfc_debug:ckmd5.obj
 0001:0009aed0       MD5Transform               000000018009bed0 f   sfc_debug:ckmd5.obj
 0001:0009b730       md5file_addn               000000018009c730 f   sfc_debug:ckmd5.obj
 0001:0009b800       md5file_hash               000000018009c800 f   sfc_debug:ckmd5.obj
 0001:0009bd18       pre_c_init                 000000018009cd18 f   MSVCRT:crtdll.obj
 0001:0009bfd4       __DllMainCRTStartup        000000018009cfd4 f   MSVCRT:crtdll.obj
 0001:0009c6d0       __DllMainCRTStartup$filt$0 000000018009d6d0 f   MSVCRT:crtdll.obj
 0001:0009c700       __DllMainCRTStartup$fin$1  000000018009d700 f   MSVCRT:crtdll.obj
 0001:0009c71a       _onexit$fin$0              000000018009d71a f   MSVCRT:atonexit.obj
 0001:0009c740       _IsNonwritableInCurrentImage$filt$0 000000018009d740 f   MSVCRT:pesect.obj
